../Core/Src/main.c:71:6:HAL_GPIO_EXTI_Callback	16	static
../Core/Src/main.c:81:6:HAL_TIM_PeriodElapsedCallback	16	static
../Core/Src/main.c:130:6:HAL_UART_RxCpltCallback	16	static
../Core/Src/main.c:157:6:ledToggling	16	static
../Core/Src/main.c:175:6:linStateSwitching	8	static
../Core/Src/main.c:192:6:linCorrectMsgIdCheck	4	static
../Core/Src/main.c:211:6:checkUartStaus	16	static
../Core/Src/main.c:238:5:main	32	static
../Core/Src/main.c:268:6:systemClockConfig	80	static
../Core/Src/main.c:293:13:tim6Init	16	static
../Core/Src/main.c:316:13:tim7Init	16	static
../Core/Src/main.c:339:13:tim10Init	8	static
../Core/Src/main.c:354:13:usart6Init	8	static
../Core/Src/main.c:371:13:gpioInit	48	static
../Core/Src/main.c:413:6:Error_Handler	4	static
