../Core/Src/stm32f2xx_it.c:72:6:NMI_Handler	8	static
../Core/Src/stm32f2xx_it.c:89:6:HardFault_Handler	8	static
../Core/Src/stm32f2xx_it.c:105:6:MemManage_Handler	8	static
../Core/Src/stm32f2xx_it.c:121:6:BusFault_Handler	8	static
../Core/Src/stm32f2xx_it.c:137:6:UsageFault_Handler	8	static
../Core/Src/stm32f2xx_it.c:153:6:SVC_Handler	4	static
../Core/Src/stm32f2xx_it.c:166:6:DebugMon_Handler	4	static
../Core/Src/stm32f2xx_it.c:179:6:PendSV_Handler	4	static
../Core/Src/stm32f2xx_it.c:192:6:SysTick_Handler	8	static
../Core/Src/stm32f2xx_it.c:213:6:EXTI9_5_IRQHandler	8	static
../Core/Src/stm32f2xx_it.c:227:6:TIM1_UP_TIM10_IRQHandler	8	static
../Core/Src/stm32f2xx_it.c:241:6:TIM6_DAC_IRQHandler	8	static
../Core/Src/stm32f2xx_it.c:255:6:TIM7_IRQHandler	8	static
../Core/Src/stm32f2xx_it.c:269:6:USART6_IRQHandler	8	static
