Archive member included to satisfy reference by file (symbol)

c:/st/stm32cubeide_1.11.0/stm32cubeide/plugins/com.st.stm32cube.ide.mcu.externaltools.gnu-tools-for-stm32.10.3-2021.10.win32_1.0.200.202301161003/tools/bin/../lib/gcc/arm-none-eabi/10.3.1/../../../../arm-none-eabi/lib/thumb/v7-m/nofp\libc_nano.a(lib_a-errno.o)
                              ./Core/Src/syscalls.o (__errno)
c:/st/stm32cubeide_1.11.0/stm32cubeide/plugins/com.st.stm32cube.ide.mcu.externaltools.gnu-tools-for-stm32.10.3-2021.10.win32_1.0.200.202301161003/tools/bin/../lib/gcc/arm-none-eabi/10.3.1/../../../../arm-none-eabi/lib/thumb/v7-m/nofp\libc_nano.a(lib_a-exit.o)
                              c:/st/stm32cubeide_1.11.0/stm32cubeide/plugins/com.st.stm32cube.ide.mcu.externaltools.gnu-tools-for-stm32.10.3-2021.10.win32_1.0.200.202301161003/tools/bin/../lib/gcc/arm-none-eabi/10.3.1/../../../../arm-none-eabi/lib/thumb/v7-m/nofp/crt0.o (exit)
c:/st/stm32cubeide_1.11.0/stm32cubeide/plugins/com.st.stm32cube.ide.mcu.externaltools.gnu-tools-for-stm32.10.3-2021.10.win32_1.0.200.202301161003/tools/bin/../lib/gcc/arm-none-eabi/10.3.1/../../../../arm-none-eabi/lib/thumb/v7-m/nofp\libc_nano.a(lib_a-impure.o)
                              c:/st/stm32cubeide_1.11.0/stm32cubeide/plugins/com.st.stm32cube.ide.mcu.externaltools.gnu-tools-for-stm32.10.3-2021.10.win32_1.0.200.202301161003/tools/bin/../lib/gcc/arm-none-eabi/10.3.1/../../../../arm-none-eabi/lib/thumb/v7-m/nofp\libc_nano.a(lib_a-exit.o) (_global_impure_ptr)
c:/st/stm32cubeide_1.11.0/stm32cubeide/plugins/com.st.stm32cube.ide.mcu.externaltools.gnu-tools-for-stm32.10.3-2021.10.win32_1.0.200.202301161003/tools/bin/../lib/gcc/arm-none-eabi/10.3.1/../../../../arm-none-eabi/lib/thumb/v7-m/nofp\libc_nano.a(lib_a-init.o)
                              c:/st/stm32cubeide_1.11.0/stm32cubeide/plugins/com.st.stm32cube.ide.mcu.externaltools.gnu-tools-for-stm32.10.3-2021.10.win32_1.0.200.202301161003/tools/bin/../lib/gcc/arm-none-eabi/10.3.1/../../../../arm-none-eabi/lib/thumb/v7-m/nofp/crt0.o (__libc_init_array)
c:/st/stm32cubeide_1.11.0/stm32cubeide/plugins/com.st.stm32cube.ide.mcu.externaltools.gnu-tools-for-stm32.10.3-2021.10.win32_1.0.200.202301161003/tools/bin/../lib/gcc/arm-none-eabi/10.3.1/../../../../arm-none-eabi/lib/thumb/v7-m/nofp\libc_nano.a(lib_a-itoa.o)
                              ./Core/Src/userFiles/adc/adc.o (itoa)
c:/st/stm32cubeide_1.11.0/stm32cubeide/plugins/com.st.stm32cube.ide.mcu.externaltools.gnu-tools-for-stm32.10.3-2021.10.win32_1.0.200.202301161003/tools/bin/../lib/gcc/arm-none-eabi/10.3.1/../../../../arm-none-eabi/lib/thumb/v7-m/nofp\libc_nano.a(lib_a-memset.o)
                              c:/st/stm32cubeide_1.11.0/stm32cubeide/plugins/com.st.stm32cube.ide.mcu.externaltools.gnu-tools-for-stm32.10.3-2021.10.win32_1.0.200.202301161003/tools/bin/../lib/gcc/arm-none-eabi/10.3.1/../../../../arm-none-eabi/lib/thumb/v7-m/nofp/crt0.o (memset)
c:/st/stm32cubeide_1.11.0/stm32cubeide/plugins/com.st.stm32cube.ide.mcu.externaltools.gnu-tools-for-stm32.10.3-2021.10.win32_1.0.200.202301161003/tools/bin/../lib/gcc/arm-none-eabi/10.3.1/../../../../arm-none-eabi/lib/thumb/v7-m/nofp\libc_nano.a(lib_a-strcat.o)
                              ./Core/Src/userFiles/adc/adc.o (strcat)
c:/st/stm32cubeide_1.11.0/stm32cubeide/plugins/com.st.stm32cube.ide.mcu.externaltools.gnu-tools-for-stm32.10.3-2021.10.win32_1.0.200.202301161003/tools/bin/../lib/gcc/arm-none-eabi/10.3.1/../../../../arm-none-eabi/lib/thumb/v7-m/nofp\libc_nano.a(lib_a-strlen.o)
                              ./Core/Src/userFiles/adc/adc.o (strlen)
c:/st/stm32cubeide_1.11.0/stm32cubeide/plugins/com.st.stm32cube.ide.mcu.externaltools.gnu-tools-for-stm32.10.3-2021.10.win32_1.0.200.202301161003/tools/bin/../lib/gcc/arm-none-eabi/10.3.1/../../../../arm-none-eabi/lib/thumb/v7-m/nofp\libc_nano.a(lib_a-utoa.o)
                              c:/st/stm32cubeide_1.11.0/stm32cubeide/plugins/com.st.stm32cube.ide.mcu.externaltools.gnu-tools-for-stm32.10.3-2021.10.win32_1.0.200.202301161003/tools/bin/../lib/gcc/arm-none-eabi/10.3.1/../../../../arm-none-eabi/lib/thumb/v7-m/nofp\libc_nano.a(lib_a-itoa.o) (__utoa)
c:/st/stm32cubeide_1.11.0/stm32cubeide/plugins/com.st.stm32cube.ide.mcu.externaltools.gnu-tools-for-stm32.10.3-2021.10.win32_1.0.200.202301161003/tools/bin/../lib/gcc/arm-none-eabi/10.3.1/thumb/v7-m/nofp\libgcc.a(_arm_muldf3.o)
                              ./Core/Src/userFiles/adc/adc.o (__aeabi_dmul)
c:/st/stm32cubeide_1.11.0/stm32cubeide/plugins/com.st.stm32cube.ide.mcu.externaltools.gnu-tools-for-stm32.10.3-2021.10.win32_1.0.200.202301161003/tools/bin/../lib/gcc/arm-none-eabi/10.3.1/thumb/v7-m/nofp\libgcc.a(_arm_mulsf3.o)
                              ./Core/Src/userFiles/adc/adc.o (__aeabi_fmul)
c:/st/stm32cubeide_1.11.0/stm32cubeide/plugins/com.st.stm32cube.ide.mcu.externaltools.gnu-tools-for-stm32.10.3-2021.10.win32_1.0.200.202301161003/tools/bin/../lib/gcc/arm-none-eabi/10.3.1/thumb/v7-m/nofp\libgcc.a(_arm_addsubdf3.o)
[...]
Memory Configuration

Name             Origin             Length             Attributes
RAM              0x0000000020000000 0x0000000000010000 xrw
FLASH            0x0000000008000000 0x0000000000010000 xr
*default*        0x0000000000000000 0xffffffffffffffff

Linker script and memory map

LOAD c:/st/stm32cubeide_1.11.0/stm32cubeide/plugins/com.st.stm32cube.ide.mcu.externaltools.gnu-tools-for-stm32.10.3-2021.10.win32_1.0.200.202301161003/tools/bin/../lib/gcc/arm-none-eabi/10.3.1/thumb/v7-m/nofp/crti.o
LOAD c:/st/stm32cubeide_1.11.0/stm32cubeide/plugins/com.st.stm32cube.ide.mcu.externaltools.gnu-tools-for-stm32.10.3-2021.10.win32_1.0.200.202301161003/tools/bin/../lib/gcc/arm-none-eabi/10.3.1/thumb/v7-m/nofp/crtbegin.o
LOAD c:/st/stm32cubeide_1.11.0/stm32cubeide/plugins/com.st.stm32cube.ide.mcu.externaltools.gnu-tools-for-stm32.10.3-2021.10.win32_1.0.200.202301161003/tools/bin/../lib/gcc/arm-none-eabi/10.3.1/../../../../arm-none-eabi/lib/thumb/v7-m/nofp/crt0.o
LOAD ./Core/Src/main.o
LOAD ./Core/Src/stm32f1xx_hal_msp.o
LOAD ./Core/Src/stm32f1xx_it.o
LOAD ./Core/Src/syscalls.o
LOAD ./Core/Src/sysmem.o
LOAD ./Core/Src/system_stm32f1xx.o
LOAD ./Core/Src/userFiles/adc/adc.o
LOAD ./Core/Src/userFiles/canBus/canConfig.o
LOAD ./Core/Src/userFiles/canBus/canRx.o
LOAD ./Core/Src/userFiles/canBus/canTx.o
LOAD ./Core/Src/userFiles/inits/inits.o
LOAD ./Core/Src/userFiles/linBus/linRx.o
LOAD ./Core/Src/userFiles/uartRequests/uartRx.o
LOAD ./Core/Src/userFiles/uartRequests/uartTx.o
LOAD ./Core/Startup/startup_stm32f105r8tx.o
LOAD ./Drivers/STM32F1xx_HAL_Driver/Src/stm32f1xx_hal.o
LOAD ./Drivers/STM32F1xx_HAL_Driver/Src/stm32f1xx_hal_adc.o
LOAD ./Drivers/STM32F1xx_HAL_Driver/Src/stm32f1xx_hal_adc_ex.o
LOAD ./Drivers/STM32F1xx_HAL_Driver/Src/stm32f1xx_hal_can.o
LOAD ./Drivers/STM32F1xx_HAL_Driver/Src/stm32f1xx_hal_cortex.o
LOAD ./Drivers/STM32F1xx_HAL_Driver/Src/stm32f1xx_hal_dma.o
LOAD ./Drivers/STM32F1xx_HAL_Driver/Src/stm32f1xx_hal_exti.o
LOAD ./Drivers/STM32F1xx_HAL_Driver/Src/stm32f1xx_hal_flash.o
LOAD ./Drivers/STM32F1xx_HAL_Driver/Src/stm32f1xx_hal_flash_ex.o
LOAD ./Drivers/STM32F1xx_HAL_Driver/Src/stm32f1xx_hal_gpio.o
LOAD ./Drivers/STM32F1xx_HAL_Driver/Src/stm32f1xx_hal_gpio_ex.o
LOAD ./Drivers/STM32F1xx_HAL_Driver/Src/stm32f1xx_hal_pwr.o
LOAD ./Drivers/STM32F1xx_HAL_Driver/Src/stm32f1xx_hal_rcc.o
LOAD ./Drivers/STM32F1xx_HAL_Driver/Src/stm32f1xx_hal_rcc_ex.o
LOAD ./Drivers/STM32F1xx_HAL_Driver/Src/stm32f1xx_hal_tim.o
LOAD ./Drivers/STM32F1xx_HAL_Driver/Src/stm32f1xx_hal_tim_ex.o
LOAD ./Drivers/STM32F1xx_HAL_Driver/Src/stm32f1xx_hal_uart.o
START GROUP
LOAD c:/st/stm32cubeide_1.11.0/stm32cubeide/plugins/com.st.stm32cube.ide.mcu.externaltools.gnu-tools-for-stm32.10.3-2021.10.win32_1.0.200.202301161003/tools/bin/../lib/gcc/arm-none-eabi/10.3.1/../../../../arm-none-eabi/lib/thumb/v7-m/nofp\libc_nano.a
LOAD c:/st/stm32cubeide_1.11.0/stm32cubeide/plugins/com.st.stm32cube.ide.mcu.externaltools.gnu-tools-for-stm32.10.3-2021.10.win32_1.0.200.202301161003/tools/bin/../lib/gcc/arm-none-eabi/10.3.1/../../../../arm-none-eabi/lib/thumb/v7-m/nofp\libm.a
END GROUP
START GROUP
LOAD c:/st/stm32cubeide_1.11.0/stm32cubeide/plugins/com.st.stm32cube.ide.mcu.externaltools.gnu-tools-for-stm32.10.3-2021.10.win32_1.0.200.202301161003/tools/bin/../lib/gcc/arm-none-eabi/10.3.1/thumb/v7-m/nofp\libgcc.a
LOAD c:/st/stm32cubeide_1.11.0/stm32cubeide/plugins/com.st.stm32cube.ide.mcu.externaltools.gnu-tools-for-stm32.10.3-2021.10.win32_1.0.200.202301161003/tools/bin/../lib/gcc/arm-none-eabi/10.3.1/../../../../arm-none-eabi/lib/thumb/v7-m/nofp\libc_nano.a
END GROUP
START GROUP
LOAD c:/st/stm32cubeide_1.11.0/stm32cubeide/plugins/com.st.stm32cube.ide.mcu.externaltools.gnu-tools-for-stm32.10.3-2021.10.win32_1.0.200.202301161003/tools/bin/../lib/gcc/arm-none-eabi/10.3.1/thumb/v7-m/nofp\libgcc.a
LOAD c:/st/stm32cubeide_1.11.0/stm32cubeide/plugins/com.st.stm32cube.ide.mcu.externaltools.gnu-tools-for-stm32.10.3-2021.10.win32_1.0.200.202301161003/tools/bin/../lib/gcc/arm-none-eabi/10.3.1/../../../../arm-none-eabi/lib/thumb/v7-m/nofp\libc_nano.a
LOAD c:/st/stm32cubeide_1.11.0/stm32cubeide/plugins/com.st.stm32cube.ide.mcu.externaltools.gnu-tools-for-stm32.10.3-2021.10.win32_1.0.200.202301161003/tools/bin/../lib/gcc/arm-none-eabi/10.3.1/../../../../arm-none-eabi/lib/thumb/v7-m/nofp\libnosys.a
END GROUP
START GROUP
LOAD c:/st/stm32cubeide_1.11.0/stm32cubeide/plugins/com.st.stm32cube.ide.mcu.externaltools.gnu-tools-for-stm32.10.3-2021.10.win32_1.0.200.202301161003/tools/bin/../lib/gcc/arm-none-eabi/10.3.1/thumb/v7-m/nofp\libgcc.a
LOAD c:/st/stm32cubeide_1.11.0/stm32cubeide/plugins/com.st.stm32cube.ide.mcu.externaltools.gnu-tools-for-stm32.10.3-2021.10.win32_1.0.200.202301161003/tools/bin/../lib/gcc/arm-none-eabi/10.3.1/../../../../arm-none-eabi/lib/thumb/v7-m/nofp\libc_nano.a
LOAD c:/st/stm32cubeide_1.11.0/stm32cubeide/plugins/com.st.stm32cube.ide.mcu.externaltools.gnu-tools-for-stm32.10.3-2021.10.win32_1.0.200.202301161003/tools/bin/../lib/gcc/arm-none-eabi/10.3.1/../../../../arm-none-eabi/lib/thumb/v7-m/nofp\libnosys.a
END GROUP
LOAD c:/st/stm32cubeide_1.11.0/stm32cubeide/plugins/com.st.stm32cube.ide.mcu.externaltools.gnu-tools-for-stm32.10.3-2021.10.win32_1.0.200.202301161003/tools/bin/../lib/gcc/arm-none-eabi/10.3.1/thumb/v7-m/nofp/crtend.o
LOAD c:/st/stm32cubeide_1.11.0/stm32cubeide/plugins/com.st.stm32cube.ide.mcu.externaltools.gnu-tools-for-stm32.10.3-2021.10.win32_1.0.200.202301161003/tools/bin/../lib/gcc/arm-none-eabi/10.3.1/thumb/v7-m/nofp/crtn.o
                0x0000000020010000                _estack = (ORIGIN (RAM) + LENGTH (RAM))
                0x0000000000000200                _Min_Heap_Size = 0x200
                0x0000000000000400                _Min_Stack_Size = 0x400

.isr_vector     0x0000000008000000      0x1e4
                0x0000000008000000                . = ALIGN (0x4)
 *(.isr_vector)
 .isr_vector    0x0000000008000000      0x1e4 ./Core/Startup/startup_stm32f105r8tx.o
                0x0000000008000000                g_pfnVectors
                0x00000000080001e4                . = ALIGN (0x4)

.text           0x00000000080001e8     0x7734
                0x00000000080001e8                . = ALIGN (0x4)
 *(.text)
 .text          0x00000000080001e8       0x40 c:/st/stm32cubeide_1.11.0/stm32cubeide/plugins/com.st.stm32cube.ide.mcu.externaltools.gnu-tools-for-stm32.10.3-2021.10.win32_1.0.200.202301161003/tools/bin/../lib/gcc/arm-none-eabi/10.3.1/thumb/v7-m/nofp/crtbegin.o
 .text          0x0000000008000228       0x10 c:/st/stm32cubeide_1.11.0/stm32cubeide/plugins/com.st.stm32cube.ide.mcu.externaltools.gnu-tools-for-stm32.10.3-2021.10.win32_1.0.200.202301161003/tools/bin/../lib/gcc/arm-none-eabi/10.3.1/../../../../arm-none-eabi/lib/thumb/v7-m/nofp\libc_nano.a(lib_a-strlen.o)
                0x0000000008000228                strlen
 .text          0x0000000008000238      0x378 c:/st/stm32cubeide_1.11.0/stm32cubeide/plugins/com.st.stm32cube.ide.mcu.externaltools.gnu-tools-for-stm32.10.3-2021.10.win32_1.0.200.202301161003/tools/bin/../lib/gcc/arm-none-eabi/10.3.1/thumb/v7-m/nofp\libgcc.a(_arm_addsubdf3.o)
                0x0000000008000238                __aeabi_drsub
                0x0000000008000240                __aeabi_dsub
                0x0000000008000240                __subdf3
                0x0000000008000244                __aeabi_dadd
                0x0000000008000244                __adddf3
                0x00000000080004bc                __floatunsidf
                0x00000000080004bc                __aeabi_ui2d
                0x00000000080004dc                __floatsidf
                0x00000000080004dc                __aeabi_i2d
                0x0000000008000500                __aeabi_f2d
                0x0000000008000500                __extendsfdf2
                0x0000000008000544                __floatundidf
                0x0000000008000544                __aeabi_ul2d
                0x0000000008000554                __floatdidf
                0x0000000008000554                __aeabi_l2d
 .text          0x00000000080005b0      0x424 c:/st/stm32cubeide_1.11.0/stm32cubeide/plugins/com.st.stm32cube.ide.mcu.externaltools.gnu-tools-for-stm32.10.3-2021.10.win32_1.0.200.202301161003/tools/bin/../lib/gcc/arm-none-eabi/10.3.1/thumb/v7-m/nofp\libgcc.a(_arm_muldivdf3.o)
                0x00000000080005b0                __aeabi_dmul
                0x00000000080005b0                __muldf3
                0x0000000008000804                __divdf3
                0x0000000008000804                __aeabi_ddiv
 .text          0x00000000080009d4       0xa0 c:/st/stm32cubeide_1.11.0/stm32cubeide/plugins/com.st.stm32cube.ide.mcu.externaltools.gnu-tools-for-stm32.10.3-2021.10.win32_1.0.200.202301161003/tools/bin/../lib/gcc/arm-none-eabi/10.3.1/thumb/v7-m/nofp\libgcc.a(_arm_truncdfsf2.o)
                0x00000000080009d4                __truncdfsf2
                0x00000000080009d4                __aeabi_d2f
 .text          0x0000000008000a74      0x21c c:/st/stm32cubeide_1.11.0/stm32cubeide/plugins/com.st.stm32cube.ide.mcu.externaltools.gnu-tools-for-stm32.10.3-2021.10.win32_1.0.200.202301161003/tools/bin/../lib/gcc/arm-none-eabi/10.3.1/thumb/v7-m/nofp\libgcc.a(_arm_addsubsf3.o)
                0x0000000008000a74                __aeabi_frsub
                0x0000000008000a7c                __subsf3
                0x0000000008000a7c                __aeabi_fsub
                0x0000000008000a80                __aeabi_fadd
                0x0000000008000a80                __addsf3
                0x0000000008000be0                __aeabi_ui2f
                0x0000000008000be0                __floatunsisf
                0x0000000008000be8                __aeabi_i2f
                0x0000000008000be8                __floatsisf
                0x0000000008000c04                __aeabi_ul2f
                0x0000000008000c04                __floatundisf
                0x0000000008000c14                __aeabi_l2f
                0x0000000008000c14                __floatdisf
 .text          0x0000000008000c90      0x2a0 c:/st/stm32cubeide_1.11.0/stm32cubeide/plugins/com.st.stm32cube.ide.mcu.externaltools.gnu-tools-for-stm32.10.3-2021.10.win32_1.0.200.202301161003/tools/bin/../lib/gcc/arm-none-eabi/10.3.1/thumb/v7-m/nofp\libgcc.a(_arm_muldivsf3.o)
                0x0000000008000c90                __mulsf3
                0x0000000008000c90                __aeabi_fmul
                0x0000000008000df8                __aeabi_fdiv
                0x0000000008000df8                __divsf3
 .text          0x0000000008000f30       0xec c:/st/stm32cubeide_1.11.0/stm32cubeide/plugins/com.st.stm32cube.ide.mcu.externaltools.gnu-tools-for-stm32.10.3-2021.10.win32_1.0.200.202301161003/tools/bin/../lib/gcc/arm-none-eabi/10.3.1/thumb/v7-m/nofp\libgcc.a(_arm_cmpsf2.o)
                0x0000000008000f30                __gesf2
                0x0000000008000f30                __gtsf2
                0x0000000008000f38                __lesf2
                0x0000000008000f38                __ltsf2
                0x0000000008000f40                __nesf2
                0x0000000008000f40                __eqsf2
                0x0000000008000f40                __cmpsf2
                0x0000000008000fa0                __aeabi_cfrcmple
                0x0000000008000fa8                __aeabi_cfcmpeq
                0x0000000008000fa8                __aeabi_cfcmple
                0x0000000008000fb8                __aeabi_fcmpeq
                0x0000000008000fcc                __aeabi_fcmplt
                0x0000000008000fe0                __aeabi_fcmple
                0x0000000008000ff4                __aeabi_fcmpge
                0x0000000008001008                __aeabi_fcmpgt
 .text          0x000000000800101c       0x4c c:/st/stm32cubeide_1.11.0/stm32cubeide/plugins/com.st.stm32cube.ide.mcu.externaltools.gnu-tools-for-stm32.10.3-2021.10.win32_1.0.200.202301161003/tools/bin/../lib/gcc/arm-none-eabi/10.3.1/thumb/v7-m/nofp\libgcc.a(_arm_fixsfsi.o)
                0x000000000800101c                __aeabi_f2iz
                0x000000000800101c                __fixsfsi
 .text          0x0000000008001068       0x30 c:/st/stm32cubeide_1.11.0/stm32cubeide/plugins/com.st.stm32cube.ide.mcu.externaltools.gnu-tools-for-stm32.10.3-2021.10.win32_1.0.200.202301161003/tools/bin/../lib/gcc/arm-none-eabi/10.3.1/thumb/v7-m/nofp\libgcc.a(_aeabi_uldivmod.o)
                0x0000000008001068                __aeabi_uldivmod
 .text          0x0000000008001098      0x2d4 c:/st/stm32cubeide_1.11.0/stm32cubeide/plugins/com.st.stm32cube.ide.mcu.externaltools.gnu-tools-for-stm32.10.3-2021.10.win32_1.0.200.202301161003/tools/bin/../lib/gcc/arm-none-eabi/10.3.1/thumb/v7-m/nofp\libgcc.a(_udivmoddi4.o)
                0x0000000008001098                __udivmoddi4
 .text          0x000000000800136c        0x4 c:/st/stm32cubeide_1.11.0/stm32cubeide/plugins/com.st.stm32cube.ide.mcu.externaltools.gnu-tools-for-stm32.10.3-2021.10.win32_1.0.200.202301161003/tools/bin/../lib/gcc/arm-none-eabi/10.3.1/thumb/v7-m/nofp\libgcc.a(_dvmd_tls.o)
                0x000000000800136c                __aeabi_idiv0
                0x000000000800136c                __aeabi_ldiv0
 *(.text*)
 .text.HAL_TIM_PeriodElapsedCallback
                0x0000000008001370       0x2c ./Core/Src/main.o
                0x0000000008001370                HAL_TIM_PeriodElapsedCallback
 .text.main     0x000000000800139c      0x408 ./Core/Src/main.o
                0x000000000800139c                main
 .text.SystemClock_Config
                0x00000000080017a4       0xac ./Core/Src/main.o
                0x00000000080017a4                SystemClock_Config
 .text.MX_ADC1_Init
                0x0000000008001850       0x54 ./Core/Src/main.o
 .text.MX_CAN1_Init
                0x00000000080018a4       0x6c ./Core/Src/main.o
 .text.MX_CAN2_Init
                0x0000000008001910       0x6c ./Core/Src/main.o
 .text.MX_TIM6_Init
                0x000000000800197c       0x6c ./Core/Src/main.o
 .text.MX_TIM7_Init
                0x00000000080019e8       0x70 ./Core/Src/main.o
 .text.MX_USART1_UART_Init
                0x0000000008001a58       0x54 ./Core/Src/main.o
 .text.MX_USART2_UART_Init
                0x0000000008001aac       0x50 ./Core/Src/main.o
 .text.MX_DMA_Init
                0x0000000008001afc       0x4c ./Core/Src/main.o
 .text.MX_GPIO_Init
                0x0000000008001b48      0x130 ./Core/Src/main.o
 .text.Error_Handler
                0x0000000008001c78       0x14 ./Core/Src/main.o
                0x0000000008001c78                Error_Handler
 .text.HAL_MspInit
                0x0000000008001c8c       0x64 ./Core/Src/stm32f1xx_hal_msp.o
                0x0000000008001c8c                HAL_MspInit
 .text.HAL_ADC_MspInit
                0x0000000008001cf0       0xe8 ./Core/Src/stm32f1xx_hal_msp.o
                0x0000000008001cf0                HAL_ADC_MspInit
 .text.HAL_CAN_MspInit
                0x0000000008001dd8      0x1d4 ./Core/Src/stm32f1xx_hal_msp.o
                0x0000000008001dd8                HAL_CAN_MspInit
 .text.HAL_TIM_Base_MspInit
                0x0000000008001fac       0x74 ./Core/Src/stm32f1xx_hal_msp.o
                0x0000000008001fac                HAL_TIM_Base_MspInit
 .text.HAL_UART_MspInit
                0x0000000008002020      0x1d0 ./Core/Src/stm32f1xx_hal_msp.o
                0x0000000008002020                HAL_UART_MspInit
 .text.NMI_Handler
                0x00000000080021f0        0x6 ./Core/Src/stm32f1xx_it.o
                0x00000000080021f0                NMI_Handler
 .text.HardFault_Handler
                0x00000000080021f6        0x6 ./Core/Src/stm32f1xx_it.o
                0x00000000080021f6                HardFault_Handler
 .text.MemManage_Handler
                0x00000000080021fc        0x6 ./Core/Src/stm32f1xx_it.o
                0x00000000080021fc                MemManage_Handler
 .text.BusFault_Handler
                0x0000000008002202        0x6 ./Core/Src/stm32f1xx_it.o
                0x0000000008002202                BusFault_Handler
 .text.UsageFault_Handler
                0x0000000008002208        0x6 ./Core/Src/stm32f1xx_it.o
                0x0000000008002208                UsageFault_Handler
 .text.SVC_Handler
                0x000000000800220e        0xc ./Core/Src/stm32f1xx_it.o
                0x000000000800220e                SVC_Handler
 .text.DebugMon_Handler
                0x000000000800221a        0xc ./Core/Src/stm32f1xx_it.o
                0x000000000800221a                DebugMon_Handler
 .text.PendSV_Handler
                0x0000000008002226        0xc ./Core/Src/stm32f1xx_it.o
                0x0000000008002226                PendSV_Handler
 .text.SysTick_Handler
                0x0000000008002232        0xc ./Core/Src/stm32f1xx_it.o
                0x0000000008002232                SysTick_Handler
 *fill*         0x000000000800223e        0x2 
 .text.DMA1_Channel5_IRQHandler
                0x0000000008002240       0x14 ./Core/Src/stm32f1xx_it.o
                0x0000000008002240                DMA1_Channel5_IRQHandler
 .text.DMA1_Channel6_IRQHandler
                0x0000000008002254       0x14 ./Core/Src/stm32f1xx_it.o
                0x0000000008002254                DMA1_Channel6_IRQHandler
 .text.ADC1_2_IRQHandler
                0x0000000008002268       0x14 ./Core/Src/stm32f1xx_it.o
                0x0000000008002268                ADC1_2_IRQHandler
 .text.CAN1_TX_IRQHandler
                0x000000000800227c       0x14 ./Core/Src/stm32f1xx_it.o
                0x000000000800227c                CAN1_TX_IRQHandler
 .text.CAN1_RX0_IRQHandler
                0x0000000008002290       0x14 ./Core/Src/stm32f1xx_it.o
                0x0000000008002290                CAN1_RX0_IRQHandler
 .text.CAN1_SCE_IRQHandler
                0x00000000080022a4       0x14 ./Core/Src/stm32f1xx_it.o
                0x00000000080022a4                CAN1_SCE_IRQHandler
 .text.EXTI9_5_IRQHandler
                0x00000000080022b8        0xe ./Core/Src/stm32f1xx_it.o
                0x00000000080022b8                EXTI9_5_IRQHandler
 *fill*         0x00000000080022c6        0x2 
 .text.USART1_IRQHandler
                0x00000000080022c8       0x14 ./Core/Src/stm32f1xx_it.o
                0x00000000080022c8                USART1_IRQHandler
 .text.USART2_IRQHandler
                0x00000000080022dc       0x14 ./Core/Src/stm32f1xx_it.o
                0x00000000080022dc                USART2_IRQHandler
 .text.TIM7_IRQHandler
                0x00000000080022f0       0x14 ./Core/Src/stm32f1xx_it.o
                0x00000000080022f0                TIM7_IRQHandler
 .text.CAN2_TX_IRQHandler
                0x0000000008002304       0x14 ./Core/Src/stm32f1xx_it.o
                0x0000000008002304                CAN2_TX_IRQHandler
 .text.CAN2_RX1_IRQHandler
                0x0000000008002318       0x14 ./Core/Src/stm32f1xx_it.o
                0x0000000008002318                CAN2_RX1_IRQHandler
 .text.CAN2_SCE_IRQHandler
                0x000000000800232c       0x14 ./Core/Src/stm32f1xx_it.o
                0x000000000800232c                CAN2_SCE_IRQHandler
 .text.SystemInit
                0x0000000008002340        0xc ./Core/Src/system_stm32f1xx.o
                0x0000000008002340                SystemInit
 .text.inits_adcChannelInit
                0x000000000800234c       0xac ./Core/Src/userFiles/adc/adc.o
                0x000000000800234c                inits_adcChannelInit
 .text.adc_select
                0x00000000080023f8       0x6c ./Core/Src/userFiles/adc/adc.o
 .text.adc_getDecimalValue
                0x0000000008002464       0x42 ./Core/Src/userFiles/adc/adc.o
 *fill*         0x00000000080024a6        0x2 
 .text.adc_VoltageToString
                0x00000000080024a8      0x138 ./Core/Src/userFiles/adc/adc.o
 .text.adc_sendAdcData
                0x00000000080025e0      0x3ac ./Core/Src/userFiles/adc/adc.o
                0x00000000080025e0                adc_sendAdcData
 .text.canConfig_filterConfig
                0x000000000800298c       0x98 ./Core/Src/userFiles/canBus/canConfig.o
                0x000000000800298c                canConfig_filterConfig
 .text.canConfig_startCans
                0x0000000008002a24       0x3a ./Core/Src/userFiles/canBus/canConfig.o
 *fill*         0x0000000008002a5e        0x2 
 .text.canRx_isCanOk
                0x0000000008002a60       0x34 ./Core/Src/userFiles/canBus/canRx.o
                0x0000000008002a60                canRx_isCanOk
 .text.HAL_CAN_RxFifo0MsgPendingCallback
                0x0000000008002a94       0x54 ./Core/Src/userFiles/canBus/canRx.o
                0x0000000008002a94                HAL_CAN_RxFifo0MsgPendingCallback
 .text.HAL_CAN_RxFifo1MsgPendingCallback
                0x0000000008002ae8       0x54 ./Core/Src/userFiles/canBus/canRx.o
                0x0000000008002ae8                HAL_CAN_RxFifo1MsgPendingCallback
 .text.canTx_sendMsg
                0x0000000008002b3c       0x56 ./Core/Src/userFiles/canBus/canTx.o
                0x0000000008002b3c                canTx_sendMsg
 *fill*         0x0000000008002b92        0x2 
 .text.inits_canInit
                0x0000000008002b94       0x7c ./Core/Src/userFiles/inits/inits.o
                0x0000000008002b94                inits_canInit
 .text.inits_linInit
                0x0000000008002c10       0x32 ./Core/Src/userFiles/inits/inits.o
                0x0000000008002c10                inits_linInit
 *fill*         0x0000000008002c42        0x2 
 .text.HAL_UART_RxHalfCpltCallback
                0x0000000008002c44       0x38 ./Core/Src/userFiles/linBus/linRx.o
                0x0000000008002c44                HAL_UART_RxHalfCpltCallback
 .text.HAL_UART_RxCpltCallback
                0x0000000008002c7c       0x2c ./Core/Src/userFiles/uartRequests/uartRx.o
                0x0000000008002c7c                HAL_UART_RxCpltCallback
 .text.uartRx_isLinOk
                0x0000000008002ca8       0x58 ./Core/Src/userFiles/uartRequests/uartRx.o
                0x0000000008002ca8                uartRx_isLinOk
 .text.uart_sendStatus
                0x0000000008002d00       0x3a ./Core/Src/userFiles/uartRequests/uartTx.o
                0x0000000008002d00                uart_sendStatus
 *fill*         0x0000000008002d3a        0x2 
 .text.Reset_Handler
                0x0000000008002d3c       0x48 ./Core/Startup/startup_stm32f105r8tx.o
                0x0000000008002d3c                Reset_Handler
 .text.Default_Handler
                0x0000000008002d84        0x2 ./Core/Startup/startup_stm32f105r8tx.o
                0x0000000008002d84                RTC_Alarm_IRQHandler
                0x0000000008002d84                EXTI2_IRQHandler
                0x0000000008002d84                TIM1_CC_IRQHandler
                0x0000000008002d84                TIM6_IRQHandler
                0x0000000008002d84                PVD_IRQHandler
                0x0000000008002d84                EXTI3_IRQHandler
                0x0000000008002d84                EXTI0_IRQHandler
                0x0000000008002d84                I2C2_EV_IRQHandler
                0x0000000008002d84                SPI1_IRQHandler
                0x0000000008002d84                TAMPER_IRQHandler
                0x0000000008002d84                CAN2_RX0_IRQHandler
                0x0000000008002d84                DMA2_Channel2_IRQHandler
                0x0000000008002d84                DMA1_Channel4_IRQHandler
                0x0000000008002d84                USART3_IRQHandler
                0x0000000008002d84                RTC_IRQHandler
                0x0000000008002d84                DMA1_Channel7_IRQHandler
                0x0000000008002d84                CAN1_RX1_IRQHandler
                0x0000000008002d84                UART5_IRQHandler
                0x0000000008002d84                TIM4_IRQHandler
                0x0000000008002d84                DMA2_Channel1_IRQHandler
                0x0000000008002d84                I2C1_EV_IRQHandler
                0x0000000008002d84                UART4_IRQHandler
                0x0000000008002d84                DMA2_Channel4_IRQHandler
                0x0000000008002d84                TIM3_IRQHandler
                0x0000000008002d84                RCC_IRQHandler
                0x0000000008002d84                TIM1_TRG_COM_IRQHandler
                0x0000000008002d84                DMA1_Channel1_IRQHandler
                0x0000000008002d84                Default_Handler
                0x0000000008002d84                EXTI15_10_IRQHandler
                0x0000000008002d84                TIM5_IRQHandler
                0x0000000008002d84                SPI2_IRQHandler
                0x0000000008002d84                DMA2_Channel5_IRQHandler
                0x0000000008002d84                EXTI4_IRQHandler
                0x0000000008002d84                DMA1_Channel3_IRQHandler
                0x0000000008002d84                TIM1_UP_IRQHandler
                0x0000000008002d84                WWDG_IRQHandler
                0x0000000008002d84                TIM2_IRQHandler
                0x0000000008002d84                OTG_FS_WKUP_IRQHandler
                0x0000000008002d84                TIM1_BRK_IRQHandler
                0x0000000008002d84                EXTI1_IRQHandler
                0x0000000008002d84                I2C2_ER_IRQHandler
                0x0000000008002d84                DMA1_Channel2_IRQHandler
                0x0000000008002d84                FLASH_IRQHandler
                0x0000000008002d84                OTG_FS_IRQHandler
                0x0000000008002d84                SPI3_IRQHandler
                0x0000000008002d84                I2C1_ER_IRQHandler
                0x0000000008002d84                DMA2_Channel3_IRQHandler
 *fill*         0x0000000008002d86        0x2 
 .text.HAL_Init
                0x0000000008002d88       0x2c ./Drivers/STM32F1xx_HAL_Driver/Src/stm32f1xx_hal.o
                0x0000000008002d88                HAL_Init
 .text.HAL_InitTick
                0x0000000008002db4       0x60 ./Drivers/STM32F1xx_HAL_Driver/Src/stm32f1xx_hal.o
                0x0000000008002db4                HAL_InitTick
 .text.HAL_IncTick
                0x0000000008002e14       0x24 ./Drivers/STM32F1xx_HAL_Driver/Src/stm32f1xx_hal.o
                0x0000000008002e14                HAL_IncTick
 .text.HAL_GetTick
                0x0000000008002e38       0x14 ./Drivers/STM32F1xx_HAL_Driver/Src/stm32f1xx_hal.o
                0x0000000008002e38                HAL_GetTick
 .text.HAL_Delay
                0x0000000008002e4c       0x48 ./Drivers/STM32F1xx_HAL_Driver/Src/stm32f1xx_hal.o
                0x0000000008002e4c                HAL_Delay
 .text.HAL_ADC_Init
                0x0000000008002e94      0x1b0 ./Drivers/STM32F1xx_HAL_Driver/Src/stm32f1xx_hal_adc.o
                0x0000000008002e94                HAL_ADC_Init
 .text.HAL_ADC_Start
                0x0000000008003044      0x15c ./Drivers/STM32F1xx_HAL_Driver/Src/stm32f1xx_hal_adc.o
                0x0000000008003044                HAL_ADC_Start
 .text.HAL_ADC_Stop
                0x00000000080031a0       0x58 ./Drivers/STM32F1xx_HAL_Driver/Src/stm32f1xx_hal_adc.o
                0x00000000080031a0                HAL_ADC_Stop
 .text.HAL_ADC_PollForConversion
                0x00000000080031f8      0x20c ./Drivers/STM32F1xx_HAL_Driver/Src/stm32f1xx_hal_adc.o
                0x00000000080031f8                HAL_ADC_PollForConversion
 .text.HAL_ADC_GetValue
                0x0000000008003404       0x18 ./Drivers/STM32F1xx_HAL_Driver/Src/stm32f1xx_hal_adc.o
                0x0000000008003404                HAL_ADC_GetValue
 .text.HAL_ADC_IRQHandler
                0x000000000800341c      0x186 ./Drivers/STM32F1xx_HAL_Driver/Src/stm32f1xx_hal_adc.o
                0x000000000800341c                HAL_ADC_IRQHandler
 .text.HAL_ADC_ConvCpltCallback
                0x00000000080035a2       0x12 ./Drivers/STM32F1xx_HAL_Driver/Src/stm32f1xx_hal_adc.o
                0x00000000080035a2                HAL_ADC_ConvCpltCallback
 .text.HAL_ADC_LevelOutOfWindowCallback
                0x00000000080035b4       0x12 ./Drivers/STM32F1xx_HAL_Driver/Src/stm32f1xx_hal_adc.o
                0x00000000080035b4                HAL_ADC_LevelOutOfWindowCallback
 *fill*         0x00000000080035c6        0x2 
 .text.HAL_ADC_ConfigChannel
                0x00000000080035c8      0x1f0 ./Drivers/STM32F1xx_HAL_Driver/Src/stm32f1xx_hal_adc.o
                0x00000000080035c8                HAL_ADC_ConfigChannel
 .text.ADC_Enable
                0x00000000080037b8       0xb4 ./Drivers/STM32F1xx_HAL_Driver/Src/stm32f1xx_hal_adc.o
                0x00000000080037b8                ADC_Enable
 .text.ADC_ConversionStop_Disable
                0x000000000800386c       0x82 ./Drivers/STM32F1xx_HAL_Driver/Src/stm32f1xx_hal_adc.o
                0x000000000800386c                ADC_ConversionStop_Disable
 *fill*         0x00000000080038ee        0x2 
 .text.HAL_ADCEx_Calibration_Start
                0x00000000080038f0      0x158 ./Drivers/STM32F1xx_HAL_Driver/Src/stm32f1xx_hal_adc_ex.o
                0x00000000080038f0                HAL_ADCEx_Calibration_Start
 .text.HAL_ADCEx_InjectedConvCpltCallback
                0x0000000008003a48       0x12 ./Drivers/STM32F1xx_HAL_Driver/Src/stm32f1xx_hal_adc_ex.o
                0x0000000008003a48                HAL_ADCEx_InjectedConvCpltCallback
 .text.HAL_CAN_Init
                0x0000000008003a5a      0x1f6 ./Drivers/STM32F1xx_HAL_Driver/Src/stm32f1xx_hal_can.o
                0x0000000008003a5a                HAL_CAN_Init
 .text.HAL_CAN_ConfigFilter
                0x0000000008003c50      0x1c0 ./Drivers/STM32F1xx_HAL_Driver/Src/stm32f1xx_hal_can.o
                0x0000000008003c50                HAL_CAN_ConfigFilter
 .text.HAL_CAN_Start
                0x0000000008003e10       0x88 ./Drivers/STM32F1xx_HAL_Driver/Src/stm32f1xx_hal_can.o
                0x0000000008003e10                HAL_CAN_Start
 .text.HAL_CAN_AddTxMessage
                0x0000000008003e98      0x1b4 ./Drivers/STM32F1xx_HAL_Driver/Src/stm32f1xx_hal_can.o
                0x0000000008003e98                HAL_CAN_AddTxMessage
 .text.HAL_CAN_GetRxMessage
                0x000000000800404c      0x222 ./Drivers/STM32F1xx_HAL_Driver/Src/stm32f1xx_hal_can.o
                0x000000000800404c                HAL_CAN_GetRxMessage
 .text.HAL_CAN_ActivateNotification
                0x000000000800426e       0x4a ./Drivers/STM32F1xx_HAL_Driver/Src/stm32f1xx_hal_can.o
                0x000000000800426e                HAL_CAN_ActivateNotification
 .text.HAL_CAN_IRQHandler
                0x00000000080042b8      0x36e ./Drivers/STM32F1xx_HAL_Driver/Src/stm32f1xx_hal_can.o
                0x00000000080042b8                HAL_CAN_IRQHandler
 .text.HAL_CAN_TxMailbox0CompleteCallback
                0x0000000008004626       0x12 ./Drivers/STM32F1xx_HAL_Driver/Src/stm32f1xx_hal_can.o
                0x0000000008004626                HAL_CAN_TxMailbox0CompleteCallback
 .text.HAL_CAN_TxMailbox1CompleteCallback
                0x0000000008004638       0x12 ./Drivers/STM32F1xx_HAL_Driver/Src/stm32f1xx_hal_can.o
                0x0000000008004638                HAL_CAN_TxMailbox1CompleteCallback
 .text.HAL_CAN_TxMailbox2CompleteCallback
                0x000000000800464a       0x12 ./Drivers/STM32F1xx_HAL_Driver/Src/stm32f1xx_hal_can.o
                0x000000000800464a                HAL_CAN_TxMailbox2CompleteCallback
 .text.HAL_CAN_TxMailbox0AbortCallback
                0x000000000800465c       0x12 ./Drivers/STM32F1xx_HAL_Driver/Src/stm32f1xx_hal_can.o
                0x000000000800465c                HAL_CAN_TxMailbox0AbortCallback
 .text.HAL_CAN_TxMailbox1AbortCallback
                0x000000000800466e       0x12 ./Drivers/STM32F1xx_HAL_Driver/Src/stm32f1xx_hal_can.o
                0x000000000800466e                HAL_CAN_TxMailbox1AbortCallback
 .text.HAL_CAN_TxMailbox2AbortCallback
                0x0000000008004680       0x12 ./Drivers/STM32F1xx_HAL_Driver/Src/stm32f1xx_hal_can.o
                0x0000000008004680                HAL_CAN_TxMailbox2AbortCallback
 .text.HAL_CAN_RxFifo0FullCallback
                0x0000000008004692       0x12 ./Drivers/STM32F1xx_HAL_Driver/Src/stm32f1xx_hal_can.o
                0x0000000008004692                HAL_CAN_RxFifo0FullCallback
 .text.HAL_CAN_RxFifo1FullCallback
                0x00000000080046a4       0x12 ./Drivers/STM32F1xx_HAL_Driver/Src/stm32f1xx_hal_can.o
                0x00000000080046a4                HAL_CAN_RxFifo1FullCallback
 .text.HAL_CAN_SleepCallback
                0x00000000080046b6       0x12 ./Drivers/STM32F1xx_HAL_Driver/Src/stm32f1xx_hal_can.o
                0x00000000080046b6                HAL_CAN_SleepCallback
 .text.HAL_CAN_WakeUpFromRxMsgCallback
                0x00000000080046c8       0x12 ./Drivers/STM32F1xx_HAL_Driver/Src/stm32f1xx_hal_can.o
                0x00000000080046c8                HAL_CAN_WakeUpFromRxMsgCallback
 .text.HAL_CAN_ErrorCallback
                0x00000000080046da       0x12 ./Drivers/STM32F1xx_HAL_Driver/Src/stm32f1xx_hal_can.o
                0x00000000080046da                HAL_CAN_ErrorCallback
 .text.__NVIC_SetPriorityGrouping
                0x00000000080046ec       0x48 ./Drivers/STM32F1xx_HAL_Driver/Src/stm32f1xx_hal_cortex.o
 .text.__NVIC_GetPriorityGrouping
                0x0000000008004734       0x1c ./Drivers/STM32F1xx_HAL_Driver/Src/stm32f1xx_hal_cortex.o
 .text.__NVIC_EnableIRQ
                0x0000000008004750       0x38 ./Drivers/STM32F1xx_HAL_Driver/Src/stm32f1xx_hal_cortex.o
 .text.__NVIC_SetPriority
                0x0000000008004788       0x54 ./Drivers/STM32F1xx_HAL_Driver/Src/stm32f1xx_hal_cortex.o
 .text.NVIC_EncodePriority
                0x00000000080047dc       0x64 ./Drivers/STM32F1xx_HAL_Driver/Src/stm32f1xx_hal_cortex.o
 .text.SysTick_Config
                0x0000000008004840       0x44 ./Drivers/STM32F1xx_HAL_Driver/Src/stm32f1xx_hal_cortex.o
 .text.HAL_NVIC_SetPriorityGrouping
                0x0000000008004884       0x16 ./Drivers/STM32F1xx_HAL_Driver/Src/stm32f1xx_hal_cortex.o
                0x0000000008004884                HAL_NVIC_SetPriorityGrouping
 .text.HAL_NVIC_SetPriority
                0x000000000800489a       0x38 ./Drivers/STM32F1xx_HAL_Driver/Src/stm32f1xx_hal_cortex.o
                0x000000000800489a                HAL_NVIC_SetPriority
 .text.HAL_NVIC_EnableIRQ
                0x00000000080048d2       0x1c ./Drivers/STM32F1xx_HAL_Driver/Src/stm32f1xx_hal_cortex.o
                0x00000000080048d2                HAL_NVIC_EnableIRQ
 .text.HAL_SYSTICK_Config
                0x00000000080048ee       0x18 ./Drivers/STM32F1xx_HAL_Driver/Src/stm32f1xx_hal_cortex.o
                0x00000000080048ee                HAL_SYSTICK_Config
 *fill*         0x0000000008004906        0x2 
 .text.HAL_DMA_Init
                0x0000000008004908       0xec ./Drivers/STM32F1xx_HAL_Driver/Src/stm32f1xx_hal_dma.o
                0x0000000008004908                HAL_DMA_Init
 .text.HAL_DMA_Start_IT
                0x00000000080049f4       0xbe ./Drivers/STM32F1xx_HAL_Driver/Src/stm32f1xx_hal_dma.o
                0x00000000080049f4                HAL_DMA_Start_IT
 .text.HAL_DMA_Abort
                0x0000000008004ab2       0x74 ./Drivers/STM32F1xx_HAL_Driver/Src/stm32f1xx_hal_dma.o
                0x0000000008004ab2                HAL_DMA_Abort
 *fill*         0x0000000008004b26        0x2 
 .text.HAL_DMA_Abort_IT
                0x0000000008004b28      0x210 ./Drivers/STM32F1xx_HAL_Driver/Src/stm32f1xx_hal_dma.o
                0x0000000008004b28                HAL_DMA_Abort_IT
 .text.HAL_DMA_IRQHandler
                0x0000000008004d38      0x478 ./Drivers/STM32F1xx_HAL_Driver/Src/stm32f1xx_hal_dma.o
                0x0000000008004d38                HAL_DMA_IRQHandler
 .text.DMA_SetConfig
                0x00000000080051b0       0x5a ./Drivers/STM32F1xx_HAL_Driver/Src/stm32f1xx_hal_dma.o
 *fill*         0x000000000800520a        0x2 
 .text.HAL_GPIO_Init
                0x000000000800520c      0x308 ./Drivers/STM32F1xx_HAL_Driver/Src/stm32f1xx_hal_gpio.o
                0x000000000800520c                HAL_GPIO_Init
 .text.HAL_GPIO_WritePin
                0x0000000008005514       0x30 ./Drivers/STM32F1xx_HAL_Driver/Src/stm32f1xx_hal_gpio.o
                0x0000000008005514                HAL_GPIO_WritePin
 .text.HAL_GPIO_TogglePin
                0x0000000008005544       0x32 ./Drivers/STM32F1xx_HAL_Driver/Src/stm32f1xx_hal_gpio.o
                0x0000000008005544                HAL_GPIO_TogglePin
 *fill*         0x0000000008005576        0x2 
 .text.HAL_GPIO_EXTI_IRQHandler
                0x0000000008005578       0x30 ./Drivers/STM32F1xx_HAL_Driver/Src/stm32f1xx_hal_gpio.o
                0x0000000008005578                HAL_GPIO_EXTI_IRQHandler
 .text.HAL_GPIO_EXTI_Callback
                0x00000000080055a8       0x14 ./Drivers/STM32F1xx_HAL_Driver/Src/stm32f1xx_hal_gpio.o
                0x00000000080055a8                HAL_GPIO_EXTI_Callback
 .text.HAL_RCC_OscConfig
                0x00000000080055bc      0x62c ./Drivers/STM32F1xx_HAL_Driver/Src/stm32f1xx_hal_rcc.o
                0x00000000080055bc                HAL_RCC_OscConfig
 .text.HAL_RCC_ClockConfig
                0x0000000008005be8      0x1d4 ./Drivers/STM32F1xx_HAL_Driver/Src/stm32f1xx_hal_rcc.o
                0x0000000008005be8                HAL_RCC_ClockConfig
 .text.HAL_RCC_GetSysClockFreq
                0x0000000008005dbc      0x1bc ./Drivers/STM32F1xx_HAL_Driver/Src/stm32f1xx_hal_rcc.o
                0x0000000008005dbc                HAL_RCC_GetSysClockFreq
 .text.HAL_RCC_GetHCLKFreq
                0x0000000008005f78       0x14 ./Drivers/STM32F1xx_HAL_Driver/Src/stm32f1xx_hal_rcc.o
                0x0000000008005f78                HAL_RCC_GetHCLKFreq
 .text.HAL_RCC_GetPCLK1Freq
                0x0000000008005f8c       0x28 ./Drivers/STM32F1xx_HAL_Driver/Src/stm32f1xx_hal_rcc.o
                0x0000000008005f8c                HAL_RCC_GetPCLK1Freq
 .text.HAL_RCC_GetPCLK2Freq
                0x0000000008005fb4       0x28 ./Drivers/STM32F1xx_HAL_Driver/Src/stm32f1xx_hal_rcc.o
                0x0000000008005fb4                HAL_RCC_GetPCLK2Freq
 .text.RCC_Delay
                0x0000000008005fdc       0x3c ./Drivers/STM32F1xx_HAL_Driver/Src/stm32f1xx_hal_rcc.o
 .text.HAL_RCCEx_PeriphCLKConfig
                0x0000000008006018      0x264 ./Drivers/STM32F1xx_HAL_Driver/Src/stm32f1xx_hal_rcc_ex.o
                0x0000000008006018                HAL_RCCEx_PeriphCLKConfig
 .text.HAL_RCCEx_GetPeriphCLKFreq
                0x000000000800627c      0x2c4 ./Drivers/STM32F1xx_HAL_Driver/Src/stm32f1xx_hal_rcc_ex.o
                0x000000000800627c                HAL_RCCEx_GetPeriphCLKFreq
 .text.HAL_TIM_Base_Init
                0x0000000008006540       0x9e ./Drivers/STM32F1xx_HAL_Driver/Src/stm32f1xx_hal_tim.o
                0x0000000008006540                HAL_TIM_Base_Init
 *fill*         0x00000000080065de        0x2 
 .text.HAL_TIM_Base_Start_IT
                0x00000000080065e0       0xb4 ./Drivers/STM32F1xx_HAL_Driver/Src/stm32f1xx_hal_tim.o
                0x00000000080065e0                HAL_TIM_Base_Start_IT
 .text.HAL_TIM_IRQHandler
                0x0000000008006694      0x210 ./Drivers/STM32F1xx_HAL_Driver/Src/stm32f1xx_hal_tim.o
                0x0000000008006694                HAL_TIM_IRQHandler
 .text.HAL_TIM_OC_DelayElapsedCallback
                0x00000000080068a4       0x12 ./Drivers/STM32F1xx_HAL_Driver/Src/stm32f1xx_hal_tim.o
                0x00000000080068a4                HAL_TIM_OC_DelayElapsedCallback
 .text.HAL_TIM_IC_CaptureCallback
                0x00000000080068b6       0x12 ./Drivers/STM32F1xx_HAL_Driver/Src/stm32f1xx_hal_tim.o
                0x00000000080068b6                HAL_TIM_IC_CaptureCallback
 .text.HAL_TIM_PWM_PulseFinishedCallback
                0x00000000080068c8       0x12 ./Drivers/STM32F1xx_HAL_Driver/Src/stm32f1xx_hal_tim.o
                0x00000000080068c8                HAL_TIM_PWM_PulseFinishedCallback
 .text.HAL_TIM_TriggerCallback
                0x00000000080068da       0x12 ./Drivers/STM32F1xx_HAL_Driver/Src/stm32f1xx_hal_tim.o
                0x00000000080068da                HAL_TIM_TriggerCallback
 .text.TIM_Base_SetConfig
                0x00000000080068ec       0xd8 ./Drivers/STM32F1xx_HAL_Driver/Src/stm32f1xx_hal_tim.o
                0x00000000080068ec                TIM_Base_SetConfig
 .text.HAL_TIMEx_MasterConfigSynchronization
                0x00000000080069c4       0xcc ./Drivers/STM32F1xx_HAL_Driver/Src/stm32f1xx_hal_tim_ex.o
                0x00000000080069c4                HAL_TIMEx_MasterConfigSynchronization
 .text.HAL_TIMEx_CommutCallback
                0x0000000008006a90       0x12 ./Drivers/STM32F1xx_HAL_Driver/Src/stm32f1xx_hal_tim_ex.o
                0x0000000008006a90                HAL_TIMEx_CommutCallback
 .text.HAL_TIMEx_BreakCallback
                0x0000000008006aa2       0x12 ./Drivers/STM32F1xx_HAL_Driver/Src/stm32f1xx_hal_tim_ex.o
                0x0000000008006aa2                HAL_TIMEx_BreakCallback
 .text.HAL_UART_Init
                0x0000000008006ab4       0x9a ./Drivers/STM32F1xx_HAL_Driver/Src/stm32f1xx_hal_uart.o
                0x0000000008006ab4                HAL_UART_Init
 .text.HAL_LIN_Init
                0x0000000008006b4e       0xcc ./Drivers/STM32F1xx_HAL_Driver/Src/stm32f1xx_hal_uart.o
                0x0000000008006b4e                HAL_LIN_Init
 .text.HAL_UART_Transmit
                0x0000000008006c1a      0x124 ./Drivers/STM32F1xx_HAL_Driver/Src/stm32f1xx_hal_uart.o
                0x0000000008006c1a                HAL_UART_Transmit
 .text.HAL_UART_Receive_DMA
                0x0000000008006d3e       0x60 ./Drivers/STM32F1xx_HAL_Driver/Src/stm32f1xx_hal_uart.o
                0x0000000008006d3e                HAL_UART_Receive_DMA
 *fill*         0x0000000008006d9e        0x2 
 .text.HAL_UART_IRQHandler
                0x0000000008006da0      0x354 ./Drivers/STM32F1xx_HAL_Driver/Src/stm32f1xx_hal_uart.o
                0x0000000008006da0                HAL_UART_IRQHandler
 .text.HAL_UART_TxCpltCallback
                0x00000000080070f4       0x12 ./Drivers/STM32F1xx_HAL_Driver/Src/stm32f1xx_hal_uart.o
                0x00000000080070f4                HAL_UART_TxCpltCallback
 .text.HAL_UART_ErrorCallback
                0x0000000008007106       0x12 ./Drivers/STM32F1xx_HAL_Driver/Src/stm32f1xx_hal_uart.o
                0x0000000008007106                HAL_UART_ErrorCallback
 .text.HAL_UARTEx_RxEventCallback
                0x0000000008007118       0x16 ./Drivers/STM32F1xx_HAL_Driver/Src/stm32f1xx_hal_uart.o
                0x0000000008007118                HAL_UARTEx_RxEventCallback
 .text.UART_DMAReceiveCplt
                0x000000000800712e       0x96 ./Drivers/STM32F1xx_HAL_Driver/Src/stm32f1xx_hal_uart.o
 .text.UART_DMARxHalfCplt
                0x00000000080071c4       0x36 ./Drivers/STM32F1xx_HAL_Driver/Src/stm32f1xx_hal_uart.o
 .text.UART_DMAError
                0x00000000080071fa       0x94 ./Drivers/STM32F1xx_HAL_Driver/Src/stm32f1xx_hal_uart.o
 .text.UART_WaitOnFlagUntilTimeout
                0x000000000800728e       0x94 ./Drivers/STM32F1xx_HAL_Driver/Src/stm32f1xx_hal_uart.o
 *fill*         0x0000000008007322        0x2 
 .text.UART_Start_Receive_DMA
                0x0000000008007324       0xc8 ./Drivers/STM32F1xx_HAL_Driver/Src/stm32f1xx_hal_uart.o
                0x0000000008007324                UART_Start_Receive_DMA
 .text.UART_EndTxTransfer
                0x00000000080073ec       0x2a ./Drivers/STM32F1xx_HAL_Driver/Src/stm32f1xx_hal_uart.o
 .text.UART_EndRxTransfer
                0x0000000008007416       0x58 ./Drivers/STM32F1xx_HAL_Driver/Src/stm32f1xx_hal_uart.o
 .text.UART_DMAAbortOnError
                0x000000000800746e       0x28 ./Drivers/STM32F1xx_HAL_Driver/Src/stm32f1xx_hal_uart.o
 .text.UART_Transmit_IT
                0x0000000008007496       0x9e ./Drivers/STM32F1xx_HAL_Driver/Src/stm32f1xx_hal_uart.o
 .text.UART_EndTransmit_IT
                0x0000000008007534       0x30 ./Drivers/STM32F1xx_HAL_Driver/Src/stm32f1xx_hal_uart.o
 .text.UART_Receive_IT
                0x0000000008007564      0x152 ./Drivers/STM32F1xx_HAL_Driver/Src/stm32f1xx_hal_uart.o
 *fill*         0x00000000080076b6        0x2 
 .text.UART_SetConfig
                0x00000000080076b8      0x11c ./Drivers/STM32F1xx_HAL_Driver/Src/stm32f1xx_hal_uart.o
 .text.__libc_init_array
                0x00000000080077d4       0x48 c:/st/stm32cubeide_1.11.0/stm32cubeide/plugins/com.st.stm32cube.ide.mcu.externaltools.gnu-tools-for-stm32.10.3-2021.10.win32_1.0.200.202301161003/tools/bin/../lib/gcc/arm-none-eabi/10.3.1/../../../../arm-none-eabi/lib/thumb/v7-m/nofp\libc_nano.a(lib_a-init.o)
                0x00000000080077d4                __libc_init_array
 .text.__itoa   0x000000000800781c       0x30 c:/st/stm32cubeide_1.11.0/stm32cubeide/plugins/com.st.stm32cube.ide.mcu.externaltools.gnu-tools-for-stm32.10.3-2021.10.win32_1.0.200.202301161003/tools/bin/../lib/gcc/arm-none-eabi/10.3.1/../../../../arm-none-eabi/lib/thumb/v7-m/nofp\libc_nano.a(lib_a-itoa.o)
                0x000000000800781c                __itoa
 .text.itoa     0x000000000800784c        0x4 c:/st/stm32cubeide_1.11.0/stm32cubeide/plugins/com.st.stm32cube.ide.mcu.externaltools.gnu-tools-for-stm32.10.3-2021.10.win32_1.0.200.202301161003/tools/bin/../lib/gcc/arm-none-eabi/10.3.1/../../../../arm-none-eabi/lib/thumb/v7-m/nofp\libc_nano.a(lib_a-itoa.o)
                0x000000000800784c                itoa
 .text.memset   0x0000000008007850       0x10 c:/st/stm32cubeide_1.11.0/stm32cubeide/plugins/com.st.stm32cube.ide.mcu.externaltools.gnu-tools-for-stm32.10.3-2021.10.win32_1.0.200.202301161003/tools/bin/../lib/gcc/arm-none-eabi/10.3.1/../../../../arm-none-eabi/lib/thumb/v7-m/nofp\libc_nano.a(lib_a-memset.o)
                0x0000000008007850                memset
 .text.strcat   0x0000000008007860       0x1e c:/st/stm32cubeide_1.11.0/stm32cubeide/plugins/com.st.stm32cube.ide.mcu.externaltools.gnu-tools-for-stm32.10.3-2021.10.win32_1.0.200.202301161003/tools/bin/../lib/gcc/arm-none-eabi/10.3.1/../../../../arm-none-eabi/lib/thumb/v7-m/nofp\libc_nano.a(lib_a-strcat.o)
                0x0000000008007860                strcat
 *fill*         0x000000000800787e        0x2 
 .text.__utoa   0x0000000008007880       0x84 c:/st/stm32cubeide_1.11.0/stm32cubeide/plugins/com.st.stm32cube.ide.mcu.externaltools.gnu-tools-for-stm32.10.3-2021.10.win32_1.0.200.202301161003/tools/bin/../lib/gcc/arm-none-eabi/10.3.1/../../../../arm-none-eabi/lib/thumb/v7-m/nofp\libc_nano.a(lib_a-utoa.o)
                0x0000000008007880                __utoa
 *(.glue_7)
 .glue_7        0x0000000008007904        0x0 linker stubs
 *(.glue_7t)
 .glue_7t       0x0000000008007904        0x0 linker stubs
 *(.eh_frame)
 .eh_frame      0x0000000008007904        0x0 c:/st/stm32cubeide_1.11.0/stm32cubeide/plugins/com.st.stm32cube.ide.mcu.externaltools.gnu-tools-for-stm32.10.3-2021.10.win32_1.0.200.202301161003/tools/bin/../lib/gcc/arm-none-eabi/10.3.1/thumb/v7-m/nofp/crtbegin.o
 *(.init)
 .init          0x0000000008007904        0x4 c:/st/stm32cubeide_1.11.0/stm32cubeide/plugins/com.st.stm32cube.ide.mcu.externaltools.gnu-tools-for-stm32.10.3-2021.10.win32_1.0.200.202301161003/tools/bin/../lib/gcc/arm-none-eabi/10.3.1/thumb/v7-m/nofp/crti.o
                0x0000000008007904                _init
 .init          0x0000000008007908        0x8 c:/st/stm32cubeide_1.11.0/stm32cubeide/plugins/com.st.stm32cube.ide.mcu.externaltools.gnu-tools-for-stm32.10.3-2021.10.win32_1.0.200.202301161003/tools/bin/../lib/gcc/arm-none-eabi/10.3.1/thumb/v7-m/nofp/crtn.o
 *(.fini)
 .fini          0x0000000008007910        0x4 c:/st/stm32cubeide_1.11.0/stm32cubeide/plugins/com.st.stm32cube.ide.mcu.externaltools.gnu-tools-for-stm32.10.3-2021.10.win32_1.0.200.202301161003/tools/bin/../lib/gcc/arm-none-eabi/10.3.1/thumb/v7-m/nofp/crti.o
                0x0000000008007910                _fini
 .fini          0x0000000008007914        0x8 c:/st/stm32cubeide_1.11.0/stm32cubeide/plugins/com.st.stm32cube.ide.mcu.externaltools.gnu-tools-for-stm32.10.3-2021.10.win32_1.0.200.202301161003/tools/bin/../lib/gcc/arm-none-eabi/10.3.1/thumb/v7-m/nofp/crtn.o
                0x000000000800791c                . = ALIGN (0x4)
                0x000000000800791c                _etext = .

.vfp11_veneer   0x000000000800791c        0x0
 .vfp11_veneer  0x000000000800791c        0x0 linker stubs

.v4_bx          0x000000000800791c        0x0
 .v4_bx         0x000000000800791c        0x0 linker stubs

.iplt           0x000000000800791c        0x0
 .iplt          0x000000000800791c        0x0 c:/st/stm32cubeide_1.11.0/stm32cubeide/plugins/com.st.stm32cube.ide.mcu.externaltools.gnu-tools-for-stm32.10.3-2021.10.win32_1.0.200.202301161003/tools/bin/../lib/gcc/arm-none-eabi/10.3.1/thumb/v7-m/nofp/crtbegin.o

.rodata         0x000000000800791c       0x8c
                0x000000000800791c                . = ALIGN (0x4)
 *(.rodata)
 .rodata        0x000000000800791c        0xa ./Core/Src/userFiles/adc/adc.o
 *fill*         0x0000000008007926        0x2 
 .rodata        0x0000000008007928       0x20 ./Drivers/STM32F1xx_HAL_Driver/Src/stm32f1xx_hal_rcc.o
 .rodata        0x0000000008007948       0x20 ./Drivers/STM32F1xx_HAL_Driver/Src/stm32f1xx_hal_rcc_ex.o
 *(.rodata*)
 .rodata.AHBPrescTable
                0x0000000008007968       0x10 ./Core/Src/system_stm32f1xx.o
                0x0000000008007968                AHBPrescTable
 .rodata.APBPrescTable
                0x0000000008007978        0x8 ./Core/Src/system_stm32f1xx.o
                0x0000000008007978                APBPrescTable
 .rodata.__utoa.str1.1
                0x0000000008007980       0x25 c:/st/stm32cubeide_1.11.0/stm32cubeide/plugins/com.st.stm32cube.ide.mcu.externaltools.gnu-tools-for-stm32.10.3-2021.10.win32_1.0.200.202301161003/tools/bin/../lib/gcc/arm-none-eabi/10.3.1/../../../../arm-none-eabi/lib/thumb/v7-m/nofp\libc_nano.a(lib_a-utoa.o)
                0x00000000080079a8                . = ALIGN (0x4)
 *fill*         0x00000000080079a5        0x3 

.ARM.extab      0x00000000080079a8        0x0
                0x00000000080079a8                . = ALIGN (0x4)
 *(.ARM.extab* .gnu.linkonce.armextab.*)
                0x00000000080079a8                . = ALIGN (0x4)

.ARM            0x00000000080079a8        0x8
                0x00000000080079a8                . = ALIGN (0x4)
                0x00000000080079a8                __exidx_start = .
 *(.ARM.exidx*)
 .ARM.exidx     0x00000000080079a8        0x8 c:/st/stm32cubeide_1.11.0/stm32cubeide/plugins/com.st.stm32cube.ide.mcu.externaltools.gnu-tools-for-stm32.10.3-2021.10.win32_1.0.200.202301161003/tools/bin/../lib/gcc/arm-none-eabi/10.3.1/thumb/v7-m/nofp\libgcc.a(_udivmoddi4.o)
                0x00000000080079b0                __exidx_end = .
                0x00000000080079b0                . = ALIGN (0x4)

.rel.dyn        0x00000000080079b0        0x0
 .rel.iplt      0x00000000080079b0        0x0 c:/st/stm32cubeide_1.11.0/stm32cubeide/plugins/com.st.stm32cube.ide.mcu.externaltools.gnu-tools-for-stm32.10.3-2021.10.win32_1.0.200.202301161003/tools/bin/../lib/gcc/arm-none-eabi/10.3.1/thumb/v7-m/nofp/crtbegin.o

.preinit_array  0x00000000080079b0        0x0
                0x00000000080079b0                . = ALIGN (0x4)
                0x00000000080079b0                PROVIDE (__preinit_array_start = .)
 *(.preinit_array*)
                0x00000000080079b0                PROVIDE (__preinit_array_end = .)
                0x00000000080079b0                . = ALIGN (0x4)

.init_array     0x00000000080079b0        0x4
                0x00000000080079b0                . = ALIGN (0x4)
                0x00000000080079b0                PROVIDE (__init_array_start = .)
 *(SORT_BY_NAME(.init_array.*))
 *(.init_array*)
 .init_array    0x00000000080079b0        0x4 c:/st/stm32cubeide_1.11.0/stm32cubeide/plugins/com.st.stm32cube.ide.mcu.externaltools.gnu-tools-for-stm32.10.3-2021.10.win32_1.0.200.202301161003/tools/bin/../lib/gcc/arm-none-eabi/10.3.1/thumb/v7-m/nofp/crtbegin.o
                0x00000000080079b4                PROVIDE (__init_array_end = .)
                0x00000000080079b4                . = ALIGN (0x4)

.fini_array     0x00000000080079b4        0x4
                0x00000000080079b4                . = ALIGN (0x4)
                [!provide]                        PROVIDE (__fini_array_start = .)
 *(SORT_BY_NAME(.fini_array.*))
 *(.fini_array*)
 .fini_array    0x00000000080079b4        0x4 c:/st/stm32cubeide_1.11.0/stm32cubeide/plugins/com.st.stm32cube.ide.mcu.externaltools.gnu-tools-for-stm32.10.3-2021.10.win32_1.0.200.202301161003/tools/bin/../lib/gcc/arm-none-eabi/10.3.1/thumb/v7-m/nofp/crtbegin.o
                [!provide]                        PROVIDE (__fini_array_end = .)
                0x00000000080079b8                . = ALIGN (0x4)
                0x00000000080079b8                _sidata = LOADADDR (.data)

.data           0x0000000020000000        0xc load address 0x00000000080079b8
                0x0000000020000000                . = ALIGN (0x4)
                0x0000000020000000                _sdata = .
 *(.data)
 *(.data*)
 .data.SystemCoreClock
                0x0000000020000000        0x4 ./Core/Src/system_stm32f1xx.o
                0x0000000020000000                SystemCoreClock
 .data.uwTickPrio
                0x0000000020000004        0x4 ./Drivers/STM32F1xx_HAL_Driver/Src/stm32f1xx_hal.o
                0x0000000020000004                uwTickPrio
 .data.uwTickFreq
                0x0000000020000008        0x1 ./Drivers/STM32F1xx_HAL_Driver/Src/stm32f1xx_hal.o
                0x0000000020000008                uwTickFreq
 *(.RamFunc)
 *(.RamFunc*)
                0x000000002000000c                . = ALIGN (0x4)
 *fill*         0x0000000020000009        0x3 
                0x000000002000000c                _edata = .

.igot.plt       0x000000002000000c        0x0 load address 0x00000000080079c4
 .igot.plt      0x000000002000000c        0x0 c:/st/stm32cubeide_1.11.0/stm32cubeide/plugins/com.st.stm32cube.ide.mcu.externaltools.gnu-tools-for-stm32.10.3-2021.10.win32_1.0.200.202301161003/tools/bin/../lib/gcc/arm-none-eabi/10.3.1/thumb/v7-m/nofp/crtbegin.o
                0x000000002000000c                . = ALIGN (0x4)

.bss            0x000000002000000c      0x258 load address 0x00000000080079c4
                0x000000002000000c                _sbss = .
                0x000000002000000c                __bss_start__ = _sbss
 *(.bss)
 .bss           0x000000002000000c       0x1c c:/st/stm32cubeide_1.11.0/stm32cubeide/plugins/com.st.stm32cube.ide.mcu.externaltools.gnu-tools-for-stm32.10.3-2021.10.win32_1.0.200.202301161003/tools/bin/../lib/gcc/arm-none-eabi/10.3.1/thumb/v7-m/nofp/crtbegin.o
 *(.bss*)
 .bss.hadc1     0x0000000020000028       0x30 ./Core/Src/main.o
                0x0000000020000028                hadc1
 .bss.hcan1     0x0000000020000058       0x28 ./Core/Src/main.o
                0x0000000020000058                hcan1
 .bss.hcan2     0x0000000020000080       0x28 ./Core/Src/main.o
                0x0000000020000080                hcan2
 .bss.htim6     0x00000000200000a8       0x48 ./Core/Src/main.o
                0x00000000200000a8                htim6
 .bss.htim7     0x00000000200000f0       0x48 ./Core/Src/main.o
                0x00000000200000f0                htim7
 .bss.huart1    0x0000000020000138       0x44 ./Core/Src/main.o
                0x0000000020000138                huart1
 .bss.huart2    0x000000002000017c       0x44 ./Core/Src/main.o
                0x000000002000017c                huart2
 .bss.hdma_usart1_rx
                0x00000000200001c0       0x44 ./Core/Src/main.o
                0x00000000200001c0                hdma_usart1_rx
 .bss.hdma_usart2_rx
                0x0000000020000204       0x44 ./Core/Src/main.o
                0x0000000020000204                hdma_usart2_rx
 .bss.gCanIRQReceivedMsg
                0x0000000020000248        0x4 ./Core/Src/main.o
                0x0000000020000248                gCanIRQReceivedMsg
 .bss.gUartConnRequest
                0x000000002000024c        0x1 ./Core/Src/main.o
                0x000000002000024c                gUartConnRequest
 *fill*         0x000000002000024d        0x3 
 .bss.gLinIRQMsg
                0x0000000020000250        0xa ./Core/Src/main.o
                0x0000000020000250                gLinIRQMsg
 .bss.gLinChecksum
                0x000000002000025a        0x1 ./Core/Src/main.o
                0x000000002000025a                gLinChecksum
 *fill*         0x000000002000025b        0x1 
 .bss.HAL_RCC_CAN1_CLK_ENABLED
                0x000000002000025c        0x4 ./Core/Src/stm32f1xx_hal_msp.o
 .bss.uwTick    0x0000000020000260        0x4 ./Drivers/STM32F1xx_HAL_Driver/Src/stm32f1xx_hal.o
                0x0000000020000260                uwTick
 *(COMMON)
                0x0000000020000264                . = ALIGN (0x4)
                0x0000000020000264                _ebss = .
                0x0000000020000264                __bss_end__ = _ebss

._user_heap_stack
                0x0000000020000264      0x604 load address 0x00000000080079c4
                0x0000000020000268                . = ALIGN (0x8)
 *fill*         0x0000000020000264        0x4 
                [!provide]                        PROVIDE (end = .)
                0x0000000020000268                PROVIDE (_end = .)
                0x0000000020000468                . = (. + _Min_Heap_Size)
 *fill*         0x0000000020000268      0x200 
                0x0000000020000868                . = (. + _Min_Stack_Size)
 *fill*         0x0000000020000468      0x400 
                0x0000000020000868                . = ALIGN (0x8)

/DISCARD/
 libc.a(*)
 libm.a(*)
 libgcc.a(*)

.ARM.attributes
                0x0000000000000000       0x29
 *(.ARM.attributes)
 .ARM.attributes
                0x0000000000000000       0x1d c:/st/stm32cubeide_1.11.0/stm32cubeide/plugins/com.st.stm32cube.ide.mcu.externaltools.gnu-tools-for-stm32.10.3-2021.10.win32_1.0.200.202301161003/tools/bin/../lib/gcc/arm-none-eabi/10.3.1/thumb/v7-m/nofp/crti.o
 .ARM.attributes
                0x000000000000001d       0x2d c:/st/stm32cubeide_1.11.0/stm32cubeide/plugins/com.st.stm32cube.ide.mcu.externaltools.gnu-tools-for-stm32.10.3-2021.10.win32_1.0.200.202301161003/tools/bin/../lib/gcc/arm-none-eabi/10.3.1/thumb/v7-m/nofp/crtbegin.o
 .ARM.attributes
                0x000000000000004a       0x2d ./Core/Src/main.o
 .ARM.attributes
                0x0000000000000077       0x2d ./Core/Src/stm32f1xx_hal_msp.o
 .ARM.attributes
                0x00000000000000a4       0x2d ./Core/Src/stm32f1xx_it.o
 .ARM.attributes
                0x00000000000000d1       0x2d ./Core/Src/system_stm32f1xx.o
 .ARM.attributes
                0x00000000000000fe       0x2d ./Core/Src/userFiles/adc/adc.o
 .ARM.attributes
                0x000000000000012b       0x2d ./Core/Src/userFiles/canBus/canConfig.o
 .ARM.attributes
                0x0000000000000158       0x2d ./Core/Src/userFiles/canBus/canRx.o
 .ARM.attributes
                0x0000000000000185       0x2d ./Core/Src/userFiles/canBus/canTx.o
 .ARM.attributes
                0x00000000000001b2       0x2d ./Core/Src/userFiles/inits/inits.o
 .ARM.attributes
                0x00000000000001df       0x2d ./Core/Src/userFiles/linBus/linRx.o
 .ARM.attributes
                0x000000000000020c       0x2d ./Core/Src/userFiles/uartRequests/uartRx.o
 .ARM.attributes
                0x0000000000000239       0x2d ./Core/Src/userFiles/uartRequests/uartTx.o
 .ARM.attributes
                0x0000000000000266       0x21 ./Core/Startup/startup_stm32f105r8tx.o
 .ARM.attributes
                0x0000000000000287       0x2d ./Drivers/STM32F1xx_HAL_Driver/Src/stm32f1xx_hal.o
 .ARM.attributes
                0x00000000000002b4       0x2d ./Drivers/STM32F1xx_HAL_Driver/Src/stm32f1xx_hal_adc.o
 .ARM.attributes
                0x00000000000002e1       0x2d ./Drivers/STM32F1xx_HAL_Driver/Src/stm32f1xx_hal_adc_ex.o
 .ARM.attributes
                0x000000000000030e       0x2d ./Drivers/STM32F1xx_HAL_Driver/Src/stm32f1xx_hal_can.o
 .ARM.attributes
                0x000000000000033b       0x2d ./Drivers/STM32F1xx_HAL_Driver/Src/stm32f1xx_hal_cortex.o
 .ARM.attributes
                0x0000000000000368       0x2d ./Drivers/STM32F1xx_HAL_Driver/Src/stm32f1xx_hal_dma.o
 .ARM.attributes
                0x0000000000000395       0x2d ./Drivers/STM32F1xx_HAL_Driver/Src/stm32f1xx_hal_gpio.o
 .ARM.attributes
                0x00000000000003c2       0x2d ./Drivers/STM32F1xx_HAL_Driver/Src/stm32f1xx_hal_rcc.o
 .ARM.attributes
                0x00000000000003ef       0x2d ./Drivers/STM32F1xx_HAL_Driver/Src/stm32f1xx_hal_rcc_ex.o
 .ARM.attributes
                0x000000000000041c       0x2d ./Drivers/STM32F1xx_HAL_Driver/Src/stm32f1xx_hal_tim.o
 .ARM.attributes
                0x0000000000000449       0x2d ./Drivers/STM32F1xx_HAL_Driver/Src/stm32f1xx_hal_tim_ex.o
 .ARM.attributes
                0x0000000000000476       0x2d ./Drivers/STM32F1xx_HAL_Driver/Src/stm32f1xx_hal_uart.o
 .ARM.attributes
                0x00000000000004a3       0x2d c:/st/stm32cubeide_1.11.0/stm32cubeide/plugins/com.st.stm32cube.ide.mcu.externaltools.gnu-tools-for-stm32.10.3-2021.10.win32_1.0.200.202301161003/tools/bin/../lib/gcc/arm-none-eabi/10.3.1/../../../../arm-none-eabi/lib/thumb/v7-m/nofp\libc_nano.a(lib_a-init.o)
 .ARM.attributes
                0x00000000000004d0       0x2d c:/st/stm32cubeide_1.11.0/stm32cubeide/plugins/com.st.stm32cube.ide.mcu.externaltools.gnu-tools-for-stm32.10.3-2021.10.win32_1.0.200.202301161003/tools/bin/../lib/gcc/arm-none-eabi/10.3.1/../../../../arm-none-eabi/lib/thumb/v7-m/nofp\libc_nano.a(lib_a-itoa.o)
 .ARM.attributes
                0x00000000000004fd       0x2d c:/st/stm32cubeide_1.11.0/stm32cubeide/plugins/com.st.stm32cube.ide.mcu.externaltools.gnu-tools-for-stm32.10.3-2021.10.win32_1.0.200.202301161003/tools/bin/../lib/gcc/arm-none-eabi/10.3.1/../../../../arm-none-eabi/lib/thumb/v7-m/nofp\libc_nano.a(lib_a-memset.o)
 .ARM.attributes
                0x000000000000052a       0x2d c:/st/stm32cubeide_1.11.0/stm32cubeide/plugins/com.st.stm32cube.ide.mcu.externaltools.gnu-tools-for-stm32.10.3-2021.10.win32_1.0.200.202301161003/tools/bin/../lib/gcc/arm-none-eabi/10.3.1/../../../../arm-none-eabi/lib/thumb/v7-m/nofp\libc_nano.a(lib_a-strcat.o)
 .ARM.attributes
                0x0000000000000557       0x17 c:/st/stm32cubeide_1.11.0/stm32cubeide/plugins/com.st.stm32cube.ide.mcu.externaltools.gnu-tools-for-stm32.10.3-2021.10.win32_1.0.200.202301161003/tools/bin/../lib/gcc/arm-none-eabi/10.3.1/../../../../arm-none-eabi/lib/thumb/v7-m/nofp\libc_nano.a(lib_a-strlen.o)
 .ARM.attributes
                0x000000000000056e       0x2d c:/st/stm32cubeide_1.11.0/stm32cubeide/plugins/com.st.stm32cube.ide.mcu.externaltools.gnu-tools-for-stm32.10.3-2021.10.win32_1.0.200.202301161003/tools/bin/../lib/gcc/arm-none-eabi/10.3.1/../../../../arm-none-eabi/lib/thumb/v7-m/nofp\libc_nano.a(lib_a-utoa.o)
 .ARM.attributes
                0x000000000000059b       0x1d c:/st/stm32cubeide_1.11.0/stm32cubeide/plugins/com.st.stm32cube.ide.mcu.externaltools.gnu-tools-for-stm32.10.3-2021.10.win32_1.0.200.202301161003/tools/bin/../lib/gcc/arm-none-eabi/10.3.1/thumb/v7-m/nofp\libgcc.a(_arm_addsubdf3.o)
 .ARM.attributes
                0x00000000000005b8       0x1d c:/st/stm32cubeide_1.11.0/stm32cubeide/plugins/com.st.stm32cube.ide.mcu.externaltools.gnu-tools-for-stm32.10.3-2021.10.win32_1.0.200.202301161003/tools/bin/../lib/gcc/arm-none-eabi/10.3.1/thumb/v7-m/nofp\libgcc.a(_arm_muldivdf3.o)
 .ARM.attributes
                0x00000000000005d5       0x1d c:/st/stm32cubeide_1.11.0/stm32cubeide/plugins/com.st.stm32cube.ide.mcu.externaltools.gnu-tools-for-stm32.10.3-2021.10.win32_1.0.200.202301161003/tools/bin/../lib/gcc/arm-none-eabi/10.3.1/thumb/v7-m/nofp\libgcc.a(_arm_truncdfsf2.o)
 .ARM.attributes
                0x00000000000005f2       0x1d c:/st/stm32cubeide_1.11.0/stm32cubeide/plugins/com.st.stm32cube.ide.mcu.externaltools.gnu-tools-for-stm32.10.3-2021.10.win32_1.0.200.202301161003/tools/bin/../lib/gcc/arm-none-eabi/10.3.1/thumb/v7-m/nofp\libgcc.a(_arm_addsubsf3.o)
 .ARM.attributes
                0x000000000000060f       0x1d c:/st/stm32cubeide_1.11.0/stm32cubeide/plugins/com.st.stm32cube.ide.mcu.externaltools.gnu-tools-for-stm32.10.3-2021.10.win32_1.0.200.202301161003/tools/bin/../lib/gcc/arm-none-eabi/10.3.1/thumb/v7-m/nofp\libgcc.a(_arm_muldivsf3.o)
 .ARM.attributes
                0x000000000000062c       0x1d c:/st/stm32cubeide_1.11.0/stm32cubeide/plugins/com.st.stm32cube.ide.mcu.externaltools.gnu-tools-for-stm32.10.3-2021.10.win32_1.0.200.202301161003/tools/bin/../lib/gcc/arm-none-eabi/10.3.1/thumb/v7-m/nofp\libgcc.a(_arm_cmpsf2.o)
 .ARM.attributes
                0x0000000000000649       0x1d c:/st/stm32cubeide_1.11.0/stm32cubeide/plugins/com.st.stm32cube.ide.mcu.externaltools.gnu-tools-for-stm32.10.3-2021.10.win32_1.0.200.202301161003/tools/bin/../lib/gcc/arm-none-eabi/10.3.1/thumb/v7-m/nofp\libgcc.a(_arm_fixsfsi.o)
 .ARM.attributes
                0x0000000000000666       0x1d c:/st/stm32cubeide_1.11.0/stm32cubeide/plugins/com.st.stm32cube.ide.mcu.externaltools.gnu-tools-for-stm32.10.3-2021.10.win32_1.0.200.202301161003/tools/bin/../lib/gcc/arm-none-eabi/10.3.1/thumb/v7-m/nofp\libgcc.a(_aeabi_uldivmod.o)
 .ARM.attributes
                0x0000000000000683       0x2d c:/st/stm32cubeide_1.11.0/stm32cubeide/plugins/com.st.stm32cube.ide.mcu.externaltools.gnu-tools-for-stm32.10.3-2021.10.win32_1.0.200.202301161003/tools/bin/../lib/gcc/arm-none-eabi/10.3.1/thumb/v7-m/nofp\libgcc.a(_udivmoddi4.o)
 .ARM.attributes
                0x00000000000006b0       0x1d c:/st/stm32cubeide_1.11.0/stm32cubeide/plugins/com.st.stm32cube.ide.mcu.externaltools.gnu-tools-for-stm32.10.3-2021.10.win32_1.0.200.202301161003/tools/bin/../lib/gcc/arm-none-eabi/10.3.1/thumb/v7-m/nofp\libgcc.a(_dvmd_tls.o)
 .ARM.attributes
                0x00000000000006cd       0x1d c:/st/stm32cubeide_1.11.0/stm32cubeide/plugins/com.st.stm32cube.ide.mcu.externaltools.gnu-tools-for-stm32.10.3-2021.10.win32_1.0.200.202301161003/tools/bin/../lib/gcc/arm-none-eabi/10.3.1/thumb/v7-m/nofp/crtn.o
OUTPUT(LeftCANChipTestBigFilter.elf elf32-littlearm)
LOAD linker stubs
LOAD c:/st/stm32cubeide_1.11.0/stm32cubeide/plugins/com.st.stm32cube.ide.mcu.externaltools.gnu-tools-for-stm32.10.3-2021.10.win32_1.0.200.202301161003/tools/bin/../lib/gcc/arm-none-eabi/10.3.1/../../../../arm-none-eabi/lib/thumb/v7-m/nofp\libc.a
LOAD c:/st/stm32cubeide_1.11.0/stm32cubeide/plugins/com.st.stm32cube.ide.mcu.externaltools.gnu-tools-for-stm32.10.3-2021.10.win32_1.0.200.202301161003/tools/bin/../lib/gcc/arm-none-eabi/10.3.1/../../../../arm-none-eabi/lib/thumb/v7-m/nofp\libm.a
LOAD c:/st/stm32cubeide_1.11.0/stm32cubeide/plugins/com.st.stm32cube.ide.mcu.externaltools.gnu-tools-for-stm32.10.3-2021.10.win32_1.0.200.202301161003/tools/bin/../lib/gcc/arm-none-eabi/10.3.1/thumb/v7-m/nofp\libgcc.a

.debug_info     0x0000000000000000    0x12e7d
 .debug_info    0x0000000000000000     0x1c62 ./Core/Src/main.o
 .debug_info    0x0000000000001c62     0x16d0 ./Core/Src/stm32f1xx_hal_msp.o
 .debug_info    0x0000000000003332     0x10f2 ./Core/Src/stm32f1xx_it.o
 .debug_info    0x0000000000004424      0x27a ./Core/Src/system_stm32f1xx.o
 .debug_info    0x000000000000469e      0xcea ./Core/Src/userFiles/adc/adc.o
 .debug_info    0x0000000000005388      0x63b ./Core/Src/userFiles/canBus/canConfig.o
 .debug_info    0x00000000000059c3      0x672 ./Core/Src/userFiles/canBus/canRx.o
 .debug_info    0x0000000000006035      0x615 ./Core/Src/userFiles/canBus/canTx.o
 .debug_info    0x000000000000664a      0xa75 ./Core/Src/userFiles/inits/inits.o
 .debug_info    0x00000000000070bf      0x5e5 ./Core/Src/userFiles/linBus/linRx.o
 .debug_info    0x00000000000076a4      0x641 ./Core/Src/userFiles/uartRequests/uartRx.o
 .debug_info    0x0000000000007ce5      0x5fe ./Core/Src/userFiles/uartRequests/uartTx.o
 .debug_info    0x00000000000082e3       0x22 ./Core/Startup/startup_stm32f105r8tx.o
 .debug_info    0x0000000000008305      0x7b0 ./Drivers/STM32F1xx_HAL_Driver/Src/stm32f1xx_hal.o
 .debug_info    0x0000000000008ab5      0xcd9 ./Drivers/STM32F1xx_HAL_Driver/Src/stm32f1xx_hal_adc.o
 .debug_info    0x000000000000978e      0xa8f ./Drivers/STM32F1xx_HAL_Driver/Src/stm32f1xx_hal_adc_ex.o
 .debug_info    0x000000000000a21d      0xfd7 ./Drivers/STM32F1xx_HAL_Driver/Src/stm32f1xx_hal_can.o
 .debug_info    0x000000000000b1f4      0xb80 ./Drivers/STM32F1xx_HAL_Driver/Src/stm32f1xx_hal_cortex.o
 .debug_info    0x000000000000bd74      0x73f ./Drivers/STM32F1xx_HAL_Driver/Src/stm32f1xx_hal_dma.o
 .debug_info    0x000000000000c4b3      0x631 ./Drivers/STM32F1xx_HAL_Driver/Src/stm32f1xx_hal_gpio.o
 .debug_info    0x000000000000cae4      0x90f ./Drivers/STM32F1xx_HAL_Driver/Src/stm32f1xx_hal_rcc.o
 .debug_info    0x000000000000d3f3      0x5c1 ./Drivers/STM32F1xx_HAL_Driver/Src/stm32f1xx_hal_rcc_ex.o
 .debug_info    0x000000000000d9b4     0x29de ./Drivers/STM32F1xx_HAL_Driver/Src/stm32f1xx_hal_tim.o
 .debug_info    0x0000000000010392     0x1513 ./Drivers/STM32F1xx_HAL_Driver/Src/stm32f1xx_hal_tim_ex.o
 .debug_info    0x00000000000118a5     0x15d8 ./Drivers/STM32F1xx_HAL_Driver/Src/stm32f1xx_hal_uart.o

.debug_abbrev   0x0000000000000000     0x3046
 .debug_abbrev  0x0000000000000000      0x2d8 ./Core/Src/main.o
 .debug_abbrev  0x00000000000002d8      0x271 ./Core/Src/stm32f1xx_hal_msp.o
 .debug_abbrev  0x0000000000000549      0x1f5 ./Core/Src/stm32f1xx_it.o
 .debug_abbrev  0x000000000000073e      0x116 ./Core/Src/system_stm32f1xx.o
 .debug_abbrev  0x0000000000000854      0x23c ./Core/Src/userFiles/adc/adc.o
 .debug_abbrev  0x0000000000000a90      0x1b4 ./Core/Src/userFiles/canBus/canConfig.o
 .debug_abbrev  0x0000000000000c44      0x1d4 ./Core/Src/userFiles/canBus/canRx.o
 .debug_abbrev  0x0000000000000e18      0x1a5 ./Core/Src/userFiles/canBus/canTx.o
 .debug_abbrev  0x0000000000000fbd      0x1b5 ./Core/Src/userFiles/inits/inits.o
 .debug_abbrev  0x0000000000001172      0x157 ./Core/Src/userFiles/linBus/linRx.o
 .debug_abbrev  0x00000000000012c9      0x1a0 ./Core/Src/userFiles/uartRequests/uartRx.o
 .debug_abbrev  0x0000000000001469      0x143 ./Core/Src/userFiles/uartRequests/uartTx.o
 .debug_abbrev  0x00000000000015ac       0x12 ./Core/Startup/startup_stm32f105r8tx.o
 .debug_abbrev  0x00000000000015be      0x1fb ./Drivers/STM32F1xx_HAL_Driver/Src/stm32f1xx_hal.o
 .debug_abbrev  0x00000000000017b9      0x210 ./Drivers/STM32F1xx_HAL_Driver/Src/stm32f1xx_hal_adc.o
 .debug_abbrev  0x00000000000019c9      0x234 ./Drivers/STM32F1xx_HAL_Driver/Src/stm32f1xx_hal_adc_ex.o
 .debug_abbrev  0x0000000000001bfd      0x23d ./Drivers/STM32F1xx_HAL_Driver/Src/stm32f1xx_hal_can.o
 .debug_abbrev  0x0000000000001e3a      0x2ed ./Drivers/STM32F1xx_HAL_Driver/Src/stm32f1xx_hal_cortex.o
 .debug_abbrev  0x0000000000002127      0x1fe ./Drivers/STM32F1xx_HAL_Driver/Src/stm32f1xx_hal_dma.o
 .debug_abbrev  0x0000000000002325      0x1bb ./Drivers/STM32F1xx_HAL_Driver/Src/stm32f1xx_hal_gpio.o
 .debug_abbrev  0x00000000000024e0      0x28a ./Drivers/STM32F1xx_HAL_Driver/Src/stm32f1xx_hal_rcc.o
 .debug_abbrev  0x000000000000276a      0x1a2 ./Drivers/STM32F1xx_HAL_Driver/Src/stm32f1xx_hal_rcc_ex.o
 .debug_abbrev  0x000000000000290c      0x25d ./Drivers/STM32F1xx_HAL_Driver/Src/stm32f1xx_hal_tim.o
 .debug_abbrev  0x0000000000002b69      0x265 ./Drivers/STM32F1xx_HAL_Driver/Src/stm32f1xx_hal_tim_ex.o
 .debug_abbrev  0x0000000000002dce      0x278 ./Drivers/STM32F1xx_HAL_Driver/Src/stm32f1xx_hal_uart.o

.debug_aranges  0x0000000000000000     0x10b8
 .debug_aranges
                0x0000000000000000       0x80 ./Core/Src/main.o
 .debug_aranges
                0x0000000000000080       0x60 ./Core/Src/stm32f1xx_hal_msp.o
 .debug_aranges
                0x00000000000000e0       0xc8 ./Core/Src/stm32f1xx_it.o
 .debug_aranges
                0x00000000000001a8       0x28 ./Core/Src/system_stm32f1xx.o
 .debug_aranges
                0x00000000000001d0       0x40 ./Core/Src/userFiles/adc/adc.o
 .debug_aranges
                0x0000000000000210       0x28 ./Core/Src/userFiles/canBus/canConfig.o
 .debug_aranges
                0x0000000000000238       0x30 ./Core/Src/userFiles/canBus/canRx.o
 .debug_aranges
                0x0000000000000268       0x20 ./Core/Src/userFiles/canBus/canTx.o
 .debug_aranges
                0x0000000000000288       0x28 ./Core/Src/userFiles/inits/inits.o
 .debug_aranges
                0x00000000000002b0       0x20 ./Core/Src/userFiles/linBus/linRx.o
 .debug_aranges
                0x00000000000002d0       0x28 ./Core/Src/userFiles/uartRequests/uartRx.o
 .debug_aranges
                0x00000000000002f8       0x20 ./Core/Src/userFiles/uartRequests/uartTx.o
 .debug_aranges
                0x0000000000000318       0x28 ./Core/Startup/startup_stm32f105r8tx.o
 .debug_aranges
                0x0000000000000340       0xe0 ./Drivers/STM32F1xx_HAL_Driver/Src/stm32f1xx_hal.o
 .debug_aranges
                0x0000000000000420       0xf0 ./Drivers/STM32F1xx_HAL_Driver/Src/stm32f1xx_hal_adc.o
 .debug_aranges
                0x0000000000000510       0x80 ./Drivers/STM32F1xx_HAL_Driver/Src/stm32f1xx_hal_adc_ex.o
 .debug_aranges
                0x0000000000000590      0x138 ./Drivers/STM32F1xx_HAL_Driver/Src/stm32f1xx_hal_can.o
 .debug_aranges
                0x00000000000006c8      0x100 ./Drivers/STM32F1xx_HAL_Driver/Src/stm32f1xx_hal_cortex.o
 .debug_aranges
                0x00000000000007c8       0x80 ./Drivers/STM32F1xx_HAL_Driver/Src/stm32f1xx_hal_dma.o
 .debug_aranges
                0x0000000000000848       0x58 ./Drivers/STM32F1xx_HAL_Driver/Src/stm32f1xx_hal_gpio.o
 .debug_aranges
                0x00000000000008a0       0x90 ./Drivers/STM32F1xx_HAL_Driver/Src/stm32f1xx_hal_rcc.o
 .debug_aranges
                0x0000000000000930       0x50 ./Drivers/STM32F1xx_HAL_Driver/Src/stm32f1xx_hal_rcc_ex.o
 .debug_aranges
                0x0000000000000980      0x3d0 ./Drivers/STM32F1xx_HAL_Driver/Src/stm32f1xx_hal_tim.o
 .debug_aranges
                0x0000000000000d50      0x168 ./Drivers/STM32F1xx_HAL_Driver/Src/stm32f1xx_hal_tim_ex.o
 .debug_aranges
                0x0000000000000eb8      0x200 ./Drivers/STM32F1xx_HAL_Driver/Src/stm32f1xx_hal_uart.o

.debug_ranges   0x0000000000000000      0xf60
 .debug_ranges  0x0000000000000000       0x70 ./Core/Src/main.o
 .debug_ranges  0x0000000000000070       0x50 ./Core/Src/stm32f1xx_hal_msp.o
 .debug_ranges  0x00000000000000c0       0xb8 ./Core/Src/stm32f1xx_it.o
 .debug_ranges  0x0000000000000178       0x18 ./Core/Src/system_stm32f1xx.o
 .debug_ranges  0x0000000000000190       0x30 ./Core/Src/userFiles/adc/adc.o
 .debug_ranges  0x00000000000001c0       0x18 ./Core/Src/userFiles/canBus/canConfig.o
 .debug_ranges  0x00000000000001d8       0x20 ./Core/Src/userFiles/canBus/canRx.o
 .debug_ranges  0x00000000000001f8       0x10 ./Core/Src/userFiles/canBus/canTx.o
 .debug_ranges  0x0000000000000208       0x18 ./Core/Src/userFiles/inits/inits.o
 .debug_ranges  0x0000000000000220       0x10 ./Core/Src/userFiles/linBus/linRx.o
 .debug_ranges  0x0000000000000230       0x18 ./Core/Src/userFiles/uartRequests/uartRx.o
 .debug_ranges  0x0000000000000248       0x10 ./Core/Src/userFiles/uartRequests/uartTx.o
 .debug_ranges  0x0000000000000258       0x20 ./Core/Startup/startup_stm32f105r8tx.o
 .debug_ranges  0x0000000000000278       0xd0 ./Drivers/STM32F1xx_HAL_Driver/Src/stm32f1xx_hal.o
 .debug_ranges  0x0000000000000348       0xe0 ./Drivers/STM32F1xx_HAL_Driver/Src/stm32f1xx_hal_adc.o
 .debug_ranges  0x0000000000000428       0x70 ./Drivers/STM32F1xx_HAL_Driver/Src/stm32f1xx_hal_adc_ex.o
 .debug_ranges  0x0000000000000498      0x128 ./Drivers/STM32F1xx_HAL_Driver/Src/stm32f1xx_hal_can.o
 .debug_ranges  0x00000000000005c0       0xf0 ./Drivers/STM32F1xx_HAL_Driver/Src/stm32f1xx_hal_cortex.o
 .debug_ranges  0x00000000000006b0       0x70 ./Drivers/STM32F1xx_HAL_Driver/Src/stm32f1xx_hal_dma.o
 .debug_ranges  0x0000000000000720       0x48 ./Drivers/STM32F1xx_HAL_Driver/Src/stm32f1xx_hal_gpio.o
 .debug_ranges  0x0000000000000768       0x80 ./Drivers/STM32F1xx_HAL_Driver/Src/stm32f1xx_hal_rcc.o
 .debug_ranges  0x00000000000007e8       0x40 ./Drivers/STM32F1xx_HAL_Driver/Src/stm32f1xx_hal_rcc_ex.o
 .debug_ranges  0x0000000000000828      0x3c0 ./Drivers/STM32F1xx_HAL_Driver/Src/stm32f1xx_hal_tim.o
 .debug_ranges  0x0000000000000be8      0x158 ./Drivers/STM32F1xx_HAL_Driver/Src/stm32f1xx_hal_tim_ex.o
 .debug_ranges  0x0000000000000d40      0x220 ./Drivers/STM32F1xx_HAL_Driver/Src/stm32f1xx_hal_uart.o

.debug_macro    0x0000000000000000    0x2104e
 .debug_macro   0x0000000000000000      0x305 ./Core/Src/main.o
 .debug_macro   0x0000000000000305      0xa6c ./Core/Src/main.o
 .debug_macro   0x0000000000000d71      0x22d ./Core/Src/main.o
 .debug_macro   0x0000000000000f9e       0x2e ./Core/Src/main.o
 .debug_macro   0x0000000000000fcc       0x22 ./Core/Src/main.o
 .debug_macro   0x0000000000000fee       0x22 ./Core/Src/main.o
 .debug_macro   0x0000000000001010       0x8e ./Core/Src/main.o
 .debug_macro   0x000000000000109e       0x51 ./Core/Src/main.o
 .debug_macro   0x00000000000010ef      0x103 ./Core/Src/main.o
 .debug_macro   0x00000000000011f2       0x6a ./Core/Src/main.o
 .debug_macro   0x000000000000125c      0x1df ./Core/Src/main.o
 .debug_macro   0x000000000000143b       0x1c ./Core/Src/main.o
 .debug_macro   0x0000000000001457       0x22 ./Core/Src/main.o
 .debug_macro   0x0000000000001479       0xbd ./Core/Src/main.o
 .debug_macro   0x0000000000001536      0xd23 ./Core/Src/main.o
 .debug_macro   0x0000000000002259    0x14912 ./Core/Src/main.o
 .debug_macro   0x0000000000016b6b       0x6d ./Core/Src/main.o
 .debug_macro   0x0000000000016bd8     0x3468 ./Core/Src/main.o
 .debug_macro   0x000000000001a040      0x174 ./Core/Src/main.o
 .debug_macro   0x000000000001a1b4       0x5c ./Core/Src/main.o
 .debug_macro   0x000000000001a210      0x5be ./Core/Src/main.o
 .debug_macro   0x000000000001a7ce      0x644 ./Core/Src/main.o
 .debug_macro   0x000000000001ae12      0x1cb ./Core/Src/main.o
 .debug_macro   0x000000000001afdd      0x114 ./Core/Src/main.o
 .debug_macro   0x000000000001b0f1      0x214 ./Core/Src/main.o
 .debug_macro   0x000000000001b305       0x27 ./Core/Src/main.o
 .debug_macro   0x000000000001b32c      0x13c ./Core/Src/main.o
 .debug_macro   0x000000000001b468      0x1bc ./Core/Src/main.o
 .debug_macro   0x000000000001b624       0x30 ./Core/Src/main.o
 .debug_macro   0x000000000001b654       0x3c ./Core/Src/main.o
 .debug_macro   0x000000000001b690      0x40f ./Core/Src/main.o
 .debug_macro   0x000000000001ba9f       0x57 ./Core/Src/main.o
 .debug_macro   0x000000000001baf6      0x46a ./Core/Src/main.o
 .debug_macro   0x000000000001bf60      0x1c3 ./Core/Src/main.o
 .debug_macro   0x000000000001c123       0x88 ./Core/Src/main.o
 .debug_macro   0x000000000001c1ab      0x24f ./Core/Src/main.o
 .debug_macro   0x000000000001c3fa      0x141 ./Core/Src/main.o
 .debug_macro   0x000000000001c53b      0x8d1 ./Core/Src/main.o
 .debug_macro   0x000000000001ce0c      0x279 ./Core/Src/main.o
 .debug_macro   0x000000000001d085       0xdf ./Core/Src/main.o
 .debug_macro   0x000000000001d164       0x40 ./Core/Src/main.o
 .debug_macro   0x000000000001d1a4       0x88 ./Core/Src/main.o
 .debug_macro   0x000000000001d22c       0x22 ./Core/Src/main.o
 .debug_macro   0x000000000001d24e       0x18 ./Core/Src/main.o
 .debug_macro   0x000000000001d266       0x52 ./Core/Src/main.o
 .debug_macro   0x000000000001d2b8       0x3c ./Core/Src/main.o
 .debug_macro   0x000000000001d2f4       0x34 ./Core/Src/main.o
 .debug_macro   0x000000000001d328       0x16 ./Core/Src/main.o
 .debug_macro   0x000000000001d33e       0x35 ./Core/Src/main.o
 .debug_macro   0x000000000001d373       0x16 ./Core/Src/main.o
 .debug_macro   0x000000000001d389       0x43 ./Core/Src/main.o
 .debug_macro   0x000000000001d3cc       0x34 ./Core/Src/main.o
 .debug_macro   0x000000000001d400       0x10 ./Core/Src/main.o
 .debug_macro   0x000000000001d410       0x58 ./Core/Src/main.o
 .debug_macro   0x000000000001d468       0x71 ./Core/Src/main.o
 .debug_macro   0x000000000001d4d9       0x1c ./Core/Src/main.o
 .debug_macro   0x000000000001d4f5      0x12a ./Core/Src/main.o
 .debug_macro   0x000000000001d61f      0x341 ./Core/Src/main.o
 .debug_macro   0x000000000001d960       0x16 ./Core/Src/main.o
 .debug_macro   0x000000000001d976       0x29 ./Core/Src/main.o
 .debug_macro   0x000000000001d99f       0x16 ./Core/Src/main.o
 .debug_macro   0x000000000001d9b5       0x20 ./Core/Src/main.o
 .debug_macro   0x000000000001d9d5       0x82 ./Core/Src/main.o
 .debug_macro   0x000000000001da57      0x305 ./Core/Src/stm32f1xx_hal_msp.o
 .debug_macro   0x000000000001dd5c      0x30f ./Core/Src/stm32f1xx_it.o
 .debug_macro   0x000000000001e06b      0x1c1 ./Core/Src/system_stm32f1xx.o
 .debug_macro   0x000000000001e22c      0x309 ./Core/Src/userFiles/adc/adc.o
 .debug_macro   0x000000000001e535      0x305 ./Core/Src/userFiles/canBus/canConfig.o
 .debug_macro   0x000000000001e83a      0x305 ./Core/Src/userFiles/canBus/canRx.o
 .debug_macro   0x000000000001eb3f      0x305 ./Core/Src/userFiles/canBus/canTx.o
 .debug_macro   0x000000000001ee44      0x309 ./Core/Src/userFiles/inits/inits.o
 .debug_macro   0x000000000001f14d      0x309 ./Core/Src/userFiles/linBus/linRx.o
 .debug_macro   0x000000000001f456      0x309 ./Core/Src/userFiles/uartRequests/uartRx.o
 .debug_macro   0x000000000001f75f      0x309 ./Core/Src/userFiles/uartRequests/uartTx.o
 .debug_macro   0x000000000001fa68      0x1e5 ./Drivers/STM32F1xx_HAL_Driver/Src/stm32f1xx_hal.o
 .debug_macro   0x000000000001fc4d      0x1de ./Drivers/STM32F1xx_HAL_Driver/Src/stm32f1xx_hal_adc.o
 .debug_macro   0x000000000001fe2b      0x1d3 ./Drivers/STM32F1xx_HAL_Driver/Src/stm32f1xx_hal_adc_ex.o
 .debug_macro   0x000000000001fffe      0x1c9 ./Drivers/STM32F1xx_HAL_Driver/Src/stm32f1xx_hal_can.o
 .debug_macro   0x00000000000201c7      0x1c1 ./Drivers/STM32F1xx_HAL_Driver/Src/stm32f1xx_hal_cortex.o
 .debug_macro   0x0000000000020388      0x1c1 ./Drivers/STM32F1xx_HAL_Driver/Src/stm32f1xx_hal_dma.o
 .debug_macro   0x0000000000020549      0x22c ./Drivers/STM32F1xx_HAL_Driver/Src/stm32f1xx_hal_gpio.o
 .debug_macro   0x0000000000020775      0x1d3 ./Drivers/STM32F1xx_HAL_Driver/Src/stm32f1xx_hal_rcc.o
 .debug_macro   0x0000000000020948      0x1c1 ./Drivers/STM32F1xx_HAL_Driver/Src/stm32f1xx_hal_rcc_ex.o
 .debug_macro   0x0000000000020b09      0x1c2 ./Drivers/STM32F1xx_HAL_Driver/Src/stm32f1xx_hal_tim.o
 .debug_macro   0x0000000000020ccb      0x1c1 ./Drivers/STM32F1xx_HAL_Driver/Src/stm32f1xx_hal_tim_ex.o
 .debug_macro   0x0000000000020e8c      0x1c2 ./Drivers/STM32F1xx_HAL_Driver/Src/stm32f1xx_hal_uart.o

.debug_line     0x0000000000000000    0x15421
 .debug_line    0x0000000000000000      0xc34 ./Core/Src/main.o
 .debug_line    0x0000000000000c34      0xb13 ./Core/Src/stm32f1xx_hal_msp.o
 .debug_line    0x0000000000001747      0xaae ./Core/Src/stm32f1xx_it.o
 .debug_line    0x00000000000021f5      0x777 ./Core/Src/system_stm32f1xx.o
 .debug_line    0x000000000000296c      0xb46 ./Core/Src/userFiles/adc/adc.o
 .debug_line    0x00000000000034b2      0x908 ./Core/Src/userFiles/canBus/canConfig.o
 .debug_line    0x0000000000003dba      0x93c ./Core/Src/userFiles/canBus/canRx.o
 .debug_line    0x00000000000046f6      0x8c2 ./Core/Src/userFiles/canBus/canTx.o
 .debug_line    0x0000000000004fb8      0x8f0 ./Core/Src/userFiles/inits/inits.o
 .debug_line    0x00000000000058a8      0x8c1 ./Core/Src/userFiles/linBus/linRx.o
 .debug_line    0x0000000000006169      0x904 ./Core/Src/userFiles/uartRequests/uartRx.o
 .debug_line    0x0000000000006a6d      0x8c5 ./Core/Src/userFiles/uartRequests/uartTx.o
 .debug_line    0x0000000000007332       0x87 ./Core/Startup/startup_stm32f105r8tx.o
 .debug_line    0x00000000000073b9      0x96f ./Drivers/STM32F1xx_HAL_Driver/Src/stm32f1xx_hal.o
 .debug_line    0x0000000000007d28      0xfe4 ./Drivers/STM32F1xx_HAL_Driver/Src/stm32f1xx_hal_adc.o
 .debug_line    0x0000000000008d0c      0xd32 ./Drivers/STM32F1xx_HAL_Driver/Src/stm32f1xx_hal_adc_ex.o
 .debug_line    0x0000000000009a3e     0x1113 ./Drivers/STM32F1xx_HAL_Driver/Src/stm32f1xx_hal_can.o
 .debug_line    0x000000000000ab51      0xb55 ./Drivers/STM32F1xx_HAL_Driver/Src/stm32f1xx_hal_cortex.o
 .debug_line    0x000000000000b6a6     0x1297 ./Drivers/STM32F1xx_HAL_Driver/Src/stm32f1xx_hal_dma.o
 .debug_line    0x000000000000c93d      0xa04 ./Drivers/STM32F1xx_HAL_Driver/Src/stm32f1xx_hal_gpio.o
 .debug_line    0x000000000000d341      0xeb4 ./Drivers/STM32F1xx_HAL_Driver/Src/stm32f1xx_hal_rcc.o
 .debug_line    0x000000000000e1f5      0xbae ./Drivers/STM32F1xx_HAL_Driver/Src/stm32f1xx_hal_rcc_ex.o
 .debug_line    0x000000000000eda3     0x336f ./Drivers/STM32F1xx_HAL_Driver/Src/stm32f1xx_hal_tim.o
 .debug_line    0x0000000000012112     0x18c7 ./Drivers/STM32F1xx_HAL_Driver/Src/stm32f1xx_hal_tim_ex.o
 .debug_line    0x00000000000139d9     0x1a48 ./Drivers/STM32F1xx_HAL_Driver/Src/stm32f1xx_hal_uart.o

.debug_str      0x0000000000000000    0xbaa4d
 .debug_str     0x0000000000000000    0xb7129 ./Core/Src/main.o
                                      0xb763a (size before relaxing)
 .debug_str     0x00000000000b7129      0x157 ./Core/Src/stm32f1xx_hal_msp.o
                                      0xb708a (size before relaxing)
 .debug_str     0x00000000000b7280      0x20a ./Core/Src/stm32f1xx_it.o
                                      0xb6cd6 (size before relaxing)
 .debug_str     0x00000000000b748a       0xb1 ./Core/Src/system_stm32f1xx.o
                                      0xb2ce1 (size before relaxing)
 .debug_str     0x00000000000b753b      0x1c3 ./Core/Src/userFiles/adc/adc.o
                                      0xb683b (size before relaxing)
 .debug_str     0x00000000000b76fe      0x14d ./Core/Src/userFiles/canBus/canConfig.o
                                      0xb645d (size before relaxing)
 .debug_str     0x00000000000b784b       0xcc ./Core/Src/userFiles/canBus/canRx.o
                                      0xb6413 (size before relaxing)
 .debug_str     0x00000000000b7917       0x76 ./Core/Src/userFiles/canBus/canTx.o
                                      0xb63bf (size before relaxing)
 .debug_str     0x00000000000b798d       0x24 ./Core/Src/userFiles/inits/inits.o
                                      0xb6737 (size before relaxing)
 .debug_str     0x00000000000b79b1       0x41 ./Core/Src/userFiles/linBus/linRx.o
                                      0xb64a3 (size before relaxing)
 .debug_str     0x00000000000b79f2       0x57 ./Core/Src/userFiles/uartRequests/uartRx.o
                                      0xb64d9 (size before relaxing)
 .debug_str     0x00000000000b7a49       0x57 ./Core/Src/userFiles/uartRequests/uartTx.o
                                      0xb64b5 (size before relaxing)
 .debug_str     0x00000000000b7aa0       0x36 ./Core/Startup/startup_stm32f105r8tx.o
                                         0x83 (size before relaxing)
 .debug_str     0x00000000000b7ad6      0x384 ./Drivers/STM32F1xx_HAL_Driver/Src/stm32f1xx_hal.o
                                      0xb34bb (size before relaxing)
 .debug_str     0x00000000000b7e5a      0x338 ./Drivers/STM32F1xx_HAL_Driver/Src/stm32f1xx_hal_adc.o
                                      0xb3383 (size before relaxing)
 .debug_str     0x00000000000b8192      0x2bc ./Drivers/STM32F1xx_HAL_Driver/Src/stm32f1xx_hal_adc_ex.o
                                      0xb335a (size before relaxing)
 .debug_str     0x00000000000b844e      0x3b7 ./Drivers/STM32F1xx_HAL_Driver/Src/stm32f1xx_hal_can.o
                                      0xb34a6 (size before relaxing)
 .debug_str     0x00000000000b8805      0x26c ./Drivers/STM32F1xx_HAL_Driver/Src/stm32f1xx_hal_cortex.o
                                      0xb33f9 (size before relaxing)
 .debug_str     0x00000000000b8a71      0x1e7 ./Drivers/STM32F1xx_HAL_Driver/Src/stm32f1xx_hal_dma.o
                                      0xb304f (size before relaxing)
 .debug_str     0x00000000000b8c58      0x2b5 ./Drivers/STM32F1xx_HAL_Driver/Src/stm32f1xx_hal_gpio.o
                                      0xb303a (size before relaxing)
 .debug_str     0x00000000000b8f0d      0x244 ./Drivers/STM32F1xx_HAL_Driver/Src/stm32f1xx_hal_rcc.o
                                      0xb3150 (size before relaxing)
 .debug_str     0x00000000000b9151      0x104 ./Drivers/STM32F1xx_HAL_Driver/Src/stm32f1xx_hal_rcc_ex.o
                                      0xb2f5e (size before relaxing)
 .debug_str     0x00000000000b9255      0xe02 ./Drivers/STM32F1xx_HAL_Driver/Src/stm32f1xx_hal_tim.o
                                      0xb40c0 (size before relaxing)
 .debug_str     0x00000000000ba057      0x493 ./Drivers/STM32F1xx_HAL_Driver/Src/stm32f1xx_hal_tim_ex.o
                                      0xb38dc (size before relaxing)
 .debug_str     0x00000000000ba4ea      0x563 ./Drivers/STM32F1xx_HAL_Driver/Src/stm32f1xx_hal_uart.o
                                      0xb36e0 (size before relaxing)

.comment        0x0000000000000000       0x50
 .comment       0x0000000000000000       0x50 ./Core/Src/main.o
                                         0x51 (size before relaxing)
 .comment       0x0000000000000050       0x51 ./Core/Src/stm32f1xx_hal_msp.o
 .comment       0x0000000000000050       0x51 ./Core/Src/stm32f1xx_it.o
 .comment       0x0000000000000050       0x51 ./Core/Src/system_stm32f1xx.o
 .comment       0x0000000000000050       0x51 ./Core/Src/userFiles/adc/adc.o
 .comment       0x0000000000000050       0x51 ./Core/Src/userFiles/canBus/canConfig.o
 .comment       0x0000000000000050       0x51 ./Core/Src/userFiles/canBus/canRx.o
 .comment       0x0000000000000050       0x51 ./Core/Src/userFiles/canBus/canTx.o
 .comment       0x0000000000000050       0x51 ./Core/Src/userFiles/inits/inits.o
 .comment       0x0000000000000050       0x51 ./Core/Src/userFiles/linBus/linRx.o
 .comment       0x0000000000000050       0x51 ./Core/Src/userFiles/uartRequests/uartRx.o
 .comment       0x0000000000000050       0x51 ./Core/Src/userFiles/uartRequests/uartTx.o
 .comment       0x0000000000000050       0x51 ./Drivers/STM32F1xx_HAL_Driver/Src/stm32f1xx_hal.o
 .comment       0x0000000000000050       0x51 ./Drivers/STM32F1xx_HAL_Driver/Src/stm32f1xx_hal_adc.o
 .comment       0x0000000000000050       0x51 ./Drivers/STM32F1xx_HAL_Driver/Src/stm32f1xx_hal_adc_ex.o
 .comment       0x0000000000000050       0x51 ./Drivers/STM32F1xx_HAL_Driver/Src/stm32f1xx_hal_can.o
 .comment       0x0000000000000050       0x51 ./Drivers/STM32F1xx_HAL_Driver/Src/stm32f1xx_hal_cortex.o
 .comment       0x0000000000000050       0x51 ./Drivers/STM32F1xx_HAL_Driver/Src/stm32f1xx_hal_dma.o
 .comment       0x0000000000000050       0x51 ./Drivers/STM32F1xx_HAL_Driver/Src/stm32f1xx_hal_gpio.o
 .comment       0x0000000000000050       0x51 ./Drivers/STM32F1xx_HAL_Driver/Src/stm32f1xx_hal_rcc.o
 .comment       0x0000000000000050       0x51 ./Drivers/STM32F1xx_HAL_Driver/Src/stm32f1xx_hal_rcc_ex.o
 .comment       0x0000000000000050       0x51 ./Drivers/STM32F1xx_HAL_Driver/Src/stm32f1xx_hal_tim.o
 .comment       0x0000000000000050       0x51 ./Drivers/STM32F1xx_HAL_Driver/Src/stm32f1xx_hal_tim_ex.o
 .comment       0x0000000000000050       0x51 ./Drivers/STM32F1xx_HAL_Driver/Src/stm32f1xx_hal_uart.o

.debug_frame    0x0000000000000000     0x4778
 .debug_frame   0x0000000000000000      0x1c0 ./Core/Src/main.o
 .debug_frame   0x00000000000001c0      0x158 ./Core/Src/stm32f1xx_hal_msp.o
 .debug_frame   0x0000000000000318      0x270 ./Core/Src/stm32f1xx_it.o
 .debug_frame   0x0000000000000588       0x58 ./Core/Src/system_stm32f1xx.o
 .debug_frame   0x00000000000005e0       0xdc ./Core/Src/userFiles/adc/adc.o
 .debug_frame   0x00000000000006bc       0x58 ./Core/Src/userFiles/canBus/canConfig.o
 .debug_frame   0x0000000000000714       0x80 ./Core/Src/userFiles/canBus/canRx.o
 .debug_frame   0x0000000000000794       0x34 ./Core/Src/userFiles/canBus/canTx.o
 .debug_frame   0x00000000000007c8       0x6c ./Core/Src/userFiles/inits/inits.o
 .debug_frame   0x0000000000000834       0x34 ./Core/Src/userFiles/linBus/linRx.o
 .debug_frame   0x0000000000000868       0x58 ./Core/Src/userFiles/uartRequests/uartRx.o
 .debug_frame   0x00000000000008c0       0x34 ./Core/Src/userFiles/uartRequests/uartTx.o
 .debug_frame   0x00000000000008f4      0x334 ./Drivers/STM32F1xx_HAL_Driver/Src/stm32f1xx_hal.o
 .debug_frame   0x0000000000000c28      0x40c ./Drivers/STM32F1xx_HAL_Driver/Src/stm32f1xx_hal_adc.o
 .debug_frame   0x0000000000001034      0x200 ./Drivers/STM32F1xx_HAL_Driver/Src/stm32f1xx_hal_adc_ex.o
 .debug_frame   0x0000000000001234      0x5a0 ./Drivers/STM32F1xx_HAL_Driver/Src/stm32f1xx_hal_can.o
 .debug_frame   0x00000000000017d4      0x428 ./Drivers/STM32F1xx_HAL_Driver/Src/stm32f1xx_hal_cortex.o
 .debug_frame   0x0000000000001bfc      0x20c ./Drivers/STM32F1xx_HAL_Driver/Src/stm32f1xx_hal_dma.o
 .debug_frame   0x0000000000001e08      0x14c ./Drivers/STM32F1xx_HAL_Driver/Src/stm32f1xx_hal_gpio.o
 .debug_frame   0x0000000000001f54      0x224 ./Drivers/STM32F1xx_HAL_Driver/Src/stm32f1xx_hal_rcc.o
 .debug_frame   0x0000000000002178      0x118 ./Drivers/STM32F1xx_HAL_Driver/Src/stm32f1xx_hal_rcc_ex.o
 .debug_frame   0x0000000000002290     0x11b8 ./Drivers/STM32F1xx_HAL_Driver/Src/stm32f1xx_hal_tim.o
 .debug_frame   0x0000000000003448      0x638 ./Drivers/STM32F1xx_HAL_Driver/Src/stm32f1xx_hal_tim_ex.o
 .debug_frame   0x0000000000003a80      0x914 ./Drivers/STM32F1xx_HAL_Driver/Src/stm32f1xx_hal_uart.o
 .debug_frame   0x0000000000004394       0x2c c:/st/stm32cubeide_1.11.0/stm32cubeide/plugins/com.st.stm32cube.ide.mcu.externaltools.gnu-tools-for-stm32.10.3-2021.10.win32_1.0.200.202301161003/tools/bin/../lib/gcc/arm-none-eabi/10.3.1/../../../../arm-none-eabi/lib/thumb/v7-m/nofp\libc_nano.a(lib_a-init.o)
 .debug_frame   0x00000000000043c0       0x38 c:/st/stm32cubeide_1.11.0/stm32cubeide/plugins/com.st.stm32cube.ide.mcu.externaltools.gnu-tools-for-stm32.10.3-2021.10.win32_1.0.200.202301161003/tools/bin/../lib/gcc/arm-none-eabi/10.3.1/../../../../arm-none-eabi/lib/thumb/v7-m/nofp\libc_nano.a(lib_a-itoa.o)
 .debug_frame   0x00000000000043f8       0x20 c:/st/stm32cubeide_1.11.0/stm32cubeide/plugins/com.st.stm32cube.ide.mcu.externaltools.gnu-tools-for-stm32.10.3-2021.10.win32_1.0.200.202301161003/tools/bin/../lib/gcc/arm-none-eabi/10.3.1/../../../../arm-none-eabi/lib/thumb/v7-m/nofp\libc_nano.a(lib_a-memset.o)