Archive member included to satisfy reference by file (symbol)

c:/st/stm32cubeide_1.11.0/stm32cubeide/plugins/com.st.stm32cube.ide.mcu.externaltools.gnu-tools-for-stm32.10.3-2021.10.win32_1.0.100.202210260954/tools/bin/../lib/gcc/arm-none-eabi/10.3.1/../../../../arm-none-eabi/lib/thumb/v7-m/nofp\libc_nano.a(lib_a-errno.o)
                              ./Core/Src/syscalls.o (__errno)
c:/st/stm32cubeide_1.11.0/stm32cubeide/plugins/com.st.stm32cube.ide.mcu.externaltools.gnu-tools-for-stm32.10.3-2021.10.win32_1.0.100.202210260954/tools/bin/../lib/gcc/arm-none-eabi/10.3.1/../../../../arm-none-eabi/lib/thumb/v7-m/nofp\libc_nano.a(lib_a-exit.o)
                              c:/st/stm32cubeide_1.11.0/stm32cubeide/plugins/com.st.stm32cube.ide.mcu.externaltools.gnu-tools-for-stm32.10.3-2021.10.win32_1.0.100.202210260954/tools/bin/../lib/gcc/arm-none-eabi/10.3.1/../../../../arm-none-eabi/lib/thumb/v7-m/nofp/crt0.o (exit)
c:/st/stm32cubeide_1.11.0/stm32cubeide/plugins/com.st.stm32cube.ide.mcu.externaltools.gnu-tools-for-stm32.10.3-2021.10.win32_1.0.100.202210260954/tools/bin/../lib/gcc/arm-none-eabi/10.3.1/../../../../arm-none-eabi/lib/thumb/v7-m/nofp\libc_nano.a(lib_a-impure.o)
                              c:/st/stm32cubeide_1.11.0/stm32cubeide/plugins/com.st.stm32cube.ide.mcu.externaltools.gnu-tools-for-stm32.10.3-2021.10.win32_1.0.100.202210260954/tools/bin/../lib/gcc/arm-none-eabi/10.3.1/../../../../arm-none-eabi/lib/thumb/v7-m/nofp\libc_nano.a(lib_a-exit.o) (_global_impure_ptr)
c:/st/stm32cubeide_1.11.0/stm32cubeide/plugins/com.st.stm32cube.ide.mcu.externaltools.gnu-tools-for-stm32.10.3-2021.10.win32_1.0.100.202210260954/tools/bin/../lib/gcc/arm-none-eabi/10.3.1/../../../../arm-none-eabi/lib/thumb/v7-m/nofp\libc_nano.a(lib_a-init.o)
                              c:/st/stm32cubeide_1.11.0/stm32cubeide/plugins/com.st.stm32cube.ide.mcu.externaltools.gnu-tools-for-stm32.10.3-2021.10.win32_1.0.100.202210260954/tools/bin/../lib/gcc/arm-none-eabi/10.3.1/../../../../arm-none-eabi/lib/thumb/v7-m/nofp/crt0.o (__libc_init_array)
c:/st/stm32cubeide_1.11.0/stm32cubeide/plugins/com.st.stm32cube.ide.mcu.externaltools.gnu-tools-for-stm32.10.3-2021.10.win32_1.0.100.202210260954/tools/bin/../lib/gcc/arm-none-eabi/10.3.1/../../../../arm-none-eabi/lib/thumb/v7-m/nofp\libc_nano.a(lib_a-memset.o)
                              c:/st/stm32cubeide_1.11.0/stm32cubeide/plugins/com.st.stm32cube.ide.mcu.externaltools.gnu-tools-for-stm32.10.3-2021.10.win32_1.0.100.202210260954/tools/bin/../lib/gcc/arm-none-eabi/10.3.1/../../../../arm-none-eabi/lib/thumb/v7-m/nofp/crt0.o (memset)
c:/st/stm32cubeide_1.11.0/stm32cubeide/plugins/com.st.stm32cube.ide.mcu.externaltools.gnu-tools-for-stm32.10.3-2021.10.win32_1.0.100.202210260954/tools/bin/../lib/gcc/arm-none-eabi/10.3.1/thumb/v7-m/nofp\libgcc.a(_aeabi_uldivmod.o)
                              ./Drivers/STM32F2xx_HAL_Driver/Src/stm32f2xx_hal_rcc.o (__aeabi_uldivmod)
c:/st/stm32cubeide_1.11.0/stm32cubeide/plugins/com.st.stm32cube.ide.mcu.externaltools.gnu-tools-for-stm32.10.3-2021.10.win32_1.0.100.202210260954/tools/bin/../lib/gcc/arm-none-eabi/10.3.1/thumb/v7-m/nofp\libgcc.a(_udivmoddi4.o)
                              c:/st/stm32cubeide_1.11.0/stm32cubeide/plugins/com.st.stm32cube.ide.mcu.externaltools.gnu-tools-for-stm32.10.3-2021.10.win32_1.0.100.202210260954/tools/bin/../lib/gcc/arm-none-eabi/10.3.1/thumb/v7-m/nofp\libgcc.a(_aeabi_uldivmod.o) (__udivmoddi4)
c:/st/stm32cubeide_1.11.0/stm32cubeide/plugins/com.st.stm32cube.ide.mcu.externaltools.gnu-tools-for-stm32.10.3-2021.10.win32_1.0.100.202210260954/tools/bin/../lib/gcc/arm-none-eabi/10.3.1/thumb/v7-m/nofp\libgcc.a(_dvmd_tls.o)
                              c:/st/stm32cubeide_1.11.0/stm32cubeide/plugins/com.st.stm32cube.ide.mcu.externaltools.gnu-tools-for-stm32.10.3-2021.10.win32_1.0.100.202210260954/tools/bin/../lib/gcc/arm-none-eabi/10.3.1/thumb/v7-m/nofp\libgcc.a(_aeabi_uldivmod.o) (__aeabi_ldiv0)

Discarded input sections

 .text          0x0000000000000000        0x0 c:/st/stm32cubeide_1.11.0/stm32cubeide/plugins/com.st.stm32cube.ide.mcu.externaltools.gnu-tools-for-stm32.10.3-2021.10.win32_1.0.100.202210260954/tools/bin/../lib/gcc/arm-none-eabi/10.3.1/thumb/v7-m/nofp/crti.o
 .data          0x0000000000000000        0x0 c:/st/stm32cubeide_1.11.0/stm32cubeide/plugins/com.st.stm32cube.ide.mcu.externaltools.gnu-tools-for-stm32.10.3-2021.10.win32_1.0.100.202210260954/tools/bin/../lib/gcc/arm-none-eabi/10.3.1/thumb/v7-m/nofp/crti.o
 .bss           0x0000000000000000        0x0 c:/st/stm32cubeide_1.11.0/stm32cubeide/plugins/com.st.stm32cube.ide.mcu.externaltools.gnu-tools-for-stm32.10.3-2021.10.win32_1.0.100.202210260954/tools/bin/../lib/gcc/arm-none-eabi/10.3.1/thumb/v7-m/nofp/crti.o
 .data          0x0000000000000000        0x4 c:/st/stm32cubeide_1.11.0/stm32cubeide/plugins/com.st.stm32cube.ide.mcu.externaltools.gnu-tools-for-stm32.10.3-2021.10.win32_1.0.100.202210260954/tools/bin/../lib/gcc/arm-none-eabi/10.3.1/thumb/v7-m/nofp/crtbegin.o
[...]
Memory Configuration

Name             Origin             Length             Attributes
RAM              0x0000000020000000 0x0000000000020000 xrw
FLASH            0x0000000008000000 0x0000000000080000 xr
*default*        0x0000000000000000 0xffffffffffffffff

Linker script and memory map

LOAD c:/st/stm32cubeide_1.11.0/stm32cubeide/plugins/com.st.stm32cube.ide.mcu.externaltools.gnu-tools-for-stm32.10.3-2021.10.win32_1.0.100.202210260954/tools/bin/../lib/gcc/arm-none-eabi/10.3.1/thumb/v7-m/nofp/crti.o
LOAD c:/st/stm32cubeide_1.11.0/stm32cubeide/plugins/com.st.stm32cube.ide.mcu.externaltools.gnu-tools-for-stm32.10.3-2021.10.win32_1.0.100.202210260954/tools/bin/../lib/gcc/arm-none-eabi/10.3.1/thumb/v7-m/nofp/crtbegin.o
LOAD c:/st/stm32cubeide_1.11.0/stm32cubeide/plugins/com.st.stm32cube.ide.mcu.externaltools.gnu-tools-for-stm32.10.3-2021.10.win32_1.0.100.202210260954/tools/bin/../lib/gcc/arm-none-eabi/10.3.1/../../../../arm-none-eabi/lib/thumb/v7-m/nofp/crt0.o
LOAD ./Core/Src/CAN1_Config.o
LOAD ./Core/Src/CAN2_Config.o
LOAD ./Core/Src/main.o
LOAD ./Core/Src/stm32f2xx_hal_msp.o
LOAD ./Core/Src/stm32f2xx_it.o
LOAD ./Core/Src/syscalls.o
LOAD ./Core/Src/sysmem.o
LOAD ./Core/Src/system_stm32f2xx.o
LOAD ./Core/Startup/startup_stm32f205reyx.o
LOAD ./Drivers/STM32F2xx_HAL_Driver/Src/stm32f2xx_hal.o
LOAD ./Drivers/STM32F2xx_HAL_Driver/Src/stm32f2xx_hal_can.o
LOAD ./Drivers/STM32F2xx_HAL_Driver/Src/stm32f2xx_hal_cortex.o
LOAD ./Drivers/STM32F2xx_HAL_Driver/Src/stm32f2xx_hal_dma.o
LOAD ./Drivers/STM32F2xx_HAL_Driver/Src/stm32f2xx_hal_dma_ex.o
LOAD ./Drivers/STM32F2xx_HAL_Driver/Src/stm32f2xx_hal_exti.o
LOAD ./Drivers/STM32F2xx_HAL_Driver/Src/stm32f2xx_hal_flash.o
LOAD ./Drivers/STM32F2xx_HAL_Driver/Src/stm32f2xx_hal_flash_ex.o
LOAD ./Drivers/STM32F2xx_HAL_Driver/Src/stm32f2xx_hal_gpio.o
LOAD ./Drivers/STM32F2xx_HAL_Driver/Src/stm32f2xx_hal_pwr.o
LOAD ./Drivers/STM32F2xx_HAL_Driver/Src/stm32f2xx_hal_pwr_ex.o
LOAD ./Drivers/STM32F2xx_HAL_Driver/Src/stm32f2xx_hal_rcc.o
LOAD ./Drivers/STM32F2xx_HAL_Driver/Src/stm32f2xx_hal_rcc_ex.o
LOAD ./Drivers/STM32F2xx_HAL_Driver/Src/stm32f2xx_hal_tim.o
LOAD ./Drivers/STM32F2xx_HAL_Driver/Src/stm32f2xx_hal_tim_ex.o
START GROUP
LOAD c:/st/stm32cubeide_1.11.0/stm32cubeide/plugins/com.st.stm32cube.ide.mcu.externaltools.gnu-tools-for-stm32.10.3-2021.10.win32_1.0.100.202210260954/tools/bin/../lib/gcc/arm-none-eabi/10.3.1/../../../../arm-none-eabi/lib/thumb/v7-m/nofp\libc_nano.a
LOAD c:/st/stm32cubeide_1.11.0/stm32cubeide/plugins/com.st.stm32cube.ide.mcu.externaltools.gnu-tools-for-stm32.10.3-2021.10.win32_1.0.100.202210260954/tools/bin/../lib/gcc/arm-none-eabi/10.3.1/../../../../arm-none-eabi/lib/thumb/v7-m/nofp\libm.a
END GROUP
START GROUP
LOAD c:/st/stm32cubeide_1.11.0/stm32cubeide/plugins/com.st.stm32cube.ide.mcu.externaltools.gnu-tools-for-stm32.10.3-2021.10.win32_1.0.100.202210260954/tools/bin/../lib/gcc/arm-none-eabi/10.3.1/thumb/v7-m/nofp\libgcc.a
LOAD c:/st/stm32cubeide_1.11.0/stm32cubeide/plugins/com.st.stm32cube.ide.mcu.externaltools.gnu-tools-for-stm32.10.3-2021.10.win32_1.0.100.202210260954/tools/bin/../lib/gcc/arm-none-eabi/10.3.1/../../../../arm-none-eabi/lib/thumb/v7-m/nofp\libc_nano.a
END GROUP
START GROUP
LOAD c:/st/stm32cubeide_1.11.0/stm32cubeide/plugins/com.st.stm32cube.ide.mcu.externaltools.gnu-tools-for-stm32.10.3-2021.10.win32_1.0.100.202210260954/tools/bin/../lib/gcc/arm-none-eabi/10.3.1/thumb/v7-m/nofp\libgcc.a
LOAD c:/st/stm32cubeide_1.11.0/stm32cubeide/plugins/com.st.stm32cube.ide.mcu.externaltools.gnu-tools-for-stm32.10.3-2021.10.win32_1.0.100.202210260954/tools/bin/../lib/gcc/arm-none-eabi/10.3.1/../../../../arm-none-eabi/lib/thumb/v7-m/nofp\libc_nano.a
LOAD c:/st/stm32cubeide_1.11.0/stm32cubeide/plugins/com.st.stm32cube.ide.mcu.externaltools.gnu-tools-for-stm32.10.3-2021.10.win32_1.0.100.202210260954/tools/bin/../lib/gcc/arm-none-eabi/10.3.1/../../../../arm-none-eabi/lib/thumb/v7-m/nofp\libnosys.a
END GROUP
START GROUP
LOAD c:/st/stm32cubeide_1.11.0/stm32cubeide/plugins/com.st.stm32cube.ide.mcu.externaltools.gnu-tools-for-stm32.10.3-2021.10.win32_1.0.100.202210260954/tools/bin/../lib/gcc/arm-none-eabi/10.3.1/thumb/v7-m/nofp\libgcc.a
LOAD c:/st/stm32cubeide_1.11.0/stm32cubeide/plugins/com.st.stm32cube.ide.mcu.externaltools.gnu-tools-for-stm32.10.3-2021.10.win32_1.0.100.202210260954/tools/bin/../lib/gcc/arm-none-eabi/10.3.1/../../../../arm-none-eabi/lib/thumb/v7-m/nofp\libc_nano.a
LOAD c:/st/stm32cubeide_1.11.0/stm32cubeide/plugins/com.st.stm32cube.ide.mcu.externaltools.gnu-tools-for-stm32.10.3-2021.10.win32_1.0.100.202210260954/tools/bin/../lib/gcc/arm-none-eabi/10.3.1/../../../../arm-none-eabi/lib/thumb/v7-m/nofp\libnosys.a
END GROUP
LOAD c:/st/stm32cubeide_1.11.0/stm32cubeide/plugins/com.st.stm32cube.ide.mcu.externaltools.gnu-tools-for-stm32.10.3-2021.10.win32_1.0.100.202210260954/tools/bin/../lib/gcc/arm-none-eabi/10.3.1/thumb/v7-m/nofp/crtend.o
LOAD c:/st/stm32cubeide_1.11.0/stm32cubeide/plugins/com.st.stm32cube.ide.mcu.externaltools.gnu-tools-for-stm32.10.3-2021.10.win32_1.0.100.202210260954/tools/bin/../lib/gcc/arm-none-eabi/10.3.1/thumb/v7-m/nofp/crtn.o
                0x0000000020020000                _estack = (ORIGIN (RAM) + LENGTH (RAM))
                0x0000000000000200                _Min_Heap_Size = 0x200
                0x0000000000000400                _Min_Stack_Size = 0x400

.isr_vector     0x0000000008000000      0x184
                0x0000000008000000                . = ALIGN (0x4)
 *(.isr_vector)
 .isr_vector    0x0000000008000000      0x184 ./Core/Startup/startup_stm32f205reyx.o
                0x0000000008000000                g_pfnVectors
                0x0000000008000184                . = ALIGN (0x4)

.text           0x0000000008000184     0x2dbc
                0x0000000008000184                . = ALIGN (0x4)
 *(.text)
 .text          0x0000000008000184       0x40 c:/st/stm32cubeide_1.11.0/stm32cubeide/plugins/com.st.stm32cube.ide.mcu.externaltools.gnu-tools-for-stm32.10.3-2021.10.win32_1.0.100.202210260954/tools/bin/../lib/gcc/arm-none-eabi/10.3.1/thumb/v7-m/nofp/crtbegin.o
 .text          0x00000000080001c4       0x30 c:/st/stm32cubeide_1.11.0/stm32cubeide/plugins/com.st.stm32cube.ide.mcu.externaltools.gnu-tools-for-stm32.10.3-2021.10.win32_1.0.100.202210260954/tools/bin/../lib/gcc/arm-none-eabi/10.3.1/thumb/v7-m/nofp\libgcc.a(_aeabi_uldivmod.o)
                0x00000000080001c4                __aeabi_uldivmod
 .text          0x00000000080001f4      0x2d4 c:/st/stm32cubeide_1.11.0/stm32cubeide/plugins/com.st.stm32cube.ide.mcu.externaltools.gnu-tools-for-stm32.10.3-2021.10.win32_1.0.100.202210260954/tools/bin/../lib/gcc/arm-none-eabi/10.3.1/thumb/v7-m/nofp\libgcc.a(_udivmoddi4.o)
                0x00000000080001f4                __udivmoddi4
 .text          0x00000000080004c8        0x4 c:/st/stm32cubeide_1.11.0/stm32cubeide/plugins/com.st.stm32cube.ide.mcu.externaltools.gnu-tools-for-stm32.10.3-2021.10.win32_1.0.100.202210260954/tools/bin/../lib/gcc/arm-none-eabi/10.3.1/thumb/v7-m/nofp\libgcc.a(_dvmd_tls.o)
                0x00000000080004c8                __aeabi_idiv0
                0x00000000080004c8                __aeabi_ldiv0
 *(.text*)
 .text.HAL_TIM_PeriodElapsedCallback
                0x00000000080004cc       0x14 ./Core/Src/CAN1_Config.o
                0x00000000080004cc                HAL_TIM_PeriodElapsedCallback
 .text.CAN1_Tx  0x00000000080004e0       0x54 ./Core/Src/CAN1_Config.o
                0x00000000080004e0                CAN1_Tx
 .text.HAL_CAN_RxFifo0MsgPendingCallback
                0x0000000008000534       0x48 ./Core/Src/CAN1_Config.o
                0x0000000008000534                HAL_CAN_RxFifo0MsgPendingCallback
 .text.CAN1_Filter_Config
                0x000000000800057c       0x50 ./Core/Src/CAN1_Config.o
                0x000000000800057c                CAN1_Filter_Config
 .text.CAN1_IRQ_Start
                0x00000000080005cc       0x30 ./Core/Src/CAN1_Config.o
                0x00000000080005cc                CAN1_IRQ_Start
 .text.HAL_CAN_RxFifo1MsgPendingCallback
                0x00000000080005fc       0x5c ./Core/Src/CAN2_Config.o
                0x00000000080005fc                HAL_CAN_RxFifo1MsgPendingCallback
 .text.CAN2_Tx  0x0000000008000658       0x4c ./Core/Src/CAN2_Config.o
                0x0000000008000658                CAN2_Tx
 .text.CAN2_Filter_Config
                0x00000000080006a4       0x5c ./Core/Src/CAN2_Config.o
                0x00000000080006a4                CAN2_Filter_Config
 .text.CAN2_IRQ_Start
                0x0000000008000700       0x30 ./Core/Src/CAN2_Config.o
                0x0000000008000700                CAN2_IRQ_Start
 .text.main     0x0000000008000730       0xb8 ./Core/Src/main.o
                0x0000000008000730                main
 .text.SystemClock_Config
                0x00000000080007e8       0x72 ./Core/Src/main.o
                0x00000000080007e8                SystemClock_Config
 *fill*         0x000000000800085a        0x2 
 .text.MX_CAN1_Init
                0x000000000800085c       0x6c ./Core/Src/main.o
 .text.MX_CAN2_Init
                0x00000000080008c8       0x6c ./Core/Src/main.o
 .text.MX_TIM6_Init
                0x0000000008000934       0x6c ./Core/Src/main.o
 .text.MX_GPIO_Init
                0x00000000080009a0       0xa0 ./Core/Src/main.o
 .text.Error_Handler
                0x0000000008000a40        0xa ./Core/Src/main.o
                0x0000000008000a40                Error_Handler
 *fill*         0x0000000008000a4a        0x2 
 .text.HAL_MspInit
                0x0000000008000a4c       0x4c ./Core/Src/stm32f2xx_hal_msp.o
                0x0000000008000a4c                HAL_MspInit
 .text.HAL_CAN_MspInit
                0x0000000008000a98      0x160 ./Core/Src/stm32f2xx_hal_msp.o
                0x0000000008000a98                HAL_CAN_MspInit
 .text.HAL_TIM_Base_MspInit
                0x0000000008000bf8       0x50 ./Core/Src/stm32f2xx_hal_msp.o
                0x0000000008000bf8                HAL_TIM_Base_MspInit
 .text.NMI_Handler
                0x0000000008000c48        0x6 ./Core/Src/stm32f2xx_it.o
                0x0000000008000c48                NMI_Handler
 .text.HardFault_Handler
                0x0000000008000c4e        0x6 ./Core/Src/stm32f2xx_it.o
                0x0000000008000c4e                HardFault_Handler
 .text.MemManage_Handler
                0x0000000008000c54        0x6 ./Core/Src/stm32f2xx_it.o
                0x0000000008000c54                MemManage_Handler
 .text.BusFault_Handler
                0x0000000008000c5a        0x6 ./Core/Src/stm32f2xx_it.o
                0x0000000008000c5a                BusFault_Handler
 .text.UsageFault_Handler
                0x0000000008000c60        0x6 ./Core/Src/stm32f2xx_it.o
                0x0000000008000c60                UsageFault_Handler
 .text.SVC_Handler
                0x0000000008000c66        0xc ./Core/Src/stm32f2xx_it.o
                0x0000000008000c66                SVC_Handler
 .text.DebugMon_Handler
                0x0000000008000c72        0xc ./Core/Src/stm32f2xx_it.o
                0x0000000008000c72                DebugMon_Handler
 .text.PendSV_Handler
                0x0000000008000c7e        0xc ./Core/Src/stm32f2xx_it.o
                0x0000000008000c7e                PendSV_Handler
 .text.SysTick_Handler
                0x0000000008000c8a        0xc ./Core/Src/stm32f2xx_it.o
                0x0000000008000c8a                SysTick_Handler
 *fill*         0x0000000008000c96        0x2 
 .text.CAN1_RX0_IRQHandler
                0x0000000008000c98       0x14 ./Core/Src/stm32f2xx_it.o
                0x0000000008000c98                CAN1_RX0_IRQHandler
 .text.CAN2_RX1_IRQHandler
                0x0000000008000cac       0x14 ./Core/Src/stm32f2xx_it.o
                0x0000000008000cac                CAN2_RX1_IRQHandler
 .text.TIM6_DAC_IRQHandler
                0x0000000008000cc0       0x14 ./Core/Src/stm32f2xx_it.o
                0x0000000008000cc0                TIM6_DAC_IRQHandler
 .text.SystemInit
                0x0000000008000cd4        0xc ./Core/Src/system_stm32f2xx.o
                0x0000000008000cd4                SystemInit
 .text.Reset_Handler
                0x0000000008000ce0       0x50 ./Core/Startup/startup_stm32f205reyx.o
                0x0000000008000ce0                Reset_Handler
 .text.Default_Handler
                0x0000000008000d30        0x2 ./Core/Startup/startup_stm32f205reyx.o
                0x0000000008000d30                RTC_Alarm_IRQHandler
                0x0000000008000d30                HASH_RNG_IRQHandler
                0x0000000008000d30                EXTI2_IRQHandler
                0x0000000008000d30                TIM8_CC_IRQHandler
                0x0000000008000d30                TIM1_CC_IRQHandler
                0x0000000008000d30                DMA2_Stream5_IRQHandler
                0x0000000008000d30                DMA1_Stream5_IRQHandler
                0x0000000008000d30                PVD_IRQHandler
                0x0000000008000d30                SDIO_IRQHandler
                0x0000000008000d30                TAMP_STAMP_IRQHandler
                0x0000000008000d30                EXTI3_IRQHandler
                0x0000000008000d30                TIM8_TRG_COM_TIM14_IRQHandler
                0x0000000008000d30                TIM1_UP_TIM10_IRQHandler
                0x0000000008000d30                TIM8_UP_TIM13_IRQHandler
                0x0000000008000d30                I2C3_ER_IRQHandler
                0x0000000008000d30                EXTI0_IRQHandler
                0x0000000008000d30                I2C2_EV_IRQHandler
                0x0000000008000d30                DMA1_Stream2_IRQHandler
                0x0000000008000d30                OTG_HS_WKUP_IRQHandler
                0x0000000008000d30                CAN2_SCE_IRQHandler
                0x0000000008000d30                DMA2_Stream2_IRQHandler
                0x0000000008000d30                SPI1_IRQHandler
                0x0000000008000d30                TIM1_BRK_TIM9_IRQHandler
                0x0000000008000d30                CAN2_RX0_IRQHandler
                0x0000000008000d30                DMA2_Stream3_IRQHandler
                0x0000000008000d30                USART6_IRQHandler
                0x0000000008000d30                USART3_IRQHandler
                0x0000000008000d30                CAN1_RX1_IRQHandler
                0x0000000008000d30                UART5_IRQHandler
                0x0000000008000d30                DMA2_Stream0_IRQHandler
                0x0000000008000d30                TIM4_IRQHandler
                0x0000000008000d30                I2C1_EV_IRQHandler
                0x0000000008000d30                DMA1_Stream6_IRQHandler
                0x0000000008000d30                DMA1_Stream1_IRQHandler
                0x0000000008000d30                UART4_IRQHandler
                0x0000000008000d30                TIM3_IRQHandler
                0x0000000008000d30                RCC_IRQHandler
                0x0000000008000d30                TIM8_BRK_TIM12_IRQHandler
                0x0000000008000d30                Default_Handler
                0x0000000008000d30                EXTI15_10_IRQHandler
                0x0000000008000d30                ADC_IRQHandler
                0x0000000008000d30                DMA1_Stream7_IRQHandler
                0x0000000008000d30                TIM7_IRQHandler
                0x0000000008000d30                CAN2_TX_IRQHandler
                0x0000000008000d30                TIM5_IRQHandler
                0x0000000008000d30                DMA2_Stream7_IRQHandler
                0x0000000008000d30                I2C3_EV_IRQHandler
                0x0000000008000d30                EXTI9_5_IRQHandler
                0x0000000008000d30                RTC_WKUP_IRQHandler
                0x0000000008000d30                SPI2_IRQHandler
                0x0000000008000d30                OTG_HS_EP1_IN_IRQHandler
                0x0000000008000d30                DMA1_Stream0_IRQHandler
                0x0000000008000d30                CAN1_TX_IRQHandler
                0x0000000008000d30                EXTI4_IRQHandler
                0x0000000008000d30                FSMC_IRQHandler
                0x0000000008000d30                OTG_HS_EP1_OUT_IRQHandler
                0x0000000008000d30                WWDG_IRQHandler
                0x0000000008000d30                TIM2_IRQHandler
                0x0000000008000d30                OTG_FS_WKUP_IRQHandler
                0x0000000008000d30                TIM1_TRG_COM_TIM11_IRQHandler
                0x0000000008000d30                OTG_HS_IRQHandler
                0x0000000008000d30                EXTI1_IRQHandler
                0x0000000008000d30                USART2_IRQHandler
                0x0000000008000d30                I2C2_ER_IRQHandler
                0x0000000008000d30                DMA2_Stream1_IRQHandler
                0x0000000008000d30                CAN1_SCE_IRQHandler
                0x0000000008000d30                FLASH_IRQHandler
                0x0000000008000d30                DMA2_Stream4_IRQHandler
                0x0000000008000d30                USART1_IRQHandler
                0x0000000008000d30                OTG_FS_IRQHandler
                0x0000000008000d30                SPI3_IRQHandler
                0x0000000008000d30                DMA1_Stream4_IRQHandler
                0x0000000008000d30                I2C1_ER_IRQHandler
                0x0000000008000d30                DMA2_Stream6_IRQHandler
                0x0000000008000d30                DMA1_Stream3_IRQHandler
 *fill*         0x0000000008000d32        0x2 
 .text.HAL_Init
                0x0000000008000d34       0x44 ./Drivers/STM32F2xx_HAL_Driver/Src/stm32f2xx_hal.o
                0x0000000008000d34                HAL_Init
 .text.HAL_InitTick
                0x0000000008000d78       0x60 ./Drivers/STM32F2xx_HAL_Driver/Src/stm32f2xx_hal.o
                0x0000000008000d78                HAL_InitTick
 .text.HAL_IncTick
                0x0000000008000dd8       0x24 ./Drivers/STM32F2xx_HAL_Driver/Src/stm32f2xx_hal.o
                0x0000000008000dd8                HAL_IncTick
 .text.HAL_GetTick
                0x0000000008000dfc       0x14 ./Drivers/STM32F2xx_HAL_Driver/Src/stm32f2xx_hal.o
                0x0000000008000dfc                HAL_GetTick
 .text.HAL_Delay
                0x0000000008000e10       0x48 ./Drivers/STM32F2xx_HAL_Driver/Src/stm32f2xx_hal.o
                0x0000000008000e10                HAL_Delay
 .text.HAL_CAN_Init
                0x0000000008000e58      0x1f6 ./Drivers/STM32F2xx_HAL_Driver/Src/stm32f2xx_hal_can.o
                0x0000000008000e58                HAL_CAN_Init
 *fill*         0x000000000800104e        0x2 
 .text.HAL_CAN_ConfigFilter
                0x0000000008001050      0x1c0 ./Drivers/STM32F2xx_HAL_Driver/Src/stm32f2xx_hal_can.o
                0x0000000008001050                HAL_CAN_ConfigFilter
 .text.HAL_CAN_Start
                0x0000000008001210       0x88 ./Drivers/STM32F2xx_HAL_Driver/Src/stm32f2xx_hal_can.o
                0x0000000008001210                HAL_CAN_Start
 .text.HAL_CAN_AddTxMessage
                0x0000000008001298      0x1b4 ./Drivers/STM32F2xx_HAL_Driver/Src/stm32f2xx_hal_can.o
                0x0000000008001298                HAL_CAN_AddTxMessage
 .text.HAL_CAN_GetRxMessage
                0x000000000800144c      0x222 ./Drivers/STM32F2xx_HAL_Driver/Src/stm32f2xx_hal_can.o
                0x000000000800144c                HAL_CAN_GetRxMessage
 .text.HAL_CAN_ActivateNotification
                0x000000000800166e       0x4a ./Drivers/STM32F2xx_HAL_Driver/Src/stm32f2xx_hal_can.o
                0x000000000800166e                HAL_CAN_ActivateNotification
 .text.HAL_CAN_IRQHandler
                0x00000000080016b8      0x36e ./Drivers/STM32F2xx_HAL_Driver/Src/stm32f2xx_hal_can.o
                0x00000000080016b8                HAL_CAN_IRQHandler
 .text.HAL_CAN_TxMailbox0CompleteCallback
                0x0000000008001a26       0x12 ./Drivers/STM32F2xx_HAL_Driver/Src/stm32f2xx_hal_can.o
                0x0000000008001a26                HAL_CAN_TxMailbox0CompleteCallback
 .text.HAL_CAN_TxMailbox1CompleteCallback
                0x0000000008001a38       0x12 ./Drivers/STM32F2xx_HAL_Driver/Src/stm32f2xx_hal_can.o
                0x0000000008001a38                HAL_CAN_TxMailbox1CompleteCallback
 .text.HAL_CAN_TxMailbox2CompleteCallback
                0x0000000008001a4a       0x12 ./Drivers/STM32F2xx_HAL_Driver/Src/stm32f2xx_hal_can.o
                0x0000000008001a4a                HAL_CAN_TxMailbox2CompleteCallback
 .text.HAL_CAN_TxMailbox0AbortCallback
                0x0000000008001a5c       0x12 ./Drivers/STM32F2xx_HAL_Driver/Src/stm32f2xx_hal_can.o
                0x0000000008001a5c                HAL_CAN_TxMailbox0AbortCallback
 .text.HAL_CAN_TxMailbox1AbortCallback
                0x0000000008001a6e       0x12 ./Drivers/STM32F2xx_HAL_Driver/Src/stm32f2xx_hal_can.o
                0x0000000008001a6e                HAL_CAN_TxMailbox1AbortCallback
 .text.HAL_CAN_TxMailbox2AbortCallback
                0x0000000008001a80       0x12 ./Drivers/STM32F2xx_HAL_Driver/Src/stm32f2xx_hal_can.o
                0x0000000008001a80                HAL_CAN_TxMailbox2AbortCallback
 .text.HAL_CAN_RxFifo0FullCallback
                0x0000000008001a92       0x12 ./Drivers/STM32F2xx_HAL_Driver/Src/stm32f2xx_hal_can.o
                0x0000000008001a92                HAL_CAN_RxFifo0FullCallback
 .text.HAL_CAN_RxFifo1FullCallback
                0x0000000008001aa4       0x12 ./Drivers/STM32F2xx_HAL_Driver/Src/stm32f2xx_hal_can.o
                0x0000000008001aa4                HAL_CAN_RxFifo1FullCallback
 .text.HAL_CAN_SleepCallback
                0x0000000008001ab6       0x12 ./Drivers/STM32F2xx_HAL_Driver/Src/stm32f2xx_hal_can.o
                0x0000000008001ab6                HAL_CAN_SleepCallback
 .text.HAL_CAN_WakeUpFromRxMsgCallback
                0x0000000008001ac8       0x12 ./Drivers/STM32F2xx_HAL_Driver/Src/stm32f2xx_hal_can.o
                0x0000000008001ac8                HAL_CAN_WakeUpFromRxMsgCallback
 .text.HAL_CAN_ErrorCallback
                0x0000000008001ada       0x12 ./Drivers/STM32F2xx_HAL_Driver/Src/stm32f2xx_hal_can.o
                0x0000000008001ada                HAL_CAN_ErrorCallback
 .text.__NVIC_SetPriorityGrouping
                0x0000000008001aec       0x48 ./Drivers/STM32F2xx_HAL_Driver/Src/stm32f2xx_hal_cortex.o
 .text.__NVIC_GetPriorityGrouping
                0x0000000008001b34       0x1c ./Drivers/STM32F2xx_HAL_Driver/Src/stm32f2xx_hal_cortex.o
 .text.__NVIC_EnableIRQ
                0x0000000008001b50       0x38 ./Drivers/STM32F2xx_HAL_Driver/Src/stm32f2xx_hal_cortex.o
 .text.__NVIC_SetPriority
                0x0000000008001b88       0x54 ./Drivers/STM32F2xx_HAL_Driver/Src/stm32f2xx_hal_cortex.o
 .text.NVIC_EncodePriority
                0x0000000008001bdc       0x64 ./Drivers/STM32F2xx_HAL_Driver/Src/stm32f2xx_hal_cortex.o
 .text.SysTick_Config
                0x0000000008001c40       0x44 ./Drivers/STM32F2xx_HAL_Driver/Src/stm32f2xx_hal_cortex.o
 .text.HAL_NVIC_SetPriorityGrouping
                0x0000000008001c84       0x16 ./Drivers/STM32F2xx_HAL_Driver/Src/stm32f2xx_hal_cortex.o
                0x0000000008001c84                HAL_NVIC_SetPriorityGrouping
 .text.HAL_NVIC_SetPriority
                0x0000000008001c9a       0x38 ./Drivers/STM32F2xx_HAL_Driver/Src/stm32f2xx_hal_cortex.o
                0x0000000008001c9a                HAL_NVIC_SetPriority
 .text.HAL_NVIC_EnableIRQ
                0x0000000008001cd2       0x1c ./Drivers/STM32F2xx_HAL_Driver/Src/stm32f2xx_hal_cortex.o
                0x0000000008001cd2                HAL_NVIC_EnableIRQ
 .text.HAL_SYSTICK_Config
                0x0000000008001cee       0x18 ./Drivers/STM32F2xx_HAL_Driver/Src/stm32f2xx_hal_cortex.o
                0x0000000008001cee                HAL_SYSTICK_Config
 *fill*         0x0000000008001d06        0x2 
 .text.HAL_GPIO_Init
                0x0000000008001d08      0x33c ./Drivers/STM32F2xx_HAL_Driver/Src/stm32f2xx_hal_gpio.o
                0x0000000008001d08                HAL_GPIO_Init
 .text.HAL_GPIO_WritePin
                0x0000000008002044       0x30 ./Drivers/STM32F2xx_HAL_Driver/Src/stm32f2xx_hal_gpio.o
                0x0000000008002044                HAL_GPIO_WritePin
 .text.HAL_GPIO_TogglePin
                0x0000000008002074       0x32 ./Drivers/STM32F2xx_HAL_Driver/Src/stm32f2xx_hal_gpio.o
                0x0000000008002074                HAL_GPIO_TogglePin
 *fill*         0x00000000080020a6        0x2 
 .text.HAL_RCC_OscConfig
                0x00000000080020a8      0x49c ./Drivers/STM32F2xx_HAL_Driver/Src/stm32f2xx_hal_rcc.o
                0x00000000080020a8                HAL_RCC_OscConfig
 .text.HAL_RCC_ClockConfig
                0x0000000008002544      0x1d8 ./Drivers/STM32F2xx_HAL_Driver/Src/stm32f2xx_hal_rcc.o
                0x0000000008002544                HAL_RCC_ClockConfig
 .text.HAL_RCC_GetSysClockFreq
                0x000000000800271c      0x18c ./Drivers/STM32F2xx_HAL_Driver/Src/stm32f2xx_hal_rcc.o
                0x000000000800271c                HAL_RCC_GetSysClockFreq
 .text.HAL_TIM_Base_Init
                0x00000000080028a8       0x9e ./Drivers/STM32F2xx_HAL_Driver/Src/stm32f2xx_hal_tim.o
                0x00000000080028a8                HAL_TIM_Base_Init
 *fill*         0x0000000008002946        0x2 
 .text.HAL_TIM_Base_Start_IT
                0x0000000008002948       0xdc ./Drivers/STM32F2xx_HAL_Driver/Src/stm32f2xx_hal_tim.o
                0x0000000008002948                HAL_TIM_Base_Start_IT
 .text.HAL_TIM_IRQHandler
                0x0000000008002a24      0x210 ./Drivers/STM32F2xx_HAL_Driver/Src/stm32f2xx_hal_tim.o
                0x0000000008002a24                HAL_TIM_IRQHandler
 .text.HAL_TIM_OC_DelayElapsedCallback
                0x0000000008002c34       0x12 ./Drivers/STM32F2xx_HAL_Driver/Src/stm32f2xx_hal_tim.o
                0x0000000008002c34                HAL_TIM_OC_DelayElapsedCallback
 .text.HAL_TIM_IC_CaptureCallback
                0x0000000008002c46       0x12 ./Drivers/STM32F2xx_HAL_Driver/Src/stm32f2xx_hal_tim.o
                0x0000000008002c46                HAL_TIM_IC_CaptureCallback
 .text.HAL_TIM_PWM_PulseFinishedCallback
                0x0000000008002c58       0x12 ./Drivers/STM32F2xx_HAL_Driver/Src/stm32f2xx_hal_tim.o
                0x0000000008002c58                HAL_TIM_PWM_PulseFinishedCallback
 .text.HAL_TIM_TriggerCallback
                0x0000000008002c6a       0x12 ./Drivers/STM32F2xx_HAL_Driver/Src/stm32f2xx_hal_tim.o
                0x0000000008002c6a                HAL_TIM_TriggerCallback
 .text.TIM_Base_SetConfig
                0x0000000008002c7c      0x13c ./Drivers/STM32F2xx_HAL_Driver/Src/stm32f2xx_hal_tim.o
                0x0000000008002c7c                TIM_Base_SetConfig
 .text.HAL_TIMEx_MasterConfigSynchronization
                0x0000000008002db8       0xf4 ./Drivers/STM32F2xx_HAL_Driver/Src/stm32f2xx_hal_tim_ex.o
                0x0000000008002db8                HAL_TIMEx_MasterConfigSynchronization
 .text.HAL_TIMEx_CommutCallback
                0x0000000008002eac       0x12 ./Drivers/STM32F2xx_HAL_Driver/Src/stm32f2xx_hal_tim_ex.o
                0x0000000008002eac                HAL_TIMEx_CommutCallback
 .text.HAL_TIMEx_BreakCallback
                0x0000000008002ebe       0x12 ./Drivers/STM32F2xx_HAL_Driver/Src/stm32f2xx_hal_tim_ex.o
                0x0000000008002ebe                HAL_TIMEx_BreakCallback
 .text.__libc_init_array
                0x0000000008002ed0       0x48 c:/st/stm32cubeide_1.11.0/stm32cubeide/plugins/com.st.stm32cube.ide.mcu.externaltools.gnu-tools-for-stm32.10.3-2021.10.win32_1.0.100.202210260954/tools/bin/../lib/gcc/arm-none-eabi/10.3.1/../../../../arm-none-eabi/lib/thumb/v7-m/nofp\libc_nano.a(lib_a-init.o)
                0x0000000008002ed0                __libc_init_array
 .text.memset   0x0000000008002f18       0x10 c:/st/stm32cubeide_1.11.0/stm32cubeide/plugins/com.st.stm32cube.ide.mcu.externaltools.gnu-tools-for-stm32.10.3-2021.10.win32_1.0.100.202210260954/tools/bin/../lib/gcc/arm-none-eabi/10.3.1/../../../../arm-none-eabi/lib/thumb/v7-m/nofp\libc_nano.a(lib_a-memset.o)
                0x0000000008002f18                memset
 *(.glue_7)
 .glue_7        0x0000000008002f28        0x0 linker stubs
 *(.glue_7t)
 .glue_7t       0x0000000008002f28        0x0 linker stubs
 *(.eh_frame)
 .eh_frame      0x0000000008002f28        0x0 c:/st/stm32cubeide_1.11.0/stm32cubeide/plugins/com.st.stm32cube.ide.mcu.externaltools.gnu-tools-for-stm32.10.3-2021.10.win32_1.0.100.202210260954/tools/bin/../lib/gcc/arm-none-eabi/10.3.1/thumb/v7-m/nofp/crtbegin.o
 *(.init)
 .init          0x0000000008002f28        0x4 c:/st/stm32cubeide_1.11.0/stm32cubeide/plugins/com.st.stm32cube.ide.mcu.externaltools.gnu-tools-for-stm32.10.3-2021.10.win32_1.0.100.202210260954/tools/bin/../lib/gcc/arm-none-eabi/10.3.1/thumb/v7-m/nofp/crti.o
                0x0000000008002f28                _init
 .init          0x0000000008002f2c        0x8 c:/st/stm32cubeide_1.11.0/stm32cubeide/plugins/com.st.stm32cube.ide.mcu.externaltools.gnu-tools-for-stm32.10.3-2021.10.win32_1.0.100.202210260954/tools/bin/../lib/gcc/arm-none-eabi/10.3.1/thumb/v7-m/nofp/crtn.o
 *(.fini)
 .fini          0x0000000008002f34        0x4 c:/st/stm32cubeide_1.11.0/stm32cubeide/plugins/com.st.stm32cube.ide.mcu.externaltools.gnu-tools-for-stm32.10.3-2021.10.win32_1.0.100.202210260954/tools/bin/../lib/gcc/arm-none-eabi/10.3.1/thumb/v7-m/nofp/crti.o
                0x0000000008002f34                _fini
 .fini          0x0000000008002f38        0x8 c:/st/stm32cubeide_1.11.0/stm32cubeide/plugins/com.st.stm32cube.ide.mcu.externaltools.gnu-tools-for-stm32.10.3-2021.10.win32_1.0.100.202210260954/tools/bin/../lib/gcc/arm-none-eabi/10.3.1/thumb/v7-m/nofp/crtn.o
                0x0000000008002f40                . = ALIGN (0x4)
                0x0000000008002f40                _etext = .

.vfp11_veneer   0x0000000008002f40        0x0
 .vfp11_veneer  0x0000000008002f40        0x0 linker stubs

.v4_bx          0x0000000008002f40        0x0
 .v4_bx         0x0000000008002f40        0x0 linker stubs

.iplt           0x0000000008002f40        0x0
 .iplt          0x0000000008002f40        0x0 c:/st/stm32cubeide_1.11.0/stm32cubeide/plugins/com.st.stm32cube.ide.mcu.externaltools.gnu-tools-for-stm32.10.3-2021.10.win32_1.0.100.202210260954/tools/bin/../lib/gcc/arm-none-eabi/10.3.1/thumb/v7-m/nofp/crtbegin.o

.rodata         0x0000000008002f40       0x18
                0x0000000008002f40                . = ALIGN (0x4)
 *(.rodata)
 .rodata        0x0000000008002f40        0x5 ./Core/Src/CAN1_Config.o
 *(.rodata*)
 *fill*         0x0000000008002f45        0x3 
 .rodata.AHBPrescTable
                0x0000000008002f48       0x10 ./Core/Src/system_stm32f2xx.o
                0x0000000008002f48                AHBPrescTable
                0x0000000008002f58                . = ALIGN (0x4)

.ARM.extab      0x0000000008002f58        0x0
                0x0000000008002f58                . = ALIGN (0x4)
 *(.ARM.extab* .gnu.linkonce.armextab.*)
                0x0000000008002f58                . = ALIGN (0x4)

.ARM            0x0000000008002f58        0x8
                0x0000000008002f58                . = ALIGN (0x4)
                0x0000000008002f58                __exidx_start = .
 *(.ARM.exidx*)
 .ARM.exidx     0x0000000008002f58        0x8 c:/st/stm32cubeide_1.11.0/stm32cubeide/plugins/com.st.stm32cube.ide.mcu.externaltools.gnu-tools-for-stm32.10.3-2021.10.win32_1.0.100.202210260954/tools/bin/../lib/gcc/arm-none-eabi/10.3.1/thumb/v7-m/nofp\libgcc.a(_udivmoddi4.o)
                0x0000000008002f60                __exidx_end = .
                0x0000000008002f60                . = ALIGN (0x4)

.rel.dyn        0x0000000008002f60        0x0
 .rel.iplt      0x0000000008002f60        0x0 c:/st/stm32cubeide_1.11.0/stm32cubeide/plugins/com.st.stm32cube.ide.mcu.externaltools.gnu-tools-for-stm32.10.3-2021.10.win32_1.0.100.202210260954/tools/bin/../lib/gcc/arm-none-eabi/10.3.1/thumb/v7-m/nofp/crtbegin.o

.preinit_array  0x0000000008002f60        0x0
                0x0000000008002f60                . = ALIGN (0x4)
                0x0000000008002f60                PROVIDE (__preinit_array_start = .)
 *(.preinit_array*)
                0x0000000008002f60                PROVIDE (__preinit_array_end = .)
                0x0000000008002f60                . = ALIGN (0x4)

.init_array     0x0000000008002f60        0x4
                0x0000000008002f60                . = ALIGN (0x4)
                0x0000000008002f60                PROVIDE (__init_array_start = .)
 *(SORT_BY_NAME(.init_array.*))
 *(.init_array*)
 .init_array    0x0000000008002f60        0x4 c:/st/stm32cubeide_1.11.0/stm32cubeide/plugins/com.st.stm32cube.ide.mcu.externaltools.gnu-tools-for-stm32.10.3-2021.10.win32_1.0.100.202210260954/tools/bin/../lib/gcc/arm-none-eabi/10.3.1/thumb/v7-m/nofp/crtbegin.o
                0x0000000008002f64                PROVIDE (__init_array_end = .)
                0x0000000008002f64                . = ALIGN (0x4)

.fini_array     0x0000000008002f64        0x4
                0x0000000008002f64                . = ALIGN (0x4)
                [!provide]                        PROVIDE (__fini_array_start = .)
 *(SORT_BY_NAME(.fini_array.*))
 *(.fini_array*)
 .fini_array    0x0000000008002f64        0x4 c:/st/stm32cubeide_1.11.0/stm32cubeide/plugins/com.st.stm32cube.ide.mcu.externaltools.gnu-tools-for-stm32.10.3-2021.10.win32_1.0.100.202210260954/tools/bin/../lib/gcc/arm-none-eabi/10.3.1/thumb/v7-m/nofp/crtbegin.o
                [!provide]                        PROVIDE (__fini_array_end = .)
                0x0000000008002f68                . = ALIGN (0x4)
                0x0000000008002f68                _sidata = LOADADDR (.data)

.data           0x0000000020000000        0xc load address 0x0000000008002f68
                0x0000000020000000                . = ALIGN (0x4)
                0x0000000020000000                _sdata = .
 *(.data)
 *(.data*)
 .data.SystemCoreClock
                0x0000000020000000        0x4 ./Core/Src/system_stm32f2xx.o
                0x0000000020000000                SystemCoreClock
 .data.uwTickPrio
                0x0000000020000004        0x4 ./Drivers/STM32F2xx_HAL_Driver/Src/stm32f2xx_hal.o
                0x0000000020000004                uwTickPrio
 .data.uwTickFreq
                0x0000000020000008        0x1 ./Drivers/STM32F2xx_HAL_Driver/Src/stm32f2xx_hal.o
                0x0000000020000008                uwTickFreq
 *(.RamFunc)
 *(.RamFunc*)
                0x000000002000000c                . = ALIGN (0x4)
 *fill*         0x0000000020000009        0x3 
                0x000000002000000c                _edata = .

.igot.plt       0x000000002000000c        0x0 load address 0x0000000008002f74
 .igot.plt      0x000000002000000c        0x0 c:/st/stm32cubeide_1.11.0/stm32cubeide/plugins/com.st.stm32cube.ide.mcu.externaltools.gnu-tools-for-stm32.10.3-2021.10.win32_1.0.100.202210260954/tools/bin/../lib/gcc/arm-none-eabi/10.3.1/thumb/v7-m/nofp/crtbegin.o
                0x000000002000000c                . = ALIGN (0x4)

.bss            0x000000002000000c       0xc0 load address 0x0000000008002f74
                0x000000002000000c                _sbss = .
                0x000000002000000c                __bss_start__ = _sbss
 *(.bss)
 .bss           0x000000002000000c       0x1c c:/st/stm32cubeide_1.11.0/stm32cubeide/plugins/com.st.stm32cube.ide.mcu.externaltools.gnu-tools-for-stm32.10.3-2021.10.win32_1.0.100.202210260954/tools/bin/../lib/gcc/arm-none-eabi/10.3.1/thumb/v7-m/nofp/crtbegin.o
 *(.bss*)
 .bss.hcan1     0x0000000020000028       0x28 ./Core/Src/main.o
                0x0000000020000028                hcan1
 .bss.hcan2     0x0000000020000050       0x28 ./Core/Src/main.o
                0x0000000020000050                hcan2
 .bss.htim6     0x0000000020000078       0x48 ./Core/Src/main.o
                0x0000000020000078                htim6
 .bss.message_can2_received
                0x00000000200000c0        0x1 ./Core/Src/main.o
                0x00000000200000c0                message_can2_received
 .bss.message_can1_received
                0x00000000200000c1        0x1 ./Core/Src/main.o
                0x00000000200000c1                message_can1_received
 *fill*         0x00000000200000c2        0x2 
 .bss.HAL_RCC_CAN1_CLK_ENABLED
                0x00000000200000c4        0x4 ./Core/Src/stm32f2xx_hal_msp.o
 .bss.uwTick    0x00000000200000c8        0x4 ./Drivers/STM32F2xx_HAL_Driver/Src/stm32f2xx_hal.o
                0x00000000200000c8                uwTick
 *(COMMON)
                0x00000000200000cc                . = ALIGN (0x4)
                0x00000000200000cc                _ebss = .
                0x00000000200000cc                __bss_end__ = _ebss

._user_heap_stack
                0x00000000200000cc      0x604 load address 0x0000000008002f74
                0x00000000200000d0                . = ALIGN (0x8)
 *fill*         0x00000000200000cc        0x4 
                [!provide]                        PROVIDE (end = .)
                0x00000000200000d0                PROVIDE (_end = .)
                0x00000000200002d0                . = (. + _Min_Heap_Size)
 *fill*         0x00000000200000d0      0x200 
                0x00000000200006d0                . = (. + _Min_Stack_Size)
 *fill*         0x00000000200002d0      0x400 
                0x00000000200006d0                . = ALIGN (0x8)

/DISCARD/
 libc.a(*)
 libm.a(*)
 libgcc.a(*)

.ARM.attributes
                0x0000000000000000       0x29
 *(.ARM.attributes)
 .ARM.attributes
                0x0000000000000000       0x1d c:/st/stm32cubeide_1.11.0/stm32cubeide/plugins/com.st.stm32cube.ide.mcu.externaltools.gnu-tools-for-stm32.10.3-2021.10.win32_1.0.100.202210260954/tools/bin/../lib/gcc/arm-none-eabi/10.3.1/thumb/v7-m/nofp/crti.o
 .ARM.attributes
                0x000000000000001d       0x2d c:/st/stm32cubeide_1.11.0/stm32cubeide/plugins/com.st.stm32cube.ide.mcu.externaltools.gnu-tools-for-stm32.10.3-2021.10.win32_1.0.100.202210260954/tools/bin/../lib/gcc/arm-none-eabi/10.3.1/thumb/v7-m/nofp/crtbegin.o
 .ARM.attributes
                0x000000000000004a       0x2d ./Core/Src/CAN1_Config.o
 .ARM.attributes
                0x0000000000000077       0x2d ./Core/Src/CAN2_Config.o
 .ARM.attributes
                0x00000000000000a4       0x2d ./Core/Src/main.o
 .ARM.attributes
                0x00000000000000d1       0x2d ./Core/Src/stm32f2xx_hal_msp.o
 .ARM.attributes
                0x00000000000000fe       0x2d ./Core/Src/stm32f2xx_it.o
 .ARM.attributes
                0x000000000000012b       0x2d ./Core/Src/system_stm32f2xx.o
 .ARM.attributes
                0x0000000000000158       0x21 ./Core/Startup/startup_stm32f205reyx.o
 .ARM.attributes
                0x0000000000000179       0x2d ./Drivers/STM32F2xx_HAL_Driver/Src/stm32f2xx_hal.o
 .ARM.attributes
                0x00000000000001a6       0x2d ./Drivers/STM32F2xx_HAL_Driver/Src/stm32f2xx_hal_can.o
 .ARM.attributes
                0x00000000000001d3       0x2d ./Drivers/STM32F2xx_HAL_Driver/Src/stm32f2xx_hal_cortex.o
 .ARM.attributes
                0x0000000000000200       0x2d ./Drivers/STM32F2xx_HAL_Driver/Src/stm32f2xx_hal_gpio.o
 .ARM.attributes
                0x000000000000022d       0x2d ./Drivers/STM32F2xx_HAL_Driver/Src/stm32f2xx_hal_rcc.o
 .ARM.attributes
                0x000000000000025a       0x2d ./Drivers/STM32F2xx_HAL_Driver/Src/stm32f2xx_hal_tim.o
 .ARM.attributes
                0x0000000000000287       0x2d ./Drivers/STM32F2xx_HAL_Driver/Src/stm32f2xx_hal_tim_ex.o
 .ARM.attributes
                0x00000000000002b4       0x2d c:/st/stm32cubeide_1.11.0/stm32cubeide/plugins/com.st.stm32cube.ide.mcu.externaltools.gnu-tools-for-stm32.10.3-2021.10.win32_1.0.100.202210260954/tools/bin/../lib/gcc/arm-none-eabi/10.3.1/../../../../arm-none-eabi/lib/thumb/v7-m/nofp\libc_nano.a(lib_a-init.o)
 .ARM.attributes
                0x00000000000002e1       0x2d c:/st/stm32cubeide_1.11.0/stm32cubeide/plugins/com.st.stm32cube.ide.mcu.externaltools.gnu-tools-for-stm32.10.3-2021.10.win32_1.0.100.202210260954/tools/bin/../lib/gcc/arm-none-eabi/10.3.1/../../../../arm-none-eabi/lib/thumb/v7-m/nofp\libc_nano.a(lib_a-memset.o)
 .ARM.attributes
                0x000000000000030e       0x1d c:/st/stm32cubeide_1.11.0/stm32cubeide/plugins/com.st.stm32cube.ide.mcu.externaltools.gnu-tools-for-stm32.10.3-2021.10.win32_1.0.100.202210260954/tools/bin/../lib/gcc/arm-none-eabi/10.3.1/thumb/v7-m/nofp\libgcc.a(_aeabi_uldivmod.o)
 .ARM.attributes
                0x000000000000032b       0x2d c:/st/stm32cubeide_1.11.0/stm32cubeide/plugins/com.st.stm32cube.ide.mcu.externaltools.gnu-tools-for-stm32.10.3-2021.10.win32_1.0.100.202210260954/tools/bin/../lib/gcc/arm-none-eabi/10.3.1/thumb/v7-m/nofp\libgcc.a(_udivmoddi4.o)
 .ARM.attributes
                0x0000000000000358       0x1d c:/st/stm32cubeide_1.11.0/stm32cubeide/plugins/com.st.stm32cube.ide.mcu.externaltools.gnu-tools-for-stm32.10.3-2021.10.win32_1.0.100.202210260954/tools/bin/../lib/gcc/arm-none-eabi/10.3.1/thumb/v7-m/nofp\libgcc.a(_dvmd_tls.o)
 .ARM.attributes
                0x0000000000000375       0x1d c:/st/stm32cubeide_1.11.0/stm32cubeide/plugins/com.st.stm32cube.ide.mcu.externaltools.gnu-tools-for-stm32.10.3-2021.10.win32_1.0.100.202210260954/tools/bin/../lib/gcc/arm-none-eabi/10.3.1/thumb/v7-m/nofp/crtn.o
OUTPUT(CAN_NORMAL_WITH_MX.elf elf32-littlearm)
LOAD linker stubs
LOAD c:/st/stm32cubeide_1.11.0/stm32cubeide/plugins/com.st.stm32cube.ide.mcu.externaltools.gnu-tools-for-stm32.10.3-2021.10.win32_1.0.100.202210260954/tools/bin/../lib/gcc/arm-none-eabi/10.3.1/../../../../arm-none-eabi/lib/thumb/v7-m/nofp\libc.a
LOAD c:/st/stm32cubeide_1.11.0/stm32cubeide/plugins/com.st.stm32cube.ide.mcu.externaltools.gnu-tools-for-stm32.10.3-2021.10.win32_1.0.100.202210260954/tools/bin/../lib/gcc/arm-none-eabi/10.3.1/../../../../arm-none-eabi/lib/thumb/v7-m/nofp\libm.a
LOAD c:/st/stm32cubeide_1.11.0/stm32cubeide/plugins/com.st.stm32cube.ide.mcu.externaltools.gnu-tools-for-stm32.10.3-2021.10.win32_1.0.100.202210260954/tools/bin/../lib/gcc/arm-none-eabi/10.3.1/thumb/v7-m/nofp\libgcc.a

.debug_info     0x0000000000000000     0xc24e
 .debug_info    0x0000000000000000      0xdbf ./Core/Src/CAN1_Config.o
 .debug_info    0x0000000000000dbf      0x8da ./Core/Src/CAN2_Config.o
 .debug_info    0x0000000000001699     0x11fd ./Core/Src/main.o
 .debug_info    0x0000000000002896     0x1166 ./Core/Src/stm32f2xx_hal_msp.o
 .debug_info    0x00000000000039fc      0xb62 ./Core/Src/stm32f2xx_it.o
 .debug_info    0x000000000000455e      0x368 ./Core/Src/system_stm32f2xx.o
 .debug_info    0x00000000000048c6       0x22 ./Core/Startup/startup_stm32f205reyx.o
 .debug_info    0x00000000000048e8      0x9eb ./Drivers/STM32F2xx_HAL_Driver/Src/stm32f2xx_hal.o
 .debug_info    0x00000000000052d3      0xfbe ./Drivers/STM32F2xx_HAL_Driver/Src/stm32f2xx_hal_can.o
 .debug_info    0x0000000000006291      0xe09 ./Drivers/STM32F2xx_HAL_Driver/Src/stm32f2xx_hal_cortex.o
 .debug_info    0x000000000000709a      0x730 ./Drivers/STM32F2xx_HAL_Driver/Src/stm32f2xx_hal_gpio.o
 .debug_info    0x00000000000077ca      0xaf7 ./Drivers/STM32F2xx_HAL_Driver/Src/stm32f2xx_hal_rcc.o
 .debug_info    0x00000000000082c1     0x2a2d ./Drivers/STM32F2xx_HAL_Driver/Src/stm32f2xx_hal_tim.o
 .debug_info    0x000000000000acee     0x1560 ./Drivers/STM32F2xx_HAL_Driver/Src/stm32f2xx_hal_tim_ex.o

.debug_abbrev   0x0000000000000000     0x1d09
 .debug_abbrev  0x0000000000000000      0x1fd ./Core/Src/CAN1_Config.o
 .debug_abbrev  0x00000000000001fd      0x209 ./Core/Src/CAN2_Config.o
 .debug_abbrev  0x0000000000000406      0x2d7 ./Core/Src/main.o
 .debug_abbrev  0x00000000000006dd      0x223 ./Core/Src/stm32f2xx_hal_msp.o
 .debug_abbrev  0x0000000000000900      0x1d7 ./Core/Src/stm32f2xx_it.o
 .debug_abbrev  0x0000000000000ad7      0x116 ./Core/Src/system_stm32f2xx.o
 .debug_abbrev  0x0000000000000bed       0x12 ./Core/Startup/startup_stm32f205reyx.o
 .debug_abbrev  0x0000000000000bff      0x27d ./Drivers/STM32F2xx_HAL_Driver/Src/stm32f2xx_hal.o
 .debug_abbrev  0x0000000000000e7c      0x21d ./Drivers/STM32F2xx_HAL_Driver/Src/stm32f2xx_hal_can.o
 .debug_abbrev  0x0000000000001099      0x316 ./Drivers/STM32F2xx_HAL_Driver/Src/stm32f2xx_hal_cortex.o
 .debug_abbrev  0x00000000000013af      0x1bb ./Drivers/STM32F2xx_HAL_Driver/Src/stm32f2xx_hal_gpio.o
 .debug_abbrev  0x000000000000156a      0x2c8 ./Drivers/STM32F2xx_HAL_Driver/Src/stm32f2xx_hal_rcc.o
 .debug_abbrev  0x0000000000001832      0x272 ./Drivers/STM32F2xx_HAL_Driver/Src/stm32f2xx_hal_tim.o
 .debug_abbrev  0x0000000000001aa4      0x265 ./Drivers/STM32F2xx_HAL_Driver/Src/stm32f2xx_hal_tim_ex.o

.debug_aranges  0x0000000000000000      0xb28
 .debug_aranges
                0x0000000000000000       0x40 ./Core/Src/CAN1_Config.o
 .debug_aranges
                0x0000000000000040       0x38 ./Core/Src/CAN2_Config.o
 .debug_aranges
                0x0000000000000078       0x50 ./Core/Src/main.o
 .debug_aranges
                0x00000000000000c8       0x40 ./Core/Src/stm32f2xx_hal_msp.o
 .debug_aranges
                0x0000000000000108       0x78 ./Core/Src/stm32f2xx_it.o
 .debug_aranges
                0x0000000000000180       0x28 ./Core/Src/system_stm32f2xx.o
 .debug_aranges
                0x00000000000001a8       0x28 ./Core/Startup/startup_stm32f205reyx.o
 .debug_aranges
                0x00000000000001d0       0xf0 ./Drivers/STM32F2xx_HAL_Driver/Src/stm32f2xx_hal.o
 .debug_aranges
                0x00000000000002c0      0x138 ./Drivers/STM32F2xx_HAL_Driver/Src/stm32f2xx_hal_can.o
 .debug_aranges
                0x00000000000003f8      0x118 ./Drivers/STM32F2xx_HAL_Driver/Src/stm32f2xx_hal_cortex.o
 .debug_aranges
                0x0000000000000510       0x58 ./Drivers/STM32F2xx_HAL_Driver/Src/stm32f2xx_hal_gpio.o
 .debug_aranges
                0x0000000000000568       0x88 ./Drivers/STM32F2xx_HAL_Driver/Src/stm32f2xx_hal_rcc.o
 .debug_aranges
                0x00000000000005f0      0x3d0 ./Drivers/STM32F2xx_HAL_Driver/Src/stm32f2xx_hal_tim.o
 .debug_aranges
                0x00000000000009c0      0x168 ./Drivers/STM32F2xx_HAL_Driver/Src/stm32f2xx_hal_tim_ex.o

.debug_ranges   0x0000000000000000      0xa50
 .debug_ranges  0x0000000000000000       0x30 ./Core/Src/CAN1_Config.o
 .debug_ranges  0x0000000000000030       0x28 ./Core/Src/CAN2_Config.o
 .debug_ranges  0x0000000000000058       0x40 ./Core/Src/main.o
 .debug_ranges  0x0000000000000098       0x30 ./Core/Src/stm32f2xx_hal_msp.o
 .debug_ranges  0x00000000000000c8       0x68 ./Core/Src/stm32f2xx_it.o
 .debug_ranges  0x0000000000000130       0x18 ./Core/Src/system_stm32f2xx.o
 .debug_ranges  0x0000000000000148       0x20 ./Core/Startup/startup_stm32f205reyx.o
 .debug_ranges  0x0000000000000168       0xe0 ./Drivers/STM32F2xx_HAL_Driver/Src/stm32f2xx_hal.o
 .debug_ranges  0x0000000000000248      0x128 ./Drivers/STM32F2xx_HAL_Driver/Src/stm32f2xx_hal_can.o
 .debug_ranges  0x0000000000000370      0x108 ./Drivers/STM32F2xx_HAL_Driver/Src/stm32f2xx_hal_cortex.o
 .debug_ranges  0x0000000000000478       0x48 ./Drivers/STM32F2xx_HAL_Driver/Src/stm32f2xx_hal_gpio.o
 .debug_ranges  0x00000000000004c0       0x78 ./Drivers/STM32F2xx_HAL_Driver/Src/stm32f2xx_hal_rcc.o
 .debug_ranges  0x0000000000000538      0x3c0 ./Drivers/STM32F2xx_HAL_Driver/Src/stm32f2xx_hal_tim.o
 .debug_ranges  0x00000000000008f8      0x158 ./Drivers/STM32F2xx_HAL_Driver/Src/stm32f2xx_hal_tim_ex.o

.debug_macro    0x0000000000000000    0x1d408
 .debug_macro   0x0000000000000000      0x1db ./Core/Src/CAN1_Config.o
 .debug_macro   0x00000000000001db      0xa6c ./Core/Src/CAN1_Config.o
 .debug_macro   0x0000000000000c47      0x23e ./Core/Src/CAN1_Config.o
 .debug_macro   0x0000000000000e85       0x2e ./Core/Src/CAN1_Config.o
 .debug_macro   0x0000000000000eb3       0x22 ./Core/Src/CAN1_Config.o
 .debug_macro   0x0000000000000ed5       0x22 ./Core/Src/CAN1_Config.o
 .debug_macro   0x0000000000000ef7       0x8e ./Core/Src/CAN1_Config.o
 .debug_macro   0x0000000000000f85       0x51 ./Core/Src/CAN1_Config.o
 .debug_macro   0x0000000000000fd6      0x103 ./Core/Src/CAN1_Config.o
 .debug_macro   0x00000000000010d9       0x6a ./Core/Src/CAN1_Config.o
 .debug_macro   0x0000000000001143      0x1df ./Core/Src/CAN1_Config.o
 .debug_macro   0x0000000000001322       0x1c ./Core/Src/CAN1_Config.o
 .debug_macro   0x000000000000133e       0x22 ./Core/Src/CAN1_Config.o
 .debug_macro   0x0000000000001360       0xbd ./Core/Src/CAN1_Config.o
 .debug_macro   0x000000000000141d      0xe49 ./Core/Src/CAN1_Config.o
 .debug_macro   0x0000000000002266      0x11f ./Core/Src/CAN1_Config.o
 .debug_macro   0x0000000000002385    0x133fd ./Core/Src/CAN1_Config.o
 .debug_macro   0x0000000000015782       0x43 ./Core/Src/CAN1_Config.o
 .debug_macro   0x00000000000157c5     0x358e ./Core/Src/CAN1_Config.o
 .debug_macro   0x0000000000018d53      0x174 ./Core/Src/CAN1_Config.o
 .debug_macro   0x0000000000018ec7       0x55 ./Core/Src/CAN1_Config.o
 .debug_macro   0x0000000000018f1c     0x1057 ./Core/Src/CAN1_Config.o
 .debug_macro   0x0000000000019f73       0x4a ./Core/Src/CAN1_Config.o
 .debug_macro   0x0000000000019fbd      0x170 ./Core/Src/CAN1_Config.o
 .debug_macro   0x000000000001a12d      0x116 ./Core/Src/CAN1_Config.o
 .debug_macro   0x000000000001a243       0xfa ./Core/Src/CAN1_Config.o
 .debug_macro   0x000000000001a33d       0xa5 ./Core/Src/CAN1_Config.o
 .debug_macro   0x000000000001a3e2      0x16a ./Core/Src/CAN1_Config.o
 .debug_macro   0x000000000001a54c      0x287 ./Core/Src/CAN1_Config.o
 .debug_macro   0x000000000001a7d3       0x5f ./Core/Src/CAN1_Config.o
 .debug_macro   0x000000000001a832      0x236 ./Core/Src/CAN1_Config.o
 .debug_macro   0x000000000001aa68      0x40f ./Core/Src/CAN1_Config.o
 .debug_macro   0x000000000001ae77      0x126 ./Core/Src/CAN1_Config.o
 .debug_macro   0x000000000001af9d      0x216 ./Core/Src/CAN1_Config.o
 .debug_macro   0x000000000001b1b3       0x2e ./Core/Src/CAN1_Config.o
 .debug_macro   0x000000000001b1e1      0x113 ./Core/Src/CAN1_Config.o
 .debug_macro   0x000000000001b2f4       0x22 ./Core/Src/CAN1_Config.o
 .debug_macro   0x000000000001b316       0x82 ./Core/Src/CAN1_Config.o
 .debug_macro   0x000000000001b398      0x8d1 ./Core/Src/CAN1_Config.o
 .debug_macro   0x000000000001bc69       0x4c ./Core/Src/CAN1_Config.o
 .debug_macro   0x000000000001bcb5      0x12d ./Core/Src/CAN1_Config.o
 .debug_macro   0x000000000001bde2      0x1db ./Core/Src/CAN2_Config.o
 .debug_macro   0x000000000001bfbd      0x1df ./Core/Src/main.o
 .debug_macro   0x000000000001c19c      0x1d1 ./Core/Src/stm32f2xx_hal_msp.o
 .debug_macro   0x000000000001c36d      0x1db ./Core/Src/stm32f2xx_it.o
 .debug_macro   0x000000000001c548      0x1c7 ./Core/Src/system_stm32f2xx.o
 .debug_macro   0x000000000001c70f      0x215 ./Drivers/STM32F2xx_HAL_Driver/Src/stm32f2xx_hal.o
 .debug_macro   0x000000000001c924      0x1cf ./Drivers/STM32F2xx_HAL_Driver/Src/stm32f2xx_hal_can.o
 .debug_macro   0x000000000001caf3      0x1c7 ./Drivers/STM32F2xx_HAL_Driver/Src/stm32f2xx_hal_cortex.o
 .debug_macro   0x000000000001ccba      0x1ce ./Drivers/STM32F2xx_HAL_Driver/Src/stm32f2xx_hal_gpio.o
 .debug_macro   0x000000000001ce88      0x1f1 ./Drivers/STM32F2xx_HAL_Driver/Src/stm32f2xx_hal_rcc.o
 .debug_macro   0x000000000001d079      0x1c8 ./Drivers/STM32F2xx_HAL_Driver/Src/stm32f2xx_hal_tim.o
 .debug_macro   0x000000000001d241      0x1c7 ./Drivers/STM32F2xx_HAL_Driver/Src/stm32f2xx_hal_tim_ex.o

.debug_line     0x0000000000000000     0xbd43
 .debug_line    0x0000000000000000      0x769 ./Core/Src/CAN1_Config.o
 .debug_line    0x0000000000000769      0x758 ./Core/Src/CAN2_Config.o
 .debug_line    0x0000000000000ec1      0x862 ./Core/Src/main.o
 .debug_line    0x0000000000001723      0x792 ./Core/Src/stm32f2xx_hal_msp.o
 .debug_line    0x0000000000001eb5      0x7ac ./Core/Src/stm32f2xx_it.o
 .debug_line    0x0000000000002661      0x71e ./Core/Src/system_stm32f2xx.o
 .debug_line    0x0000000000002d7f       0x88 ./Core/Startup/startup_stm32f205reyx.o
 .debug_line    0x0000000000002e07      0x9b5 ./Drivers/STM32F2xx_HAL_Driver/Src/stm32f2xx_hal.o
 .debug_line    0x00000000000037bc     0x10f3 ./Drivers/STM32F2xx_HAL_Driver/Src/stm32f2xx_hal_can.o
 .debug_line    0x00000000000048af      0xc38 ./Drivers/STM32F2xx_HAL_Driver/Src/stm32f2xx_hal_cortex.o
 .debug_line    0x00000000000054e7      0xb05 ./Drivers/STM32F2xx_HAL_Driver/Src/stm32f2xx_hal_gpio.o
 .debug_line    0x0000000000005fec      0xe3b ./Drivers/STM32F2xx_HAL_Driver/Src/stm32f2xx_hal_rcc.o
 .debug_line    0x0000000000006e27     0x35c2 ./Drivers/STM32F2xx_HAL_Driver/Src/stm32f2xx_hal_tim.o
 .debug_line    0x000000000000a3e9     0x195a ./Drivers/STM32F2xx_HAL_Driver/Src/stm32f2xx_hal_tim_ex.o

.debug_str      0x0000000000000000    0xb3bdd
 .debug_str     0x0000000000000000    0xb0cf1 ./Core/Src/CAN1_Config.o
                                      0xb1042 (size before relaxing)
 .debug_str     0x00000000000b0cf1      0x10c ./Core/Src/CAN2_Config.o
                                      0xb0bac (size before relaxing)
 .debug_str     0x00000000000b0dfd      0x36d ./Core/Src/main.o
                                      0xb1255 (size before relaxing)
 .debug_str     0x00000000000b116a      0x5a8 ./Core/Src/stm32f2xx_hal_msp.o
                                      0xb1489 (size before relaxing)
 .debug_str     0x00000000000b1712      0x12b ./Core/Src/stm32f2xx_it.o
                                      0xb0eac (size before relaxing)
 .debug_str     0x00000000000b183d       0x87 ./Core/Src/system_stm32f2xx.o
                                      0xb076c (size before relaxing)
 .debug_str     0x00000000000b18c4       0x36 ./Core/Startup/startup_stm32f205reyx.o
                                         0x7d (size before relaxing)
 .debug_str     0x00000000000b18fa      0x563 ./Drivers/STM32F2xx_HAL_Driver/Src/stm32f2xx_hal.o
                                      0xb1297 (size before relaxing)
 .debug_str     0x00000000000b1e5d      0x3a9 ./Drivers/STM32F2xx_HAL_Driver/Src/stm32f2xx_hal_can.o
                                      0xb0eac (size before relaxing)
 .debug_str     0x00000000000b2206      0x39a ./Drivers/STM32F2xx_HAL_Driver/Src/stm32f2xx_hal_cortex.o
                                      0xb105c (size before relaxing)
 .debug_str     0x00000000000b25a0      0x10c ./Drivers/STM32F2xx_HAL_Driver/Src/stm32f2xx_hal_gpio.o
                                      0xb092a (size before relaxing)
 .debug_str     0x00000000000b26ac      0x25c ./Drivers/STM32F2xx_HAL_Driver/Src/stm32f2xx_hal_rcc.o
                                      0xb0c1e (size before relaxing)
 .debug_str     0x00000000000b2908      0xe42 ./Drivers/STM32F2xx_HAL_Driver/Src/stm32f2xx_hal_tim.o
                                      0xb1b33 (size before relaxing)
 .debug_str     0x00000000000b374a      0x493 ./Drivers/STM32F2xx_HAL_Driver/Src/stm32f2xx_hal_tim_ex.o
                                      0xb134f (size before relaxing)

.comment        0x0000000000000000       0x50
 .comment       0x0000000000000000       0x50 ./Core/Src/CAN1_Config.o
                                         0x51 (size before relaxing)
 .comment       0x0000000000000050       0x51 ./Core/Src/CAN2_Config.o
 .comment       0x0000000000000050       0x51 ./Core/Src/main.o
 .comment       0x0000000000000050       0x51 ./Core/Src/stm32f2xx_hal_msp.o
 .comment       0x0000000000000050       0x51 ./Core/Src/stm32f2xx_it.o
 .comment       0x0000000000000050       0x51 ./Core/Src/system_stm32f2xx.o
 .comment       0x0000000000000050       0x51 ./Drivers/STM32F2xx_HAL_Driver/Src/stm32f2xx_hal.o
 .comment       0x0000000000000050       0x51 ./Drivers/STM32F2xx_HAL_Driver/Src/stm32f2xx_hal_can.o
 .comment       0x0000000000000050       0x51 ./Drivers/STM32F2xx_HAL_Driver/Src/stm32f2xx_hal_cortex.o
 .comment       0x0000000000000050       0x51 ./Drivers/STM32F2xx_HAL_Driver/Src/stm32f2xx_hal_gpio.o
 .comment       0x0000000000000050       0x51 ./Drivers/STM32F2xx_HAL_Driver/Src/stm32f2xx_hal_rcc.o
 .comment       0x0000000000000050       0x51 ./Drivers/STM32F2xx_HAL_Driver/Src/stm32f2xx_hal_tim.o
 .comment       0x0000000000000050       0x51 ./Drivers/STM32F2xx_HAL_Driver/Src/stm32f2xx_hal_tim_ex.o

.debug_frame    0x0000000000000000     0x2e6c
 .debug_frame   0x0000000000000000       0xbc ./Core/Src/CAN1_Config.o
 .debug_frame   0x00000000000000bc       0x98 ./Core/Src/CAN2_Config.o
 .debug_frame   0x0000000000000154       0xec ./Core/Src/main.o
 .debug_frame   0x0000000000000240       0xcc ./Core/Src/stm32f2xx_hal_msp.o
 .debug_frame   0x000000000000030c      0x158 ./Core/Src/stm32f2xx_it.o
 .debug_frame   0x0000000000000464       0x58 ./Core/Src/system_stm32f2xx.o
 .debug_frame   0x00000000000004bc      0x384 ./Drivers/STM32F2xx_HAL_Driver/Src/stm32f2xx_hal.o
 .debug_frame   0x0000000000000840      0x5a0 ./Drivers/STM32F2xx_HAL_Driver/Src/stm32f2xx_hal_can.o
 .debug_frame   0x0000000000000de0      0x498 ./Drivers/STM32F2xx_HAL_Driver/Src/stm32f2xx_hal_cortex.o
 .debug_frame   0x0000000000001278      0x14c ./Drivers/STM32F2xx_HAL_Driver/Src/stm32f2xx_hal_gpio.o
 .debug_frame   0x00000000000013c4      0x208 ./Drivers/STM32F2xx_HAL_Driver/Src/stm32f2xx_hal_rcc.o
 .debug_frame   0x00000000000015cc     0x11bc ./Drivers/STM32F2xx_HAL_Driver/Src/stm32f2xx_hal_tim.o
 .debug_frame   0x0000000000002788      0x638 ./Drivers/STM32F2xx_HAL_Driver/Src/stm32f2xx_hal_tim_ex.o
 .debug_frame   0x0000000000002dc0       0x2c c:/st/stm32cubeide_1.11.0/stm32cubeide/plugins/com.st.stm32cube.ide.mcu.externaltools.gnu-tools-for-stm32.10.3-2021.10.win32_1.0.100.202210260954/tools/bin/../lib/gcc/arm-none-eabi/10.3.1/../../../../arm-none-eabi/lib/thumb/v7-m/nofp\libc_nano.a(lib_a-init.o)
 .debug_frame   0x0000000000002dec       0x20 c:/st/stm32cubeide_1.11.0/stm32cubeide/plugins/com.st.stm32cube.ide.mcu.externaltools.gnu-tools-for-stm32.10.3-2021.10.win32_1.0.100.202210260954/tools/bin/../lib/gcc/arm-none-eabi/10.3.1/../../../../arm-none-eabi/lib/thumb/v7-m/nofp\libc_nano.a(lib_a-memset.o)
 .debug_frame   0x0000000000002e0c       0x2c c:/st/stm32cubeide_1.11.0/stm32cubeide/plugins/com.st.stm32cube.ide.mcu.externaltools.gnu-tools-for-stm32.10.3-2021.10.win32_1.0.100.202210260954/tools/bin/../lib/gcc/arm-none-eabi/10.3.1/thumb/v7-m/nofp\libgcc.a(_aeabi_uldivmod.o)
 .debug_frame   0x0000000000002e38       0x34 c:/st/stm32cubeide_1.11.0/stm32cubeide/plugins/com.st.stm32cube.ide.mcu.externaltools.gnu-tools-for-stm32.10.3-2021.10.win32_1.0.100.202210260954/tools/bin/../lib/gcc/arm-none-eabi/10.3.1/thumb/v7-m/nofp\libgcc.a(_udivmoddi4.o)
