../Core/Src/main.c:66:6:HAL_TIM_PeriodElapsedCallback	16	static
../Core/Src/main.c:79:5:main	384	static
../Core/Src/main.c:233:6:SystemClock_Config	120	static
../Core/Src/main.c:281:13:MX_ADC1_Init	8	static
../Core/Src/main.c:313:13:MX_CAN1_Init	8	static
../Core/Src/main.c:350:13:MX_CAN2_Init	8	static
../Core/Src/main.c:387:13:MX_TIM6_Init	16	static
../Core/Src/main.c:425:13:MX_TIM7_Init	16	static
../Core/Src/main.c:463:13:MX_USART1_UART_Init	8	static
../Core/Src/main.c:496:13:MX_USART2_UART_Init	8	static
../Core/Src/main.c:526:13:MX_DMA_Init	16	static
../Core/Src/main.c:547:13:MX_GPIO_Init	40	static
../Core/Src/main.c:607:6:Error_Handler	8	static
