../Drivers/CMSIS/Include/core_cm3.h:1762:34:__NVIC_SystemReset	4	static,ignoring_inline_asm
../Core/Src/main.c:66:6:HAL_GPIO_EXTI_Callback	16	static
../Core/Src/main.c:76:6:HAL_TIM_PeriodElapsedCallback	16	static
../Core/Src/main.c:103:5:main	296	static
../Core/Src/main.c:298:6:SystemClock_Config	120	static
../Core/Src/main.c:346:13:MX_ADC1_Init	24	static
../Core/Src/main.c:393:13:MX_CAN1_Init	8	static
../Core/Src/main.c:430:13:MX_CAN2_Init	8	static
../Core/Src/main.c:467:13:MX_TIM6_Init	16	static
../Core/Src/main.c:505:13:MX_TIM7_Init	16	static
../Core/Src/main.c:543:13:MX_USART1_UART_Init	8	static
../Core/Src/main.c:576:13:MX_USART2_UART_Init	8	static
../Core/Src/main.c:607:13:MX_DMA_Init	16	static
../Core/Src/main.c:625:13:MX_GPIO_Init	40	static
../Core/Src/main.c:675:6:Error_Handler	8	static
